Component: ARM Compiler 5.06 update 7 (build 960) Tool: armlink [4d3601]

==============================================================================

Section Cross References

    task_lte.o(i.CheckSimConditionCommand) refers to _printf_percent.o(.ARM.Collect$$_printf_percent$$00000000) for _printf_percent
    task_lte.o(i.CheckSimConditionCommand) refers to _printf_s.o(.ARM.Collect$$_printf_percent$$00000014) for _printf_s
    task_lte.o(i.CheckSimConditionCommand) refers to _printf_str.o(.text) for _printf_str
    task_lte.o(i.CheckSimConditionCommand) refers to taskprocessfirmware.o(i.deleteBuffer) for deleteBuffer
    task_lte.o(i.CheckSimConditionCommand) refers to noretval__2sprintf.o(.text) for __2sprintf
    task_lte.o(i.CheckSimConditionCommand) refers to strlen.o(.text) for strlen
    task_lte.o(i.CheckSimConditionCommand) refers to stm32f4xx_hal_uart.o(i.HAL_UART_Transmit) for HAL_UART_Transmit
    task_lte.o(i.CheckSimConditionCommand) refers to task_lte.o(i.SendCommandToSim) for SendCommandToSim
    task_lte.o(i.CheckSimConditionCommand) refers to uart.o(.bss) for huart3
    task_lte.o(i.ProcessFirmwareReceived) refers to rt_memcpy_w.o(.text) for __aeabi_memcpy4
    task_lte.o(i.ProcessFirmwareReceived) refers to strstr.o(.text) for strstr
    task_lte.o(i.ProcessFirmwareReceived) refers to taskprocessfirmware.o(i.deleteBuffer) for deleteBuffer
    task_lte.o(i.ProcessFirmwareReceived) refers to strcpy.o(.text) for strcpy
    task_lte.o(i.ProcessFirmwareReceived) refers to taskprocessfirmware.o(i.processTmpLine) for processTmpLine
    task_lte.o(i.ProcessFirmwareReceived) refers to strtok.o(.text) for strtok
    task_lte.o(i.ProcessFirmwareReceived) refers to h1_free.o(.text) for free
    task_lte.o(i.SIM_RequestFirmwareCommand) refers to _printf_percent.o(.ARM.Collect$$_printf_percent$$00000000) for _printf_percent
    task_lte.o(i.SIM_RequestFirmwareCommand) refers to _printf_d.o(.ARM.Collect$$_printf_percent$$00000009) for _printf_d
    task_lte.o(i.SIM_RequestFirmwareCommand) refers to _printf_s.o(.ARM.Collect$$_printf_percent$$00000014) for _printf_s
    task_lte.o(i.SIM_RequestFirmwareCommand) refers to _printf_dec.o(.text) for _printf_int_dec
    task_lte.o(i.SIM_RequestFirmwareCommand) refers to _printf_str.o(.text) for _printf_str
    task_lte.o(i.SIM_RequestFirmwareCommand) refers to taskprocessfirmware.o(i.deleteBuffer) for deleteBuffer
    task_lte.o(i.SIM_RequestFirmwareCommand) refers to noretval__2sprintf.o(.text) for __2sprintf
    task_lte.o(i.SIM_RequestFirmwareCommand) refers to strlen.o(.text) for strlen
    task_lte.o(i.SIM_RequestFirmwareCommand) refers to stm32f4xx_hal_uart.o(i.HAL_UART_Transmit) for HAL_UART_Transmit
    task_lte.o(i.SIM_RequestFirmwareCommand) refers to uart.o(.bss) for huart3
    task_lte.o(i.SIM_Reset) refers to task_lte.o(i.SendCommandToSim) for SendCommandToSim
    task_lte.o(i.SIM_SendCommandAfterTimeout) refers to task_lte.o(i.SendCommandToSim) for SendCommandToSim
    task_lte.o(i.SIM_SendCommandAfterTimeout) refers to stm32f4xx_hal.o(i.HAL_Delay) for HAL_Delay
    task_lte.o(i.SendCommandToSim) refers to strlen.o(.text) for strlen
    task_lte.o(i.SendCommandToSim) refers to stm32f4xx_hal_uart.o(i.HAL_UART_Transmit) for HAL_UART_Transmit
    task_lte.o(i.SendCommandToSim) refers to uart.o(.bss) for huart3
    task_lte.o(i.display) refers to strlen.o(.text) for strlen
    task_lte.o(i.display) refers to stm32f4xx_hal_uart.o(i.HAL_UART_Transmit) for HAL_UART_Transmit
    task_lte.o(i.display) refers to uart.o(.bss) for huart6
    task_lte.o(i.processRespond) refers to strstr.o(.text) for strstr
    task_lte.o(i.sendSMSNotification) refers to _printf_percent.o(.ARM.Collect$$_printf_percent$$00000000) for _printf_percent
    task_lte.o(i.sendSMSNotification) refers to _printf_s.o(.ARM.Collect$$_printf_percent$$00000014) for _printf_s
    task_lte.o(i.sendSMSNotification) refers to _printf_str.o(.text) for _printf_str
    task_lte.o(i.sendSMSNotification) refers to task_lte.o(i.SendCommandToSim) for SendCommandToSim
    task_lte.o(i.sendSMSNotification) refers to taskprocessfirmware.o(i.deleteBuffer) for deleteBuffer
    task_lte.o(i.sendSMSNotification) refers to noretval__2sprintf.o(.text) for __2sprintf
    task_lte.o(i.sendSMSNotification) refers to strlen.o(.text) for strlen
    task_lte.o(i.sendSMSNotification) refers to stm32f4xx_hal_uart.o(i.HAL_UART_Transmit) for HAL_UART_Transmit
    task_lte.o(i.sendSMSNotification) refers to uart.o(.bss) for huart3
    task_lte.o(i.sendSuccessNotification) refers to task_lte.o(i.sendSMSNotification) for sendSMSNotification
    uart.o(i.MX_USART1_UART_Init) refers to stm32f4xx_hal_uart.o(i.HAL_UART_Init) for HAL_UART_Init
    uart.o(i.MX_USART1_UART_Init) refers to main.o(i.Error_Handler) for Error_Handler
    uart.o(i.MX_USART1_UART_Init) refers to uart.o(.bss) for .bss
    uart.o(i.MX_USART3_UART_Init) refers to stm32f4xx_hal_uart.o(i.HAL_UART_Init) for HAL_UART_Init
[...]
    __rt_lib_init_lc_collate_1               0x0806021f   Thumb Code     0  libinit2.o(.ARM.Collect$$libinit$$00000011)
    __rt_lib_init_lc_ctype_2                 0x0806021f   Thumb Code     0  libinit2.o(.ARM.Collect$$libinit$$00000012)
    __rt_lib_init_lc_ctype_1                 0x0806022b   Thumb Code     0  libinit2.o(.ARM.Collect$$libinit$$00000013)
    __rt_lib_init_lc_monetary_1              0x0806022b   Thumb Code     0  libinit2.o(.ARM.Collect$$libinit$$00000015)
    __rt_lib_init_lc_numeric_2               0x0806022b   Thumb Code     0  libinit2.o(.ARM.Collect$$libinit$$00000016)
    __rt_lib_init_alloca_1                   0x08060235   Thumb Code     0  libinit2.o(.ARM.Collect$$libinit$$0000002E)
    __rt_lib_init_argv_1                     0x08060235   Thumb Code     0  libinit2.o(.ARM.Collect$$libinit$$0000002C)
    __rt_lib_init_atexit_1                   0x08060235   Thumb Code     0  libinit2.o(.ARM.Collect$$libinit$$0000001B)
    __rt_lib_init_clock_1                    0x08060235   Thumb Code     0  libinit2.o(.ARM.Collect$$libinit$$00000021)
    __rt_lib_init_cpp_1                      0x08060235   Thumb Code     0  libinit2.o(.ARM.Collect$$libinit$$00000032)
    __rt_lib_init_exceptions_1               0x08060235   Thumb Code     0  libinit2.o(.ARM.Collect$$libinit$$00000030)
    __rt_lib_init_fp_trap_1                  0x08060235   Thumb Code     0  libinit2.o(.ARM.Collect$$libinit$$0000001F)
    __rt_lib_init_getenv_1                   0x08060235   Thumb Code     0  libinit2.o(.ARM.Collect$$libinit$$00000023)
    __rt_lib_init_lc_numeric_1               0x08060235   Thumb Code     0  libinit2.o(.ARM.Collect$$libinit$$00000017)
    __rt_lib_init_lc_time_1                  0x08060235   Thumb Code     0  libinit2.o(.ARM.Collect$$libinit$$00000019)
    __rt_lib_init_return                     0x08060235   Thumb Code     0  libinit2.o(.ARM.Collect$$libinit$$00000033)
    __rt_lib_init_signal_1                   0x08060235   Thumb Code     0  libinit2.o(.ARM.Collect$$libinit$$0000001D)
    __rt_lib_init_stdio_1                    0x08060235   Thumb Code     0  libinit2.o(.ARM.Collect$$libinit$$00000025)
    __rt_lib_shutdown                        0x08060237   Thumb Code     0  libshutdown.o(.ARM.Collect$$libshutdown$$00000000)
    __rt_lib_shutdown_cpp_1                  0x08060239   Thumb Code     0  libshutdown2.o(.ARM.Collect$$libshutdown$$00000004)
    __rt_lib_shutdown_fini_1                 0x08060239   Thumb Code     0  libshutdown2.o(.ARM.Collect$$libshutdown$$00000002)
    __rt_lib_shutdown_fp_trap_1              0x08060239   Thumb Code     0  libshutdown2.o(.ARM.Collect$$libshutdown$$00000009)
    __rt_lib_shutdown_heap_1                 0x08060239   Thumb Code     0  libshutdown2.o(.ARM.Collect$$libshutdown$$00000011)
    __rt_lib_shutdown_return                 0x08060239   Thumb Code     0  libshutdown2.o(.ARM.Collect$$libshutdown$$00000012)
    __rt_lib_shutdown_signal_1               0x08060239   Thumb Code     0  libshutdown2.o(.ARM.Collect$$libshutdown$$0000000C)
    __rt_lib_shutdown_stdio_1                0x08060239   Thumb Code     0  libshutdown2.o(.ARM.Collect$$libshutdown$$00000006)
    __rt_lib_shutdown_user_alloc_1           0x08060239   Thumb Code     0  libshutdown2.o(.ARM.Collect$$libshutdown$$0000000E)
    __rt_entry                               0x0806023b   Thumb Code     0  __rtentry.o(.ARM.Collect$$rtentry$$00000000)
    __rt_entry_presh_1                       0x0806023b   Thumb Code     0  __rtentry2.o(.ARM.Collect$$rtentry$$00000002)
    __rt_entry_sh                            0x0806023b   Thumb Code     0  __rtentry4.o(.ARM.Collect$$rtentry$$00000004)
    __rt_entry_li                            0x08060241   Thumb Code     0  __rtentry2.o(.ARM.Collect$$rtentry$$0000000A)
    __rt_entry_postsh_1                      0x08060241   Thumb Code     0  __rtentry2.o(.ARM.Collect$$rtentry$$00000009)
    __rt_entry_main                          0x08060245   Thumb Code     0  __rtentry2.o(.ARM.Collect$$rtentry$$0000000D)
    __rt_entry_postli_1                      0x08060245   Thumb Code     0  __rtentry2.o(.ARM.Collect$$rtentry$$0000000C)
    __rt_exit                                0x0806024d   Thumb Code     0  rtexit.o(.ARM.Collect$$rtexit$$00000000)
    __rt_exit_ls                             0x0806024f   Thumb Code     0  rtexit2.o(.ARM.Collect$$rtexit$$00000003)
    __rt_exit_prels_1                        0x0806024f   Thumb Code     0  rtexit2.o(.ARM.Collect$$rtexit$$00000002)
    __rt_exit_exit                           0x08060253   Thumb Code     0  rtexit2.o(.ARM.Collect$$rtexit$$00000004)
    SVC_Handler                              0x08060259   Thumb Code    28  port.o(.emb_text)
    __asm___6_port_c_39a90d8d__prvStartFirstTask 0x08060279   Thumb Code    36  port.o(.emb_text)
    __asm___6_port_c_39a90d8d__prvEnableVFP  0x080602a1   Thumb Code    16  port.o(.emb_text)
    PendSV_Handler                           0x080602b5   Thumb Code    88  port.o(.emb_text)
    vPortGetIPSR                             0x08060311   Thumb Code     6  port.o(.emb_text)
    Reset_Handler                            0x08060319   Thumb Code     8  startup_stm32f407xx.o(.text)
    CAN1_RX0_IRQHandler                      0x08060333   Thumb Code     0  startup_stm32f407xx.o(.text)
    CAN1_RX1_IRQHandler                      0x08060333   Thumb Code     0  startup_stm32f407xx.o(.text)
    CAN1_SCE_IRQHandler                      0x08060333   Thumb Code     0  startup_stm32f407xx.o(.text)
    CAN1_TX_IRQHandler                       0x08060333   Thumb Code     0  startup_stm32f407xx.o(.text)
    CAN2_RX0_IRQHandler                      0x08060333   Thumb Code     0  startup_stm32f407xx.o(.text)
    CAN2_RX1_IRQHandler                      0x08060333   Thumb Code     0  startup_stm32f407xx.o(.text)
    CAN2_SCE_IRQHandler                      0x08060333   Thumb Code     0  startup_stm32f407xx.o(.text)
    CAN2_TX_IRQHandler                       0x08060333   Thumb Code     0  startup_stm32f407xx.o(.text)
    DCMI_IRQHandler                          0x08060333   Thumb Code     0  startup_stm32f407xx.o(.text)
    DMA1_Stream0_IRQHandler                  0x08060333   Thumb Code     0  startup_stm32f407xx.o(.text)
    DMA1_Stream1_IRQHandler                  0x08060333   Thumb Code     0  startup_stm32f407xx.o(.text)
    DMA1_Stream2_IRQHandler                  0x08060333   Thumb Code     0  startup_stm32f407xx.o(.text)
    DMA1_Stream3_IRQHandler                  0x08060333   Thumb Code     0  startup_stm32f407xx.o(.text)
    DMA1_Stream4_IRQHandler                  0x08060333   Thumb Code     0  startup_stm32f407xx.o(.text)
    DMA1_Stream5_IRQHandler                  0x08060333   Thumb Code     0  startup_stm32f407xx.o(.text)
    DMA1_Stream6_IRQHandler                  0x08060333   Thumb Code     0  startup_stm32f407xx.o(.text)
    DMA1_Stream7_IRQHandler                  0x08060333   Thumb Code     0  startup_stm32f407xx.o(.text)
    DMA2_Stream0_IRQHandler                  0x08060333   Thumb Code     0  startup_stm32f407xx.o(.text)
    DMA2_Stream1_IRQHandler                  0x08060333   Thumb Code     0  startup_stm32f407xx.o(.text)
    DMA2_Stream2_IRQHandler                  0x08060333   Thumb Code     0  startup_stm32f407xx.o(.text)
    DMA2_Stream3_IRQHandler                  0x08060333   Thumb Code     0  startup_stm32f407xx.o(.text)
    DMA2_Stream4_IRQHandler                  0x08060333   Thumb Code     0  startup_stm32f407xx.o(.text)
    DMA2_Stream5_IRQHandler                  0x08060333   Thumb Code     0  startup_stm32f407xx.o(.text)
    DMA2_Stream6_IRQHandler                  0x08060333   Thumb Code     0  startup_stm32f407xx.o(.text)
    DMA2_Stream7_IRQHandler                  0x08060333   Thumb Code     0  startup_stm32f407xx.o(.text)
    ETH_IRQHandler                           0x08060333   Thumb Code     0  startup_stm32f407xx.o(.text)
    ETH_WKUP_IRQHandler                      0x08060333   Thumb Code     0  startup_stm32f407xx.o(.text)
    EXTI0_IRQHandler                         0x08060333   Thumb Code     0  startup_stm32f407xx.o(.text)
    EXTI15_10_IRQHandler                     0x08060333   Thumb Code     0  startup_stm32f407xx.o(.text)
    EXTI1_IRQHandler                         0x08060333   Thumb Code     0  startup_stm32f407xx.o(.text)
    EXTI2_IRQHandler                         0x08060333   Thumb Code     0  startup_stm32f407xx.o(.text)
    EXTI3_IRQHandler                         0x08060333   Thumb Code     0  startup_stm32f407xx.o(.text)
    EXTI4_IRQHandler                         0x08060333   Thumb Code     0  startup_stm32f407xx.o(.text)
    EXTI9_5_IRQHandler                       0x08060333   Thumb Code     0  startup_stm32f407xx.o(.text)
    FLASH_IRQHandler                         0x08060333   Thumb Code     0  startup_stm32f407xx.o(.text)
    FMC_IRQHandler                           0x08060333   Thumb Code     0  startup_stm32f407xx.o(.text)
    FPU_IRQHandler                           0x08060333   Thumb Code     0  startup_stm32f407xx.o(.text)
    HASH_RNG_IRQHandler                      0x08060333   Thumb Code     0  startup_stm32f407xx.o(.text)
    I2C1_ER_IRQHandler                       0x08060333   Thumb Code     0  startup_stm32f407xx.o(.text)
    I2C1_EV_IRQHandler                       0x08060333   Thumb Code     0  startup_stm32f407xx.o(.text)
    I2C2_ER_IRQHandler                       0x08060333   Thumb Code     0  startup_stm32f407xx.o(.text)
    I2C2_EV_IRQHandler                       0x08060333   Thumb Code     0  startup_stm32f407xx.o(.text)
    I2C3_ER_IRQHandler                       0x08060333   Thumb Code     0  startup_stm32f407xx.o(.text)
    I2C3_EV_IRQHandler                       0x08060333   Thumb Code     0  startup_stm32f407xx.o(.text)
    OTG_FS_IRQHandler                        0x08060333   Thumb Code     0  startup_stm32f407xx.o(.text)
    OTG_FS_WKUP_IRQHandler                   0x08060333   Thumb Code     0  startup_stm32f407xx.o(.text)
    OTG_HS_EP1_IN_IRQHandler                 0x08060333   Thumb Code     0  startup_stm32f407xx.o(.text)
    OTG_HS_EP1_OUT_IRQHandler                0x08060333   Thumb Code     0  startup_stm32f407xx.o(.text)
    OTG_HS_IRQHandler                        0x08060333   Thumb Code     0  startup_stm32f407xx.o(.text)
    OTG_HS_WKUP_IRQHandler                   0x08060333   Thumb Code     0  startup_stm32f407xx.o(.text)
    PVD_IRQHandler                           0x08060333   Thumb Code     0  startup_stm32f407xx.o(.text)
    RCC_IRQHandler                           0x08060333   Thumb Code     0  startup_stm32f407xx.o(.text)
    RTC_Alarm_IRQHandler                     0x08060333   Thumb Code     0  startup_stm32f407xx.o(.text)
    RTC_WKUP_IRQHandler                      0x08060333   Thumb Code     0  startup_stm32f407xx.o(.text)
    SDIO_IRQHandler                          0x08060333   Thumb Code     0  startup_stm32f407xx.o(.text)
    SPI1_IRQHandler                          0x08060333   Thumb Code     0  startup_stm32f407xx.o(.text)
    SPI2_IRQHandler                          0x08060333   Thumb Code     0  startup_stm32f407xx.o(.text)
    SPI3_IRQHandler                          0x08060333   Thumb Code     0  startup_stm32f407xx.o(.text)
    TAMP_STAMP_IRQHandler                    0x08060333   Thumb Code     0  startup_stm32f407xx.o(.text)
    TIM1_BRK_TIM9_IRQHandler                 0x08060333   Thumb Code     0  startup_stm32f407xx.o(.text)
    TIM1_CC_IRQHandler                       0x08060333   Thumb Code     0  startup_stm32f407xx.o(.text)
    TIM1_TRG_COM_TIM11_IRQHandler            0x08060333   Thumb Code     0  startup_stm32f407xx.o(.text)
    TIM1_UP_TIM10_IRQHandler                 0x08060333   Thumb Code     0  startup_stm32f407xx.o(.text)
    TIM3_IRQHandler                          0x08060333   Thumb Code     0  startup_stm32f407xx.o(.text)
    TIM5_IRQHandler                          0x08060333   Thumb Code     0  startup_stm32f407xx.o(.text)
    TIM6_DAC_IRQHandler                      0x08060333   Thumb Code     0  startup_stm32f407xx.o(.text)
    TIM7_IRQHandler                          0x08060333   Thumb Code     0  startup_stm32f407xx.o(.text)
    TIM8_BRK_TIM12_IRQHandler                0x08060333   Thumb Code     0  startup_stm32f407xx.o(.text)
    TIM8_CC_IRQHandler                       0x08060333   Thumb Code     0  startup_stm32f407xx.o(.text)
    TIM8_TRG_COM_TIM14_IRQHandler            0x08060333   Thumb Code     0  startup_stm32f407xx.o(.text)
    TIM8_UP_TIM13_IRQHandler                 0x08060333   Thumb Code     0  startup_stm32f407xx.o(.text)
    UART4_IRQHandler                         0x08060333   Thumb Code     0  startup_stm32f407xx.o(.text)
    UART5_IRQHandler                         0x08060333   Thumb Code     0  startup_stm32f407xx.o(.text)
    USART2_IRQHandler                        0x08060333   Thumb Code     0  startup_stm32f407xx.o(.text)
    WWDG_IRQHandler                          0x08060333   Thumb Code     0  startup_stm32f407xx.o(.text)
    __user_initial_stackheap                 0x08060335   Thumb Code     0  startup_stm32f407xx.o(.text)
    free                                     0x08060359   Thumb Code    78  h1_free.o(.text)
    __aeabi_uldivmod                         0x080603a7   Thumb Code     0  lludivv7m.o(.text)
    _ll_udiv                                 0x080603a7   Thumb Code   238  lludivv7m.o(.text)
    __2sprintf                               0x08060495   Thumb Code    34  noretval__2sprintf.o(.text)
    __printf                                 0x080604bd   Thumb Code   104  __printf.o(.text)
    _printf_str                              0x08060525   Thumb Code    82  _printf_str.o(.text)
    _printf_int_dec                          0x08060579   Thumb Code   104  _printf_dec.o(.text)
    strtol                                   0x080605f1   Thumb Code   112  strtol.o(.text)
    strtok                                   0x08060661   Thumb Code     6  strtok.o(.text)
    strstr                                   0x0806066d   Thumb Code    36  strstr.o(.text)
    strcpy                                   0x08060691   Thumb Code    72  strcpy.o(.text)
    strlen                                   0x080606d9   Thumb Code    62  strlen.o(.text)
    __aeabi_memcpy                           0x08060717   Thumb Code     0  rt_memcpy_v6.o(.text)
    __rt_memcpy                              0x08060717   Thumb Code   138  rt_memcpy_v6.o(.text)
    _memcpy_lastbytes                        0x0806077d   Thumb Code     0  rt_memcpy_v6.o(.text)
    __aeabi_memcpy4                          0x080607a1   Thumb Code     0  rt_memcpy_w.o(.text)
    __aeabi_memcpy8                          0x080607a1   Thumb Code     0  rt_memcpy_w.o(.text)
    __rt_memcpy_w                            0x080607a1   Thumb Code   100  rt_memcpy_w.o(.text)
    _memcpy_lastbytes_aligned                0x080607e9   Thumb Code     0  rt_memcpy_w.o(.text)
    __aeabi_memclr4                          0x08060805   Thumb Code     0  rt_memclr_w.o(.text)
    __aeabi_memclr8                          0x08060805   Thumb Code     0  rt_memclr_w.o(.text)
    __rt_memclr_w                            0x08060805   Thumb Code    78  rt_memclr_w.o(.text)
    _memset_w                                0x08060809   Thumb Code     0  rt_memclr_w.o(.text)
    __use_two_region_memory                  0x08060853   Thumb Code     2  heapauxi.o(.text)
    __rt_heap_escrow                         0x08060855   Thumb Code     2  heapauxi.o(.text)
    __rt_heap_expand                         0x08060857   Thumb Code     2  heapauxi.o(.text)
    __rt_ctype_table                         0x08060859   Thumb Code    16  rt_ctype_table.o(.text)
    __rt_heap_descriptor                     0x08060869   Thumb Code     8  rt_heap_descriptor_intlibspace.o(.text)
    __aeabi_errno_addr                       0x08060871   Thumb Code     8  rt_errno_addr_intlibspace.o(.text)
    __errno$intlibspace                      0x08060871   Thumb Code     0  rt_errno_addr_intlibspace.o(.text)
    __rt_errno_addr$intlibspace              0x08060871   Thumb Code     0  rt_errno_addr_intlibspace.o(.text)
    _printf_int_common                       0x08060879   Thumb Code   178  _printf_intcommon.o(.text)
    __lib_sel_fp_printf                      0x0806092b   Thumb Code     2  _printf_fp_dec.o(.text)
    _printf_fp_dec_real                      0x08060add   Thumb Code   620  _printf_fp_dec.o(.text)
    _printf_char_common                      0x08060d53   Thumb Code    32  _printf_char_common.o(.text)
    _sputc                                   0x08060d79   Thumb Code    10  _sputc.o(.text)
    _printf_cs_common                        0x08060d83   Thumb Code    20  _printf_char.o(.text)
    _printf_char                             0x08060d97   Thumb Code    16  _printf_char.o(.text)
    _printf_string                           0x08060da7   Thumb Code     8  _printf_char.o(.text)
    _strtoul                                 0x08060daf   Thumb Code   158  _strtoul.o(.text)
    __strtok_internal                        0x08060e4d   Thumb Code    64  strtok_int.o(.text)
    __user_libspace                          0x08060e91   Thumb Code     8  libspace.o(.text)
    __user_perproc_libspace                  0x08060e91   Thumb Code     0  libspace.o(.text)
    __user_perthread_libspace                0x08060e91   Thumb Code     0  libspace.o(.text)
    __rt_locale                              0x08060e99   Thumb Code     8  rt_locale_intlibspace.o(.text)
    _ll_udiv10                               0x08060ea1   Thumb Code   138  lludiv10.o(.text)
    _printf_fp_infnan                        0x08060f2d   Thumb Code   112  _printf_fp_infnan.o(.text)
    _chval                                   0x08060fad   Thumb Code    28  _chval.o(.text)
    _btod_etento                             0x08060fc9   Thumb Code   224  bigflt0.o(.text)
    strcspn                                  0x080610ad   Thumb Code    32  strcspn.o(.text)
    strspn                                   0x080610cd   Thumb Code    28  strspn.o(.text)
    __user_setup_stackheap                   0x080610e9   Thumb Code    74  sys_stackheap_outer.o(.text)
    exit                                     0x08061133   Thumb Code    18  exit.o(.text)
    strcmp                                   0x08061145   Thumb Code   128  strcmpv7m.o(.text)
    _sys_exit                                0x080611c5   Thumb Code     8  sys_exit.o(.text)
    __I$use$semihosting                      0x080611d1   Thumb Code     0  use_no_semi.o(.text)
    __use_no_semihosting_swi                 0x080611d1   Thumb Code     2  use_no_semi.o(.text)
    __semihosting_library_function           0x080611d3   Thumb Code     0  indicate_semi.o(.text)
    _btod_d2e                                0x080611d3   Thumb Code    62  btod.o(CL$$btod_d2e)
    _d2e_denorm_low                          0x08061211   Thumb Code    70  btod.o(CL$$btod_d2e_denorm_low)
    _d2e_norm_op1                            0x08061257   Thumb Code    96  btod.o(CL$$btod_d2e_norm_op1)
    __btod_div_common                        0x080612b7   Thumb Code   696  btod.o(CL$$btod_div_common)
    _e2e                                     0x080615ef   Thumb Code   220  btod.o(CL$$btod_e2e)
    _btod_ediv                               0x080616cb   Thumb Code    42  btod.o(CL$$btod_ediv)
    _btod_emul                               0x080616f5   Thumb Code    42  btod.o(CL$$btod_emul)
    __btod_mult_common                       0x0806171f   Thumb Code   580  btod.o(CL$$btod_mult_common)
    ADC_IRQHandler                           0x08061965   Thumb Code     6  stm32f4xx_it.o(i.ADC_IRQHandler)
    BusFault_Handler                         0x08061a99   Thumb Code     2  stm32f4xx_it.o(i.BusFault_Handler)
    CheckByteCount                           0x08061a9b   Thumb Code    62  taskprocessfirmware.o(i.CheckByteCount)
    CheckHex                                 0x08061ad9   Thumb Code    40  taskprocessfirmware.o(i.CheckHex)
    CheckLength                              0x08061b01   Thumb Code    14  taskprocessfirmware.o(i.CheckLength)
    CheckLineError                           0x08061b0f   Thumb Code    76  taskprocessfirmware.o(i.CheckLineError)
    CheckSimConditionCommand                 0x08061b5d   Thumb Code   158  task_lte.o(i.CheckSimConditionCommand)
    CheckStartBit                            0x08061d25   Thumb Code    14  taskprocessfirmware.o(i.CheckStartBit)
    CheckSum                                 0x08061d33   Thumb Code    78  taskprocessfirmware.o(i.CheckSum)
    ClearBuffer                              0x08061d81   Thumb Code    20  taskprocessfirmware.o(i.ClearBuffer)
    ConvertToDec                             0x08061d99   Thumb Code    30  taskprocessfirmware.o(i.ConvertToDec)
    Convert_ADC_To_Voltage                   0x08061db9   Thumb Code    32  readadcsensor.o(i.Convert_ADC_To_Voltage)
    Convert_Vol_To_Turbidity                 0x08061de1   Thumb Code   100  readadcsensor.o(i.Convert_Vol_To_Turbidity)
    DebugMon_Handler                         0x08061e5d   Thumb Code     2  stm32f4xx_it.o(i.DebugMon_Handler)
    Error_Handler                            0x08061e5f   Thumb Code     4  main.o(i.Error_Handler)
    FLASH_Erase_Sector                       0x08061e65   Thumb Code    74  stm32f4xx_hal_flash_ex.o(i.FLASH_Erase_Sector)
    FLASH_FlushCaches                        0x08061eb5   Thumb Code    80  stm32f4xx_hal_flash_ex.o(i.FLASH_FlushCaches)
    FLASH_WaitForLastOperation               0x0806202d   Thumb Code    72  stm32f4xx_hal_flash.o(i.FLASH_WaitForLastOperation)
    HAL_ADCEx_InjectedConvCpltCallback       0x0806207d   Thumb Code     2  stm32f4xx_hal_adc_ex.o(i.HAL_ADCEx_InjectedConvCpltCallback)
    HAL_ADC_ConfigChannel                    0x08062081   Thumb Code   316  stm32f4xx_hal_adc.o(i.HAL_ADC_ConfigChannel)
    HAL_ADC_ConvCpltCallback                 0x080621cd   Thumb Code     2  stm32f4xx_hal_adc.o(i.HAL_ADC_ConvCpltCallback)
    HAL_ADC_ErrorCallback                    0x080621cf   Thumb Code     2  stm32f4xx_hal_adc.o(i.HAL_ADC_ErrorCallback)
    HAL_ADC_GetValue                         0x080621d1   Thumb Code     6  stm32f4xx_hal_adc.o(i.HAL_ADC_GetValue)
    HAL_ADC_IRQHandler                       0x080621d7   Thumb Code   302  stm32f4xx_hal_adc.o(i.HAL_ADC_IRQHandler)
    HAL_ADC_Init                             0x08062305   Thumb Code    84  stm32f4xx_hal_adc.o(i.HAL_ADC_Init)
    HAL_ADC_LevelOutOfWindowCallback         0x08062359   Thumb Code     2  stm32f4xx_hal_adc.o(i.HAL_ADC_LevelOutOfWindowCallback)
    HAL_ADC_MspInit                          0x0806235d   Thumb Code   100  stm32f4xx_hal_msp.o(i.HAL_ADC_MspInit)
    HAL_ADC_PollForConversion                0x080623cd   Thumb Code   170  stm32f4xx_hal_adc.o(i.HAL_ADC_PollForConversion)
    HAL_ADC_Start                            0x08062479   Thumb Code   228  stm32f4xx_hal_adc.o(i.HAL_ADC_Start)
    HAL_ADC_Stop                             0x08062575   Thumb Code    60  stm32f4xx_hal_adc.o(i.HAL_ADC_Stop)
    HAL_DMA_Abort                            0x080625b1   Thumb Code   146  stm32f4xx_hal_dma.o(i.HAL_DMA_Abort)
    HAL_DMA_Abort_IT                         0x08062643   Thumb Code    36  stm32f4xx_hal_dma.o(i.HAL_DMA_Abort_IT)
    HAL_FLASHEx_Erase                        0x08062669   Thumb Code   144  stm32f4xx_hal_flash_ex.o(i.HAL_FLASHEx_Erase)
    HAL_FLASH_Lock                           0x08062701   Thumb Code    14  stm32f4xx_hal_flash.o(i.HAL_FLASH_Lock)
    HAL_FLASH_Program                        0x08062715   Thumb Code   116  stm32f4xx_hal_flash.o(i.HAL_FLASH_Program)
    HAL_FLASH_Unlock                         0x08062791   Thumb Code    32  stm32f4xx_hal_flash.o(i.HAL_FLASH_Unlock)
    HAL_GPIO_Init                            0x080627bd   Thumb Code   450  stm32f4xx_hal_gpio.o(i.HAL_GPIO_Init)
    HAL_GetTick                              0x080629ad   Thumb Code     6  stm32f4xx_hal.o(i.HAL_GetTick)
    HAL_IncTick                              0x080629b9   Thumb Code    12  stm32f4xx_hal.o(i.HAL_IncTick)
    HAL_Init                                 0x080629c9   Thumb Code    48  stm32f4xx_hal.o(i.HAL_Init)
    HAL_InitTick                             0x080629fd   Thumb Code   132  stm32f4xx_hal_timebase_tim.o(i.HAL_InitTick)
    HAL_MspInit                              0x08062a95   Thumb Code    52  stm32f4xx_hal_msp.o(i.HAL_MspInit)
    HAL_NVIC_EnableIRQ                       0x08062acd   Thumb Code    26  stm32f4xx_hal_cortex.o(i.HAL_NVIC_EnableIRQ)
    HAL_NVIC_SetPriority                     0x08062ae9   Thumb Code    60  stm32f4xx_hal_cortex.o(i.HAL_NVIC_SetPriority)
    HAL_NVIC_SetPriorityGrouping             0x08062b29   Thumb Code    26  stm32f4xx_hal_cortex.o(i.HAL_NVIC_SetPriorityGrouping)
    HAL_RCC_ClockConfig                      0x08062b4d   Thumb Code   288  stm32f4xx_hal_rcc.o(i.HAL_RCC_ClockConfig)
    HAL_RCC_GetClockConfig                   0x08062c81   Thumb Code    54  stm32f4xx_hal_rcc.o(i.HAL_RCC_GetClockConfig)
    HAL_RCC_GetPCLK1Freq                     0x08062cc1   Thumb Code    20  stm32f4xx_hal_rcc.o(i.HAL_RCC_GetPCLK1Freq)
    HAL_RCC_GetPCLK2Freq                     0x08062ce1   Thumb Code    20  stm32f4xx_hal_rcc.o(i.HAL_RCC_GetPCLK2Freq)
    HAL_RCC_GetSysClockFreq                  0x08062d01   Thumb Code    88  stm32f4xx_hal_rcc.o(i.HAL_RCC_GetSysClockFreq)
    HAL_RCC_OscConfig                        0x08062d65   Thumb Code   856  stm32f4xx_hal_rcc.o(i.HAL_RCC_OscConfig)
    HAL_TIMEx_BreakCallback                  0x080630d1   Thumb Code     2  stm32f4xx_hal_tim_ex.o(i.HAL_TIMEx_BreakCallback)
    HAL_TIMEx_CommutCallback                 0x080630d3   Thumb Code     2  stm32f4xx_hal_tim_ex.o(i.HAL_TIMEx_CommutCallback)
    HAL_TIMEx_MasterConfigSynchronization    0x080630d5   Thumb Code   116  stm32f4xx_hal_tim_ex.o(i.HAL_TIMEx_MasterConfigSynchronization)
    HAL_TIM_Base_Init                        0x08063165   Thumb Code    90  stm32f4xx_hal_tim.o(i.HAL_TIM_Base_Init)
    HAL_TIM_Base_MspInit                     0x080631c1   Thumb Code    50  stm32f4xx_hal_msp.o(i.HAL_TIM_Base_MspInit)
    HAL_TIM_Base_Start_IT                    0x080631f9   Thumb Code   100  stm32f4xx_hal_tim.o(i.HAL_TIM_Base_Start_IT)
    HAL_TIM_Base_Stop                        0x08063279   Thumb Code    38  stm32f4xx_hal_tim.o(i.HAL_TIM_Base_Stop)
    HAL_TIM_ConfigClockSource                0x0806329f   Thumb Code   220  stm32f4xx_hal_tim.o(i.HAL_TIM_ConfigClockSource)
    HAL_TIM_IC_CaptureCallback               0x0806337b   Thumb Code     2  stm32f4xx_hal_tim.o(i.HAL_TIM_IC_CaptureCallback)
    HAL_TIM_IRQHandler                       0x0806337d   Thumb Code   358  stm32f4xx_hal_tim.o(i.HAL_TIM_IRQHandler)
    HAL_TIM_OC_DelayElapsedCallback          0x080634e3   Thumb Code     2  stm32f4xx_hal_tim.o(i.HAL_TIM_OC_DelayElapsedCallback)
    HAL_TIM_PWM_PulseFinishedCallback        0x080634e5   Thumb Code     2  stm32f4xx_hal_tim.o(i.HAL_TIM_PWM_PulseFinishedCallback)
    HAL_TIM_PeriodElapsedCallback            0x080634e9   Thumb Code    48  main.o(i.HAL_TIM_PeriodElapsedCallback)
    HAL_TIM_TriggerCallback                  0x0806352d   Thumb Code     2  stm32f4xx_hal_tim.o(i.HAL_TIM_TriggerCallback)
    HAL_UARTEx_RxEventCallback               0x0806352f   Thumb Code     2  stm32f4xx_hal_uart.o(i.HAL_UARTEx_RxEventCallback)
    HAL_UART_ErrorCallback                   0x08063531   Thumb Code     2  stm32f4xx_hal_uart.o(i.HAL_UART_ErrorCallback)
    HAL_UART_IRQHandler                      0x08063535   Thumb Code   610  stm32f4xx_hal_uart.o(i.HAL_UART_IRQHandler)
    HAL_UART_Init                            0x0806379d   Thumb Code    98  stm32f4xx_hal_uart.o(i.HAL_UART_Init)
    HAL_UART_MspInit                         0x08063801   Thumb Code   266  stm32f4xx_hal_msp.o(i.HAL_UART_MspInit)
    HAL_UART_Receive_IT                      0x08063925   Thumb Code    42  stm32f4xx_hal_uart.o(i.HAL_UART_Receive_IT)
    HAL_UART_RxCpltCallback                  0x08063951   Thumb Code   148  main.o(i.HAL_UART_RxCpltCallback)
    HAL_UART_Transmit                        0x08063a15   Thumb Code   178  stm32f4xx_hal_uart.o(i.HAL_UART_Transmit)
    HAL_UART_TxCpltCallback                  0x08063ac7   Thumb Code     2  main.o(i.HAL_UART_TxCpltCallback)
    HardFault_Handler                        0x08063ac9   Thumb Code    32  stm32f4xx_it.o(i.HardFault_Handler)
    MX_USART1_UART_Init                      0x08063c19   Thumb Code    48  uart.o(i.MX_USART1_UART_Init)
    MX_USART3_UART_Init                      0x08063c51   Thumb Code    48  uart.o(i.MX_USART3_UART_Init)
    MX_USART6_UART_Init                      0x08063c89   Thumb Code    48  uart.o(i.MX_USART6_UART_Init)
    MemManage_Handler                        0x08063cc1   Thumb Code     2  stm32f4xx_it.o(i.MemManage_Handler)
    NMI_Handler                              0x08063cc3   Thumb Code     2  stm32f4xx_it.o(i.NMI_Handler)
    ProcessFirmwareReceived                  0x08063cc5   Thumb Code   108  task_lte.o(i.ProcessFirmwareReceived)
    Read_ADC_Value                           0x08063d49   Thumb Code    36  main.o(i.Read_ADC_Value)
    SIM_RequestFirmwareCommand               0x08063d71   Thumb Code    48  task_lte.o(i.SIM_RequestFirmwareCommand)
    SendCommandToSim                         0x08063ddd   Thumb Code    40  task_lte.o(i.SendCommandToSim)
    StartDefaultTask                         0x08063e0d   Thumb Code   554  main.o(i.StartDefaultTask)
    StartReadADCTask                         0x08064179   Thumb Code    74  main.o(i.StartReadADCTask)
    StartTask02                              0x080641dd   Thumb Code    18  main.o(i.StartTask02)
    SysTick_Handler                          0x080641fd   Thumb Code    38  port.o(i.SysTick_Handler)
    SystemClock_Config                       0x08064229   Thumb Code   116  main.o(i.SystemClock_Config)
    SystemInit                               0x080642a5   Thumb Code    12  system_stm32f4xx.o(i.SystemInit)
    TIM2_IRQHandler                          0x080642b5   Thumb Code     6  stm32f4xx_it.o(i.TIM2_IRQHandler)
    TIM4_IRQHandler                          0x080642c1   Thumb Code     6  stm32f4xx_it.o(i.TIM4_IRQHandler)
    TIM_Base_SetConfig                       0x080642cd   Thumb Code   156  stm32f4xx_hal_tim.o(i.TIM_Base_SetConfig)
    TIM_ETR_SetConfig                        0x08064395   Thumb Code    20  stm32f4xx_hal_tim.o(i.TIM_ETR_SetConfig)
    TaskCheckCommandFromUser                 0x08064401   Thumb Code   144  main.o(i.TaskCheckCommandFromUser)
    UART_Start_Receive_IT                    0x08064721   Thumb Code    58  stm32f4xx_hal_uart.o(i.UART_Start_Receive_IT)
    USART1_IRQHandler                        0x080647d5   Thumb Code     6  stm32f4xx_it.o(i.USART1_IRQHandler)
    USART3_IRQHandler                        0x080647e1   Thumb Code     6  stm32f4xx_it.o(i.USART3_IRQHandler)
    USART6_IRQHandler                        0x080647ed   Thumb Code     6  stm32f4xx_it.o(i.USART6_IRQHandler)
    UsageFault_Handler                       0x080647f9   Thumb Code     2  stm32f4xx_it.o(i.UsageFault_Handler)
    WriteLineToFlash                         0x080647fd   Thumb Code   132  taskprocessfirmware.o(i.WriteLineToFlash)
    WritePage                                0x08064889   Thumb Code    88  taskprocessfirmware.o(i.WritePage)
    __ARM_fpclassify                         0x080648f1   Thumb Code    48  fpclassify.o(i.__ARM_fpclassify)
    changeSettingBeforeReset                 0x08064941   Thumb Code    72  main.o(i.changeSettingBeforeReset)
    convertCharsToHex                        0x08064991   Thumb Code    50  taskprocessfirmware.o(i.convertCharsToHex)
    convertHexPairs                          0x080649c9   Thumb Code    34  taskprocessfirmware.o(i.convertHexPairs)
    deleteBuffer                             0x080649eb   Thumb Code    24  taskprocessfirmware.o(i.deleteBuffer)
    display                                  0x08064a05   Thumb Code    26  task_lte.o(i.display)
    erase_flash_sector                       0x08064a25   Thumb Code    46  main.o(i.erase_flash_sector)
    get_turbidity                            0x08064a59   Thumb Code    26  main.o(i.get_turbidity)
    main                                     0x08064a75   Thumb Code   184  main.o(i.main)
    osDelay                                  0x08064b81   Thumb Code    14  cmsis_os.o(i.osDelay)
    osKernelStart                            0x08064b8f   Thumb Code    10  cmsis_os.o(i.osKernelStart)
    osMutexCreate                            0x08064b99   Thumb Code    16  cmsis_os.o(i.osMutexCreate)
    osThreadCreate                           0x08064ba9   Thumb Code    84  cmsis_os.o(i.osThreadCreate)
    printDebug                               0x08064bfd   Thumb Code    24  main.o(i.printDebug)
    processRespond                           0x08064c19   Thumb Code    48  task_lte.o(i.processRespond)
    processTmpLine                           0x08064c4d   Thumb Code   182  taskprocessfirmware.o(i.processTmpLine)
    pvPortMalloc                             0x08065169   Thumb Code   216  heap_4.o(i.pvPortMalloc)
    pxPortInitialiseStack                    0x08065245   Thumb Code    40  port.o(i.pxPortInitialiseStack)
    sendFailNotification                     0x08065271   Thumb Code     2  task_lte.o(i.sendFailNotification)
    sendSMSNotification                      0x08065275   Thumb Code    88  task_lte.o(i.sendSMSNotification)
    sendSuccessNotification                  0x08065305   Thumb Code     6  task_lte.o(i.sendSuccessNotification)
    sendUserWarning                          0x0806532d   Thumb Code     2  task_lte.o(i.sendUserWarning)
    setStartPage                             0x08065331   Thumb Code     6  taskprocessfirmware.o(i.setStartPage)
    uxListRemove                             0x0806533d   Thumb Code    38  list.o(i.uxListRemove)
    vApplicationGetIdleTaskMemory            0x08065365   Thumb Code    16  freertos.o(i.vApplicationGetIdleTaskMemory)
    vListInitialise                          0x08065379   Thumb Code    22  list.o(i.vListInitialise)
    vListInitialiseItem                      0x0806538f   Thumb Code     6  list.o(i.vListInitialiseItem)
    vListInsert                              0x08065395   Thumb Code    48  list.o(i.vListInsert)
    vListInsertEnd                           0x080653c5   Thumb Code    24  list.o(i.vListInsertEnd)
    vPortEnterCritical                       0x080653dd   Thumb Code    54  port.o(i.vPortEnterCritical)
    vPortExitCritical                        0x0806541d   Thumb Code    34  port.o(i.vPortExitCritical)
    vPortFree                                0x08065445   Thumb Code    94  heap_4.o(i.vPortFree)
    vPortSetupTimerInterrupt                 0x080654a9   Thumb Code    32  port.o(i.vPortSetupTimerInterrupt)
    vTaskDelay                               0x080654cd   Thumb Code    66  tasks.o(i.vTaskDelay)
    vTaskInternalSetTimeOutState             0x08065519   Thumb Code    12  tasks.o(i.vTaskInternalSetTimeOutState)
    vTaskMissedYield                         0x08065529   Thumb Code     8  tasks.o(i.vTaskMissedYield)
    vTaskPlaceOnEventList                    0x08065535   Thumb Code    44  tasks.o(i.vTaskPlaceOnEventList)
    vTaskStartScheduler                      0x08065565   Thumb Code    90  tasks.o(i.vTaskStartScheduler)
    vTaskSuspendAll                          0x080655d1   Thumb Code    10  tasks.o(i.vTaskSuspendAll)
    vTaskSwitchContext                       0x080655e1   Thumb Code    82  tasks.o(i.vTaskSwitchContext)
    xPortStartScheduler                      0x0806563d   Thumb Code   222  port.o(i.xPortStartScheduler)
    xQueueCreateMutex                        0x08065731   Thumb Code    22  queue.o(i.xQueueCreateMutex)
    xQueueCreateMutexStatic                  0x08065747   Thumb Code    26  queue.o(i.xQueueCreateMutexStatic)
    xQueueGenericCreate                      0x08065761   Thumb Code    66  queue.o(i.xQueueGenericCreate)
    xQueueGenericCreateStatic                0x080657a3   Thumb Code   102  queue.o(i.xQueueGenericCreateStatic)
    xQueueGenericReset                       0x08065809   Thumb Code   132  queue.o(i.xQueueGenericReset)
    xQueueGenericSend                        0x08065891   Thumb Code   346  queue.o(i.xQueueGenericSend)
    xTaskCheckForTimeOut                     0x080659f1   Thumb Code   112  tasks.o(i.xTaskCheckForTimeOut)
    xTaskCreate                              0x08065a65   Thumb Code    90  tasks.o(i.xTaskCreate)
    xTaskCreateStatic                        0x08065abf   Thumb Code    86  tasks.o(i.xTaskCreateStatic)
    xTaskGetSchedulerState                   0x08065b15   Thumb Code    22  tasks.o(i.xTaskGetSchedulerState)
    xTaskIncrementTick                       0x08065b31   Thumb Code   194  tasks.o(i.xTaskIncrementTick)
    xTaskPriorityDisinherit                  0x08065bfd   Thumb Code   144  tasks.o(i.xTaskPriorityDisinherit)
    xTaskRemoveFromEventList                 0x08065c95   Thumb Code   108  tasks.o(i.xTaskRemoveFromEventList)
    xTaskResumeAll                           0x08065d09   Thumb Code   182  tasks.o(i.xTaskResumeAll)
    _get_lc_ctype                            0x08065dcd   Thumb Code    44  lc_ctype_c.o(locale$$code)
    _get_lc_numeric                          0x08065df9   Thumb Code    44  lc_numeric_c.o(locale$$code)
    __aeabi_d2f                              0x08065e25   Thumb Code     0  d2f.o(x$fpl$d2f)
    _d2f                                     0x08065e25   Thumb Code    98  d2f.o(x$fpl$d2f)
    __aeabi_dadd                             0x08065e89   Thumb Code     0  daddsub_clz.o(x$fpl$dadd)
    _dadd                                    0x08065e89   Thumb Code   332  daddsub_clz.o(x$fpl$dadd)
    __aeabi_ddiv                             0x08065fd9   Thumb Code     0  ddiv.o(x$fpl$ddiv)
    _ddiv                                    0x08065fd9   Thumb Code   552  ddiv.o(x$fpl$ddiv)
    __aeabi_ui2d                             0x08066289   Thumb Code     0  dflt_clz.o(x$fpl$dfltu)
    _dfltu                                   0x08066289   Thumb Code    38  dflt_clz.o(x$fpl$dfltu)
    __aeabi_dmul                             0x080662b1   Thumb Code     0  dmul.o(x$fpl$dmul)
    _dmul                                    0x080662b1   Thumb Code   332  dmul.o(x$fpl$dmul)
    __fpl_dnaninf                            0x08066405   Thumb Code   156  dnaninf.o(x$fpl$dnaninf)
    __fpl_dretinf                            0x080664a1   Thumb Code    12  dretinf.o(x$fpl$dretinf)
    __aeabi_dsub                             0x080664ad   Thumb Code     0  daddsub_clz.o(x$fpl$dsub)
    _dsub                                    0x080664ad   Thumb Code   464  daddsub_clz.o(x$fpl$dsub)
    __aeabi_f2d                              0x08066681   Thumb Code     0  f2d.o(x$fpl$f2d)
    _f2d                                     0x08066681   Thumb Code    86  f2d.o(x$fpl$f2d)
    __fpl_fnaninf                            0x080666d7   Thumb Code   140  fnaninf.o(x$fpl$fnaninf)
    _fp_init                                 0x08066763   Thumb Code    10  fpinit.o(x$fpl$fpinit)
    __fplib_config_fpu_vfp                   0x0806676b   Thumb Code     0  fpinit.o(x$fpl$fpinit)
    __fplib_config_pureend_doubles           0x0806676b   Thumb Code     0  fpinit.o(x$fpl$fpinit)
    __fpl_fretinf                            0x0806676d   Thumb Code    10  fretinf.o(x$fpl$fretinf)
    _printf_fp_dec                           0x08066777   Thumb Code     4  printf1.o(x$fpl$printf1)
    __I$use$fp                               0x0806677a   Number         0  usenofp.o(x$fpl$usenofp)
    AHBPrescTable                            0x08066854   Data          16  system_stm32f4xx.o(.constdata)
    APBPrescTable                            0x08066864   Data           8  system_stm32f4xx.o(.constdata)
    Region$$Table$$Base                      0x08066938   Number         0  anon$$obj.o(Region$$Table)
    Region$$Table$$Limit                     0x08066958   Number         0  anon$$obj.o(Region$$Table)
    __ctype                                  0x08066965   Data           0  lc_ctype_c.o(locale$$data)
    currentBufferIndex                       0x20000000   Data           2  taskprocessfirmware.o(.data)
    uchar_array_length                       0x20000002   Data           2  taskprocessfirmware.o(.data)
    page_write                               0x20000004   Data           4  taskprocessfirmware.o(.data)
    indexLine                                0x20000008   Data           4  taskprocessfirmware.o(.data)
    isBetweenPlus                            0x2000000c   Data           4  taskprocessfirmware.o(.data)
    isEndFirmware                            0x20000010   Data           4  taskprocessfirmware.o(.data)
    RxDataChar                               0x20000014   Data           1  main.o(.data)
    RxDataCharSim                            0x20000015   Data           1  main.o(.data)
    RxDataIndex                              0x20000016   Data           2  main.o(.data)
    RxDataIndexSim                           0x20000018   Data           2  main.o(.data)
    isReceivedRespond                        0x2000001c   Data           4  main.o(.data)
    FOTAFlag                                 0x20000020   Data           4  main.o(.data)
    SMSCommandFlag                           0x20000024   Data           4  main.o(.data)
    sentToSimFlag                            0x20000028   Data           4  main.o(.data)
    FOTACommandIndex                         0x2000002c   Data           4  main.o(.data)
    SimRespondTimeout                        0x20000030   Data           4  main.o(.data)
    writeToFlash                             0x20000034   Data           4  main.o(.data)
    beginLine                                0x20000038   Data           4  main.o(.data)
    defaultTaskHandle                        0x2000003c   Data           4  main.o(.data)
    myTask02Handle                           0x20000040   Data           4  main.o(.data)
    ReadADCSensorHandle                      0x20000044   Data           4  main.o(.data)
    myMutex01Handle                          0x20000048   Data           4  main.o(.data)
    taskCheckSMSHandle                       0x2000004c   Data           4  main.o(.data)
    uwTickFreq                               0x20000050   Data           1  stm32f4xx_hal.o(.data)
    uwTickPrio                               0x20000054   Data           4  stm32f4xx_hal.o(.data)
    uwTick                                   0x20000058   Data           4  stm32f4xx_hal.o(.data)
    SystemCoreClock                          0x2000005c   Data           4  system_stm32f4xx.o(.data)
    pxCurrentTCB                             0x20000060   Data           4  tasks.o(.data)
    huart1                                   0x200000cc   Data          68  uart.o(.bss)
    huart6                                   0x20000110   Data          68  uart.o(.bss)
    huart3                                   0x20000154   Data          68  uart.o(.bss)
    fLineTmp                                 0x20000198   Data          45  taskprocessfirmware.o(.bss)
    buffer                                   0x200001c5   Data        2048  taskprocessfirmware.o(.bss)
    hexArray                                 0x200009c5   Data        2048  taskprocessfirmware.o(.bss)
    hexPair                                  0x200011c5   Data        1024  taskprocessfirmware.o(.bss)
    hadc1                                    0x200015c8   Data          72  main.o(.bss)
    htim2                                    0x20001610   Data          72  main.o(.bss)
    RxDataUSART1                             0x20001658   Data        1024  main.o(.bss)
    RxDataUSART6                             0x20001a58   Data        1024  main.o(.bss)
    htim4                                    0x200020ac   Data          72  stm32f4xx_hal_timebase_tim.o(.bss)
    pFlash                                   0x200020f4   Data          32  stm32f4xx_hal_flash.o(.bss)
    __libspace_start                         0x20005e04   Data          96  libspace.o(.bss)
    __temporary_stack_top$libspace           0x20005e64   Data           0  libspace.o(.bss)



==============================================================================

Memory Map of the image

  Image Entry point : 0x08060189

  Load Region LR_IROM1 (Base: 0x08060000, Size: 0x00006b50, Max: 0x00100000, ABSOLUTE)

    Execution Region ER_IROM1 (Exec base: 0x08060000, Load base: 0x08060000, Size: 0x00006a84, Max: 0x00100000, ABSOLUTE)

    Exec Addr    Load Addr    Size         Type   Attr      Idx    E Section Name        Object

    0x08060000   0x08060000   0x00000188   Data   RO          512    RESET               startup_stm32f407xx.o
    0x08060188   0x08060188   0x00000008   Code   RO         5261  * !!!main             c_w.l(__main.o)
    0x08060190   0x08060190   0x00000034   Code   RO         5591    !!!scatter          c_w.l(__scatter.o)
    0x080601c4   0x080601c4   0x0000001a   Code   RO         5593    !!handler_copy      c_w.l(__scatter_copy.o)
    0x080601de   0x080601de   0x00000002   PAD
    0x080601e0   0x080601e0   0x0000001c   Code   RO         5595    !!handler_zi        c_w.l(__scatter_zi.o)
    0x080601fc   0x080601fc   0x00000000   Code   RO         5239    .ARM.Collect$$_printf_percent$$00000000  c_w.l(_printf_percent.o)
    0x080601fc   0x080601fc   0x00000006   Code   RO         5238    .ARM.Collect$$_printf_percent$$00000003  c_w.l(_printf_f.o)
    0x08060202   0x08060202   0x00000006   Code   RO         5237    .ARM.Collect$$_printf_percent$$00000009  c_w.l(_printf_d.o)
    0x08060208   0x08060208   0x00000006   Code   RO         5236    .ARM.Collect$$_printf_percent$$00000014  c_w.l(_printf_s.o)
    0x0806020e   0x0806020e   0x00000004   Code   RO         5338    .ARM.Collect$$_printf_percent$$00000017  c_w.l(_printf_percent_end.o)
    0x08060212   0x08060212   0x00000002   Code   RO         5519    .ARM.Collect$$libinit$$00000000  c_w.l(libinit.o)
    0x08060214   0x08060214   0x00000004   Code   RO         5441    .ARM.Collect$$libinit$$00000001  c_w.l(libinit2.o)
    0x08060218   0x08060218   0x00000000   Code   RO         5444    .ARM.Collect$$libinit$$00000004  c_w.l(libinit2.o)
    0x08060218   0x08060218   0x00000000   Code   RO         5447    .ARM.Collect$$libinit$$0000000A  c_w.l(libinit2.o)
    0x08060218   0x08060218   0x00000000   Code   RO         5449    .ARM.Collect$$libinit$$0000000C  c_w.l(libinit2.o)
    0x08060218   0x08060218   0x00000000   Code   RO         5451    .ARM.Collect$$libinit$$0000000E  c_w.l(libinit2.o)
    0x08060218   0x08060218   0x00000006   Code   RO         5452    .ARM.Collect$$libinit$$0000000F  c_w.l(libinit2.o)
    0x0806021e   0x0806021e   0x00000000   Code   RO         5454    .ARM.Collect$$libinit$$00000011  c_w.l(libinit2.o)
    0x0806021e   0x0806021e   0x0000000c   Code   RO         5455    .ARM.Collect$$libinit$$00000012  c_w.l(libinit2.o)
    0x0806022a   0x0806022a   0x00000000   Code   RO         5456    .ARM.Collect$$libinit$$00000013  c_w.l(libinit2.o)
    0x0806022a   0x0806022a   0x00000000   Code   RO         5458    .ARM.Collect$$libinit$$00000015  c_w.l(libinit2.o)
    0x0806022a   0x0806022a   0x0000000a   Code   RO         5459    .ARM.Collect$$libinit$$00000016  c_w.l(libinit2.o)
    0x08060234   0x08060234   0x00000000   Code   RO         5460    .ARM.Collect$$libinit$$00000017  c_w.l(libinit2.o)
    0x08060234   0x08060234   0x00000000   Code   RO         5462    .ARM.Collect$$libinit$$00000019  c_w.l(libinit2.o)
    0x08060234   0x08060234   0x00000000   Code   RO         5464    .ARM.Collect$$libinit$$0000001B  c_w.l(libinit2.o)
    0x08060234   0x08060234   0x00000000   Code   RO         5466    .ARM.Collect$$libinit$$0000001D  c_w.l(libinit2.o)
    0x08060234   0x08060234   0x00000000   Code   RO         5468    .ARM.Collect$$libinit$$0000001F  c_w.l(libinit2.o)
    0x08060234   0x08060234   0x00000000   Code   RO         5470    .ARM.Collect$$libinit$$00000021  c_w.l(libinit2.o)
    0x08060234   0x08060234   0x00000000   Code   RO         5472    .ARM.Collect$$libinit$$00000023  c_w.l(libinit2.o)
    0x08060234   0x08060234   0x00000000   Code   RO         5474    .ARM.Collect$$libinit$$00000025  c_w.l(libinit2.o)
    0x08060234   0x08060234   0x00000000   Code   RO         5478    .ARM.Collect$$libinit$$0000002C  c_w.l(libinit2.o)
    0x08060234   0x08060234   0x00000000   Code   RO         5480    .ARM.Collect$$libinit$$0000002E  c_w.l(libinit2.o)
    0x08060234   0x08060234   0x00000000   Code   RO         5482    .ARM.Collect$$libinit$$00000030  c_w.l(libinit2.o)
    0x08060234   0x08060234   0x00000000   Code   RO         5484    .ARM.Collect$$libinit$$00000032  c_w.l(libinit2.o)
    0x08060234   0x08060234   0x00000002   Code   RO         5485    .ARM.Collect$$libinit$$00000033  c_w.l(libinit2.o)
    0x08060236   0x08060236   0x00000002   Code   RO         5588    .ARM.Collect$$libshutdown$$00000000  c_w.l(libshutdown.o)
    0x08060238   0x08060238   0x00000000   Code   RO         5544    .ARM.Collect$$libshutdown$$00000002  c_w.l(libshutdown2.o)
    0x08060238   0x08060238   0x00000000   Code   RO         5546    .ARM.Collect$$libshutdown$$00000004  c_w.l(libshutdown2.o)
    0x08060238   0x08060238   0x00000000   Code   RO         5548    .ARM.Collect$$libshutdown$$00000006  c_w.l(libshutdown2.o)
    0x08060238   0x08060238   0x00000000   Code   RO         5551    .ARM.Collect$$libshutdown$$00000009  c_w.l(libshutdown2.o)
    0x08060238   0x08060238   0x00000000   Code   RO         5554    .ARM.Collect$$libshutdown$$0000000C  c_w.l(libshutdown2.o)
    0x08060238   0x08060238   0x00000000   Code   RO         5556    .ARM.Collect$$libshutdown$$0000000E  c_w.l(libshutdown2.o)
    0x08060238   0x08060238   0x00000000   Code   RO         5559    .ARM.Collect$$libshutdown$$00000011  c_w.l(libshutdown2.o)
    0x08060238   0x08060238   0x00000002   Code   RO         5560    .ARM.Collect$$libshutdown$$00000012  c_w.l(libshutdown2.o)
    0x0806023a   0x0806023a   0x00000000   Code   RO         5289    .ARM.Collect$$rtentry$$00000000  c_w.l(__rtentry.o)
    0x0806023a   0x0806023a   0x00000000   Code   RO         5358    .ARM.Collect$$rtentry$$00000002  c_w.l(__rtentry2.o)
    0x0806023a   0x0806023a   0x00000006   Code   RO         5370    .ARM.Collect$$rtentry$$00000004  c_w.l(__rtentry4.o)
    0x08060240   0x08060240   0x00000000   Code   RO         5360    .ARM.Collect$$rtentry$$00000009  c_w.l(__rtentry2.o)
    0x08060240   0x08060240   0x00000004   Code   RO         5361    .ARM.Collect$$rtentry$$0000000A  c_w.l(__rtentry2.o)
    0x08060244   0x08060244   0x00000000   Code   RO         5363    .ARM.Collect$$rtentry$$0000000C  c_w.l(__rtentry2.o)
    0x08060244   0x08060244   0x00000008   Code   RO         5364    .ARM.Collect$$rtentry$$0000000D  c_w.l(__rtentry2.o)
    0x0806024c   0x0806024c   0x00000002   Code   RO         5527    .ARM.Collect$$rtexit$$00000000  c_w.l(rtexit.o)
    0x0806024e   0x0806024e   0x00000000   Code   RO         5564    .ARM.Collect$$rtexit$$00000002  c_w.l(rtexit2.o)
    0x0806024e   0x0806024e   0x00000004   Code   RO         5565    .ARM.Collect$$rtexit$$00000003  c_w.l(rtexit2.o)
    0x08060252   0x08060252   0x00000006   Code   RO         5566    .ARM.Collect$$rtexit$$00000004  c_w.l(rtexit2.o)
    0x08060258   0x08060258   0x000000be   Code   RO         5069    .emb_text           port.o
    0x08060316   0x08060316   0x00000002   PAD
    0x08060318   0x08060318   0x00000040   Code   RO          513    .text               startup_stm32f407xx.o
    0x08060358   0x08060358   0x0000004e   Code   RO         5150    .text               c_w.l(h1_free.o)
    0x080603a6   0x080603a6   0x000000ee   Code   RO         5204    .text               c_w.l(lludivv7m.o)
    0x08060494   0x08060494   0x00000028   Code   RO         5208    .text               c_w.l(noretval__2sprintf.o)
    0x080604bc   0x080604bc   0x00000068   Code   RO         5210    .text               c_w.l(__printf.o)
    0x08060524   0x08060524   0x00000052   Code   RO         5212    .text               c_w.l(_printf_str.o)
    0x08060576   0x08060576   0x00000002   PAD
    0x08060578   0x08060578   0x00000078   Code   RO         5214    .text               c_w.l(_printf_dec.o)
    0x080605f0   0x080605f0   0x00000070   Code   RO         5240    .text               c_w.l(strtol.o)
    0x08060660   0x08060660   0x0000000c   Code   RO         5242    .text               c_w.l(strtok.o)
    0x0806066c   0x0806066c   0x00000024   Code   RO         5245    .text               c_w.l(strstr.o)
    0x08060690   0x08060690   0x00000048   Code   RO         5247    .text               c_w.l(strcpy.o)
    0x080606d8   0x080606d8   0x0000003e   Code   RO         5249    .text               c_w.l(strlen.o)
    0x08060716   0x08060716   0x0000008a   Code   RO         5251    .text               c_w.l(rt_memcpy_v6.o)
    0x080607a0   0x080607a0   0x00000064   Code   RO         5253    .text               c_w.l(rt_memcpy_w.o)
    0x08060804   0x08060804   0x0000004e   Code   RO         5257    .text               c_w.l(rt_memclr_w.o)
    0x08060852   0x08060852   0x00000006   Code   RO         5259    .text               c_w.l(heapauxi.o)
    0x08060858   0x08060858   0x00000010   Code   RO         5290    .text               c_w.l(rt_ctype_table.o)
    0x08060868   0x08060868   0x00000008   Code   RO         5299    .text               c_w.l(rt_heap_descriptor_intlibspace.o)
    0x08060870   0x08060870   0x00000008   Code   RO         5304    .text               c_w.l(rt_errno_addr_intlibspace.o)
    0x08060878   0x08060878   0x000000b2   Code   RO         5328    .text               c_w.l(_printf_intcommon.o)
    0x0806092a   0x0806092a   0x0000041e   Code   RO         5330    .text               c_w.l(_printf_fp_dec.o)
    0x08060d48   0x08060d48   0x00000030   Code   RO         5332    .text               c_w.l(_printf_char_common.o)
    0x08060d78   0x08060d78   0x0000000a   Code   RO         5334    .text               c_w.l(_sputc.o)
    0x08060d82   0x08060d82   0x0000002c   Code   RO         5336    .text               c_w.l(_printf_char.o)
    0x08060dae   0x08060dae   0x0000009e   Code   RO         5339    .text               c_w.l(_strtoul.o)
    0x08060e4c   0x08060e4c   0x00000044   Code   RO         5341    .text               c_w.l(strtok_int.o)
    0x08060e90   0x08060e90   0x00000008   Code   RO         5354    .text               c_w.l(libspace.o)
    0x08060e98   0x08060e98   0x00000008   Code   RO         5377    .text               c_w.l(rt_locale_intlibspace.o)
    0x08060ea0   0x08060ea0   0x0000008a   Code   RO         5389    .text               c_w.l(lludiv10.o)
    0x08060f2a   0x08060f2a   0x00000002   PAD
    0x08060f2c   0x08060f2c   0x00000080   Code   RO         5391    .text               c_w.l(_printf_fp_infnan.o)
    0x08060fac   0x08060fac   0x0000001c   Code   RO         5395    .text               c_w.l(_chval.o)
    0x08060fc8   0x08060fc8   0x000000e4   Code   RO         5397    .text               c_w.l(bigflt0.o)
    0x080610ac   0x080610ac   0x00000020   Code   RO         5432    .text               c_w.l(strcspn.o)
    0x080610cc   0x080610cc   0x0000001c   Code   RO         5434    .text               c_w.l(strspn.o)
    0x080610e8   0x080610e8   0x0000004a   Code   RO         5492    .text               c_w.l(sys_stackheap_outer.o)
    0x08061132   0x08061132   0x00000012   Code   RO         5500    .text               c_w.l(exit.o)
    0x08061144   0x08061144   0x00000080   Code   RO         5510    .text               c_w.l(strcmpv7m.o)
    0x080611c4   0x080611c4   0x0000000c   Code   RO         5522    .text               c_w.l(sys_exit.o)
    0x080611d0   0x080611d0   0x00000002   Code   RO         5524    .text               c_w.l(use_no_semi.o)
    0x080611d2   0x080611d2   0x00000000   Code   RO         5526    .text               c_w.l(indicate_semi.o)
    0x080611d2   0x080611d2   0x0000003e   Code   RO         5400    CL$$btod_d2e        c_w.l(btod.o)
    0x08061210   0x08061210   0x00000046   Code   RO         5402    CL$$btod_d2e_denorm_low  c_w.l(btod.o)
    0x08061256   0x08061256   0x00000060   Code   RO         5401    CL$$btod_d2e_norm_op1  c_w.l(btod.o)
    0x080612b6   0x080612b6   0x00000338   Code   RO         5410    CL$$btod_div_common  c_w.l(btod.o)
    0x080615ee   0x080615ee   0x000000dc   Code   RO         5407    CL$$btod_e2e        c_w.l(btod.o)
    0x080616ca   0x080616ca   0x0000002a   Code   RO         5404    CL$$btod_ediv       c_w.l(btod.o)
    0x080616f4   0x080616f4   0x0000002a   Code   RO         5403    CL$$btod_emul       c_w.l(btod.o)
    0x0806171e   0x0806171e   0x00000244   Code   RO         5409    CL$$btod_mult_common  c_w.l(btod.o)
    0x08061962   0x08061962   0x00000002   PAD
    0x08061964   0x08061964   0x0000000c   Code   RO          859    i.ADC_IRQHandler    stm32f4xx_it.o
    0x08061970   0x08061970   0x00000128   Code   RO         1068    i.ADC_Init          stm32f4xx_hal_adc.o
    0x08061a98   0x08061a98   0x00000002   Code   RO          860    i.BusFault_Handler  stm32f4xx_it.o
    0x08061a9a   0x08061a9a   0x0000003e   Code   RO          277    i.CheckByteCount    taskprocessfirmware.o
    0x08061ad8   0x08061ad8   0x00000028   Code   RO          278    i.CheckHex          taskprocessfirmware.o
    0x08061b00   0x08061b00   0x0000000e   Code   RO          279    i.CheckLength       taskprocessfirmware.o
    0x08061b0e   0x08061b0e   0x0000004c   Code   RO          280    i.CheckLineError    taskprocessfirmware.o
    0x08061b5a   0x08061b5a   0x00000002   PAD
    0x08061b5c   0x08061b5c   0x000001c8   Code   RO            4    i.CheckSimConditionCommand  task_lte.o
    0x08061d24   0x08061d24   0x0000000e   Code   RO          281    i.CheckStartBit     taskprocessfirmware.o
    0x08061d32   0x08061d32   0x0000004e   Code   RO          282    i.CheckSum          taskprocessfirmware.o
    0x08061d80   0x08061d80   0x00000018   Code   RO          283    i.ClearBuffer       taskprocessfirmware.o
    0x08061d98   0x08061d98   0x0000001e   Code   RO          284    i.ConvertToDec      taskprocessfirmware.o
    0x08061db6   0x08061db6   0x00000002   PAD
    0x08061db8   0x08061db8   0x00000028   Code   RO          480    i.Convert_ADC_To_Voltage  readadcsensor.o
    0x08061de0   0x08061de0   0x0000007c   Code   RO          481    i.Convert_Vol_To_Turbidity  readadcsensor.o
    0x08061e5c   0x08061e5c   0x00000002   Code   RO          861    i.DebugMon_Handler  stm32f4xx_it.o
    0x08061e5e   0x08061e5e   0x00000004   Code   RO          520    i.Error_Handler     main.o
    0x08061e62   0x08061e62   0x00000002   PAD
    0x08061e64   0x08061e64   0x00000050   Code   RO         1617    i.FLASH_Erase_Sector  stm32f4xx_hal_flash_ex.o
    0x08061eb4   0x08061eb4   0x00000054   Code   RO         1618    i.FLASH_FlushCaches  stm32f4xx_hal_flash_ex.o
    0x08061f08   0x08061f08   0x00000028   Code   RO         1619    i.FLASH_MassErase   stm32f4xx_hal_flash_ex.o
    0x08061f30   0x08061f30   0x00000020   Code   RO         1499    i.FLASH_Program_Byte  stm32f4xx_hal_flash.o
    0x08061f50   0x08061f50   0x0000002c   Code   RO         1500    i.FLASH_Program_DoubleWord  stm32f4xx_hal_flash.o
    0x08061f7c   0x08061f7c   0x00000024   Code   RO         1501    i.FLASH_Program_HalfWord  stm32f4xx_hal_flash.o
    0x08061fa0   0x08061fa0   0x00000024   Code   RO         1502    i.FLASH_Program_Word  stm32f4xx_hal_flash.o
    0x08061fc4   0x08061fc4   0x00000068   Code   RO         1503    i.FLASH_SetErrorCode  stm32f4xx_hal_flash.o
    0x0806202c   0x0806202c   0x00000050   Code   RO         1504    i.FLASH_WaitForLastOperation  stm32f4xx_hal_flash.o
    0x0806207c   0x0806207c   0x00000002   Code   RO         1239    i.HAL_ADCEx_InjectedConvCpltCallback  stm32f4xx_hal_adc_ex.o
    0x0806207e   0x0806207e   0x00000002   PAD
    0x08062080   0x08062080   0x0000014c   Code   RO         1070    i.HAL_ADC_ConfigChannel  stm32f4xx_hal_adc.o
    0x080621cc   0x080621cc   0x00000002   Code   RO         1071    i.HAL_ADC_ConvCpltCallback  stm32f4xx_hal_adc.o
    0x080621ce   0x080621ce   0x00000002   Code   RO         1074    i.HAL_ADC_ErrorCallback  stm32f4xx_hal_adc.o
    0x080621d0   0x080621d0   0x00000006   Code   RO         1077    i.HAL_ADC_GetValue  stm32f4xx_hal_adc.o
    0x080621d6   0x080621d6   0x0000012e   Code   RO         1078    i.HAL_ADC_IRQHandler  stm32f4xx_hal_adc.o
    0x08062304   0x08062304   0x00000054   Code   RO         1079    i.HAL_ADC_Init      stm32f4xx_hal_adc.o
    0x08062358   0x08062358   0x00000002   Code   RO         1080    i.HAL_ADC_LevelOutOfWindowCallback  stm32f4xx_hal_adc.o
    0x0806235a   0x0806235a   0x00000002   PAD
    0x0806235c   0x0806235c   0x00000070   Code   RO          967    i.HAL_ADC_MspInit   stm32f4xx_hal_msp.o
    0x080623cc   0x080623cc   0x000000aa   Code   RO         1083    i.HAL_ADC_PollForConversion  stm32f4xx_hal_adc.o
    0x08062476   0x08062476   0x00000002   PAD
    0x08062478   0x08062478   0x000000fc   Code   RO         1085    i.HAL_ADC_Start     stm32f4xx_hal_adc.o
    0x08062574   0x08062574   0x0000003c   Code   RO         1088    i.HAL_ADC_Stop      stm32f4xx_hal_adc.o
    0x080625b0   0x080625b0   0x00000092   Code   RO         1805    i.HAL_DMA_Abort     stm32f4xx_hal_dma.o
    0x08062642   0x08062642   0x00000024   Code   RO         1806    i.HAL_DMA_Abort_IT  stm32f4xx_hal_dma.o
    0x08062666   0x08062666   0x00000002   PAD
    0x08062668   0x08062668   0x00000098   Code   RO         1620    i.HAL_FLASHEx_Erase  stm32f4xx_hal_flash_ex.o
    0x08062700   0x08062700   0x00000014   Code   RO         1508    i.HAL_FLASH_Lock    stm32f4xx_hal_flash.o
    0x08062714   0x08062714   0x0000007c   Code   RO         1513    i.HAL_FLASH_Program  stm32f4xx_hal_flash.o
    0x08062790   0x08062790   0x0000002c   Code   RO         1515    i.HAL_FLASH_Unlock  stm32f4xx_hal_flash.o
    0x080627bc   0x080627bc   0x000001f0   Code   RO         1698    i.HAL_GPIO_Init     stm32f4xx_hal_gpio.o
    0x080629ac   0x080629ac   0x0000000c   Code   RO         2230    i.HAL_GetTick       stm32f4xx_hal.o
    0x080629b8   0x080629b8   0x00000010   Code   RO         2236    i.HAL_IncTick       stm32f4xx_hal.o
    0x080629c8   0x080629c8   0x00000034   Code   RO         2237    i.HAL_Init          stm32f4xx_hal.o
    0x080629fc   0x080629fc   0x00000098   Code   RO         1026    i.HAL_InitTick      stm32f4xx_hal_timebase_tim.o
    0x08062a94   0x08062a94   0x00000038   Code   RO          968    i.HAL_MspInit       stm32f4xx_hal_msp.o
    0x08062acc   0x08062acc   0x0000001a   Code   RO         2087    i.HAL_NVIC_EnableIRQ  stm32f4xx_hal_cortex.o
    0x08062ae6   0x08062ae6   0x00000002   PAD
    0x08062ae8   0x08062ae8   0x00000040   Code   RO         2093    i.HAL_NVIC_SetPriority  stm32f4xx_hal_cortex.o
    0x08062b28   0x08062b28   0x00000024   Code   RO         2094    i.HAL_NVIC_SetPriorityGrouping  stm32f4xx_hal_cortex.o
    0x08062b4c   0x08062b4c   0x00000134   Code   RO         1344    i.HAL_RCC_ClockConfig  stm32f4xx_hal_rcc.o
    0x08062c80   0x08062c80   0x00000040   Code   RO         1348    i.HAL_RCC_GetClockConfig  stm32f4xx_hal_rcc.o
    0x08062cc0   0x08062cc0   0x00000020   Code   RO         1351    i.HAL_RCC_GetPCLK1Freq  stm32f4xx_hal_rcc.o
    0x08062ce0   0x08062ce0   0x00000020   Code   RO         1352    i.HAL_RCC_GetPCLK2Freq  stm32f4xx_hal_rcc.o
    0x08062d00   0x08062d00   0x00000064   Code   RO         1353    i.HAL_RCC_GetSysClockFreq  stm32f4xx_hal_rcc.o
    0x08062d64   0x08062d64   0x0000036c   Code   RO         1356    i.HAL_RCC_OscConfig  stm32f4xx_hal_rcc.o
    0x080630d0   0x080630d0   0x00000002   Code   RO         3181    i.HAL_TIMEx_BreakCallback  stm32f4xx_hal_tim_ex.o
    0x080630d2   0x080630d2   0x00000002   Code   RO         3182    i.HAL_TIMEx_CommutCallback  stm32f4xx_hal_tim_ex.o
    0x080630d4   0x080630d4   0x00000090   Code   RO         3200    i.HAL_TIMEx_MasterConfigSynchronization  stm32f4xx_hal_tim_ex.o
    0x08063164   0x08063164   0x0000005a   Code   RO         2477    i.HAL_TIM_Base_Init  stm32f4xx_hal_tim.o
    0x080631be   0x080631be   0x00000002   PAD
    0x080631c0   0x080631c0   0x00000038   Code   RO          970    i.HAL_TIM_Base_MspInit  stm32f4xx_hal_msp.o
    0x080631f8   0x080631f8   0x00000080   Code   RO         2482    i.HAL_TIM_Base_Start_IT  stm32f4xx_hal_tim.o
    0x08063278   0x08063278   0x00000026   Code   RO         2483    i.HAL_TIM_Base_Stop  stm32f4xx_hal_tim.o
    0x0806329e   0x0806329e   0x000000dc   Code   RO         2486    i.HAL_TIM_ConfigClockSource  stm32f4xx_hal_tim.o
    0x0806337a   0x0806337a   0x00000002   Code   RO         2511    i.HAL_TIM_IC_CaptureCallback  stm32f4xx_hal_tim.o
    0x0806337c   0x0806337c   0x00000166   Code   RO         2525    i.HAL_TIM_IRQHandler  stm32f4xx_hal_tim.o
    0x080634e2   0x080634e2   0x00000002   Code   RO         2528    i.HAL_TIM_OC_DelayElapsedCallback  stm32f4xx_hal_tim.o
    0x080634e4   0x080634e4   0x00000002   Code   RO         2555    i.HAL_TIM_PWM_PulseFinishedCallback  stm32f4xx_hal_tim.o
    0x080634e6   0x080634e6   0x00000002   PAD
    0x080634e8   0x080634e8   0x00000044   Code   RO          521    i.HAL_TIM_PeriodElapsedCallback  main.o
    0x0806352c   0x0806352c   0x00000002   Code   RO         2568    i.HAL_TIM_TriggerCallback  stm32f4xx_hal_tim.o
    0x0806352e   0x0806352e   0x00000002   Code   RO         3459    i.HAL_UARTEx_RxEventCallback  stm32f4xx_hal_uart.o
    0x08063530   0x08063530   0x00000002   Code   RO         3473    i.HAL_UART_ErrorCallback  stm32f4xx_hal_uart.o
    0x08063532   0x08063532   0x00000002   PAD
    0x08063534   0x08063534   0x00000268   Code   RO         3476    i.HAL_UART_IRQHandler  stm32f4xx_hal_uart.o
    0x0806379c   0x0806379c   0x00000062   Code   RO         3477    i.HAL_UART_Init     stm32f4xx_hal_uart.o
    0x080637fe   0x080637fe   0x00000002   PAD
    0x08063800   0x08063800   0x00000124   Code   RO          972    i.HAL_UART_MspInit  stm32f4xx_hal_msp.o
    0x08063924   0x08063924   0x0000002a   Code   RO         3482    i.HAL_UART_Receive_IT  stm32f4xx_hal_uart.o
    0x0806394e   0x0806394e   0x00000002   PAD
    0x08063950   0x08063950   0x000000c4   Code   RO          522    i.HAL_UART_RxCpltCallback  main.o
    0x08063a14   0x08063a14   0x000000b2   Code   RO         3485    i.HAL_UART_Transmit  stm32f4xx_hal_uart.o
    0x08063ac6   0x08063ac6   0x00000002   Code   RO          523    i.HAL_UART_TxCpltCallback  main.o
    0x08063ac8   0x08063ac8   0x0000003c   Code   RO          862    i.HardFault_Handler  stm32f4xx_it.o
    0x08063b04   0x08063b04   0x00000060   Code   RO          524    i.MX_ADC1_Init      main.o
    0x08063b64   0x08063b64   0x0000004c   Code   RO          525    i.MX_GPIO_Init      main.o
    0x08063bb0   0x08063bb0   0x00000068   Code   RO          526    i.MX_TIM2_Init      main.o
    0x08063c18   0x08063c18   0x00000038   Code   RO          235    i.MX_USART1_UART_Init  uart.o
    0x08063c50   0x08063c50   0x00000038   Code   RO          236    i.MX_USART3_UART_Init  uart.o
    0x08063c88   0x08063c88   0x00000038   Code   RO          237    i.MX_USART6_UART_Init  uart.o
    0x08063cc0   0x08063cc0   0x00000002   Code   RO          863    i.MemManage_Handler  stm32f4xx_it.o
    0x08063cc2   0x08063cc2   0x00000002   Code   RO          864    i.NMI_Handler       stm32f4xx_it.o
    0x08063cc4   0x08063cc4   0x00000084   Code   RO            5    i.ProcessFirmwareReceived  task_lte.o
    0x08063d48   0x08063d48   0x00000028   Code   RO          527    i.Read_ADC_Value    main.o
    0x08063d70   0x08063d70   0x0000006c   Code   RO            6    i.SIM_RequestFirmwareCommand  task_lte.o
    0x08063ddc   0x08063ddc   0x00000030   Code   RO            9    i.SendCommandToSim  task_lte.o
    0x08063e0c   0x08063e0c   0x0000036c   Code   RO          528    i.StartDefaultTask  main.o
    0x08064178   0x08064178   0x00000064   Code   RO          529    i.StartReadADCTask  main.o
    0x080641dc   0x080641dc   0x00000020   Code   RO          530    i.StartTask02       main.o
    0x080641fc   0x080641fc   0x0000002c   Code   RO         5070    i.SysTick_Handler   port.o
    0x08064228   0x08064228   0x0000007c   Code   RO          531    i.SystemClock_Config  main.o
    0x080642a4   0x080642a4   0x00000010   Code   RO         3806    i.SystemInit        system_stm32f4xx.o
    0x080642b4   0x080642b4   0x0000000c   Code   RO          865    i.TIM2_IRQHandler   stm32f4xx_it.o
    0x080642c0   0x080642c0   0x0000000c   Code   RO          866    i.TIM4_IRQHandler   stm32f4xx_it.o
    0x080642cc   0x080642cc   0x000000c8   Code   RO         2570    i.TIM_Base_SetConfig  stm32f4xx_hal_tim.o
    0x08064394   0x08064394   0x00000014   Code   RO         2581    i.TIM_ETR_SetConfig  stm32f4xx_hal_tim.o
    0x080643a8   0x080643a8   0x00000010   Code   RO         2582    i.TIM_ITRx_SetConfig  stm32f4xx_hal_tim.o
    0x080643b8   0x080643b8   0x00000022   Code   RO         2588    i.TIM_TI1_ConfigInputStage  stm32f4xx_hal_tim.o
    0x080643da   0x080643da   0x00000024   Code   RO         2590    i.TIM_TI2_ConfigInputStage  stm32f4xx_hal_tim.o
    0x080643fe   0x080643fe   0x00000002   PAD
    0x08064400   0x08064400   0x000000f4   Code   RO          532    i.TaskCheckCommandFromUser  main.o
    0x080644f4   0x080644f4   0x00000010   Code   RO         3490    i.UART_DMAAbortOnError  stm32f4xx_hal_uart.o
    0x08064504   0x08064504   0x0000004e   Code   RO         3500    i.UART_EndRxTransfer  stm32f4xx_hal_uart.o
    0x08064552   0x08064552   0x000000c0   Code   RO         3502    i.UART_Receive_IT   stm32f4xx_hal_uart.o
    0x08064612   0x08064612   0x00000002   PAD
    0x08064614   0x08064614   0x0000010c   Code   RO         3503    i.UART_SetConfig    stm32f4xx_hal_uart.o
    0x08064720   0x08064720   0x0000003a   Code   RO         3505    i.UART_Start_Receive_IT  stm32f4xx_hal_uart.o
    0x0806475a   0x0806475a   0x00000078   Code   RO         3506    i.UART_WaitOnFlagUntilTimeout  stm32f4xx_hal_uart.o
    0x080647d2   0x080647d2   0x00000002   PAD
    0x080647d4   0x080647d4   0x0000000c   Code   RO          867    i.USART1_IRQHandler  stm32f4xx_it.o
    0x080647e0   0x080647e0   0x0000000c   Code   RO          868    i.USART3_IRQHandler  stm32f4xx_it.o
    0x080647ec   0x080647ec   0x0000000c   Code   RO          869    i.USART6_IRQHandler  stm32f4xx_it.o
    0x080647f8   0x080647f8   0x00000002   Code   RO          870    i.UsageFault_Handler  stm32f4xx_it.o
    0x080647fa   0x080647fa   0x00000002   PAD
    0x080647fc   0x080647fc   0x0000008c   Code   RO          286    i.WriteLineToFlash  taskprocessfirmware.o
    0x08064888   0x08064888   0x00000068   Code   RO          287    i.WritePage         taskprocessfirmware.o
    0x080648f0   0x080648f0   0x00000030   Code   RO         5488    i.__ARM_fpclassify  m_wm.l(fpclassify.o)
    0x08064920   0x08064920   0x00000020   Code   RO         2100    i.__NVIC_SetPriority  stm32f4xx_hal_cortex.o
    0x08064940   0x08064940   0x00000050   Code   RO          533    i.changeSettingBeforeReset  main.o
    0x08064990   0x08064990   0x00000038   Code   RO          289    i.convertCharsToHex  taskprocessfirmware.o
    0x080649c8   0x080649c8   0x00000022   Code   RO          290    i.convertHexPairs   taskprocessfirmware.o
    0x080649ea   0x080649ea   0x00000018   Code   RO          291    i.deleteBuffer      taskprocessfirmware.o
    0x08064a02   0x08064a02   0x00000002   PAD
    0x08064a04   0x08064a04   0x00000020   Code   RO           11    i.display           task_lte.o
    0x08064a24   0x08064a24   0x00000034   Code   RO          534    i.erase_flash_sector  main.o
    0x08064a58   0x08064a58   0x0000001a   Code   RO          535    i.get_turbidity     main.o
    0x08064a72   0x08064a72   0x00000002   PAD
    0x08064a74   0x08064a74   0x00000100   Code   RO          536    i.main              main.o
    0x08064b74   0x08064b74   0x0000000c   Code   RO         4632    i.makeFreeRtosPriority  cmsis_os.o
    0x08064b80   0x08064b80   0x0000000e   Code   RO         4634    i.osDelay           cmsis_os.o
    0x08064b8e   0x08064b8e   0x0000000a   Code   RO         4637    i.osKernelStart     cmsis_os.o
    0x08064b98   0x08064b98   0x00000010   Code   RO         4652    i.osMutexCreate     cmsis_os.o
    0x08064ba8   0x08064ba8   0x00000054   Code   RO         4671    i.osThreadCreate    cmsis_os.o
    0x08064bfc   0x08064bfc   0x0000001c   Code   RO          537    i.printDebug        main.o
    0x08064c18   0x08064c18   0x00000034   Code   RO           12    i.processRespond    task_lte.o
    0x08064c4c   0x08064c4c   0x000000cc   Code   RO          292    i.processTmpLine    taskprocessfirmware.o
    0x08064d18   0x08064d18   0x00000070   Code   RO         4311    i.prvAddCurrentTaskToDelayedList  tasks.o
    0x08064d88   0x08064d88   0x000000d0   Code   RO         4312    i.prvAddNewTaskToReadyList  tasks.o
    0x08064e58   0x08064e58   0x0000006c   Code   RO         3988    i.prvCopyDataToQueue  queue.o
    0x08064ec4   0x08064ec4   0x00000034   Code   RO         4313    i.prvDeleteTCB      tasks.o
    0x08064ef8   0x08064ef8   0x0000004c   Code   RO         5002    i.prvHeapInit       heap_4.o
    0x08064f44   0x08064f44   0x00000060   Code   RO         4314    i.prvIdleTask       tasks.o
    0x08064fa4   0x08064fa4   0x00000016   Code   RO         3989    i.prvInitialiseMutex  queue.o
    0x08064fba   0x08064fba   0x00000016   Code   RO         3990    i.prvInitialiseNewQueue  queue.o
    0x08064fd0   0x08064fd0   0x00000098   Code   RO         4315    i.prvInitialiseNewTask  tasks.o
    0x08065068   0x08065068   0x0000004c   Code   RO         5003    i.prvInsertBlockIntoFreeList  heap_4.o
    0x080650b4   0x080650b4   0x00000020   Code   RO         4316    i.prvResetNextTaskUnblockTime  tasks.o
    0x080650d4   0x080650d4   0x00000028   Code   RO         5071    i.prvTaskExitError  port.o
    0x080650fc   0x080650fc   0x0000006a   Code   RO         3992    i.prvUnlockQueue    queue.o
    0x08065166   0x08065166   0x00000002   PAD
    0x08065168   0x08065168   0x000000dc   Code   RO         5004    i.pvPortMalloc      heap_4.o
    0x08065244   0x08065244   0x0000002c   Code   RO         5072    i.pxPortInitialiseStack  port.o
    0x08065270   0x08065270   0x00000002   Code   RO           13    i.sendFailNotification  task_lte.o
    0x08065272   0x08065272   0x00000002   PAD
    0x08065274   0x08065274   0x00000090   Code   RO           14    i.sendSMSNotification  task_lte.o
    0x08065304   0x08065304   0x00000028   Code   RO           15    i.sendSuccessNotification  task_lte.o
    0x0806532c   0x0806532c   0x00000002   Code   RO           16    i.sendUserWarning   task_lte.o
    0x0806532e   0x0806532e   0x00000002   PAD
    0x08065330   0x08065330   0x0000000c   Code   RO          293    i.setStartPage      taskprocessfirmware.o
    0x0806533c   0x0806533c   0x00000026   Code   RO         3947    i.uxListRemove      list.o
    0x08065362   0x08065362   0x00000002   PAD
    0x08065364   0x08065364   0x00000014   Code   RO          801    i.vApplicationGetIdleTaskMemory  freertos.o
    0x08065378   0x08065378   0x00000016   Code   RO         3948    i.vListInitialise   list.o
    0x0806538e   0x0806538e   0x00000006   Code   RO         3949    i.vListInitialiseItem  list.o
    0x08065394   0x08065394   0x00000030   Code   RO         3950    i.vListInsert       list.o
    0x080653c4   0x080653c4   0x00000018   Code   RO         3951    i.vListInsertEnd    list.o
    0x080653dc   0x080653dc   0x00000040   Code   RO         5074    i.vPortEnterCritical  port.o
    0x0806541c   0x0806541c   0x00000028   Code   RO         5075    i.vPortExitCritical  port.o
    0x08065444   0x08065444   0x00000064   Code   RO         5005    i.vPortFree         heap_4.o
    0x080654a8   0x080654a8   0x00000024   Code   RO         5076    i.vPortSetupTimerInterrupt  port.o
    0x080654cc   0x080654cc   0x0000004c   Code   RO         4325    i.vTaskDelay        tasks.o
    0x08065518   0x08065518   0x00000010   Code   RO         4328    i.vTaskInternalSetTimeOutState  tasks.o
    0x08065528   0x08065528   0x0000000c   Code   RO         4329    i.vTaskMissedYield  tasks.o
    0x08065534   0x08065534   0x00000030   Code   RO         4331    i.vTaskPlaceOnEventList  tasks.o
    0x08065564   0x08065564   0x0000006c   Code   RO         4338    i.vTaskStartScheduler  tasks.o
    0x080655d0   0x080655d0   0x00000010   Code   RO         4340    i.vTaskSuspendAll   tasks.o
    0x080655e0   0x080655e0   0x0000005c   Code   RO         4341    i.vTaskSwitchContext  tasks.o
    0x0806563c   0x0806563c   0x000000f4   Code   RO         5078    i.xPortStartScheduler  port.o
    0x08065730   0x08065730   0x00000016   Code   RO         3999    i.xQueueCreateMutex  queue.o
    0x08065746   0x08065746   0x0000001a   Code   RO         4000    i.xQueueCreateMutexStatic  queue.o
    0x08065760   0x08065760   0x00000042   Code   RO         4001    i.xQueueGenericCreate  queue.o
    0x080657a2   0x080657a2   0x00000066   Code   RO         4002    i.xQueueGenericCreateStatic  queue.o
    0x08065808   0x08065808   0x00000088   Code   RO         4003    i.xQueueGenericReset  queue.o
    0x08065890   0x08065890   0x00000160   Code   RO         4004    i.xQueueGenericSend  queue.o
    0x080659f0   0x080659f0   0x00000074   Code   RO         4343    i.xTaskCheckForTimeOut  tasks.o
    0x08065a64   0x08065a64   0x0000005a   Code   RO         4344    i.xTaskCreate       tasks.o
    0x08065abe   0x08065abe   0x00000056   Code   RO         4345    i.xTaskCreateStatic  tasks.o
    0x08065b14   0x08065b14   0x0000001c   Code   RO         4349    i.xTaskGetSchedulerState  tasks.o
    0x08065b30   0x08065b30   0x000000cc   Code   RO         4352    i.xTaskIncrementTick  tasks.o
    0x08065bfc   0x08065bfc   0x00000098   Code   RO         4355    i.xTaskPriorityDisinherit  tasks.o
    0x08065c94   0x08065c94   0x00000074   Code   RO         4357    i.xTaskRemoveFromEventList  tasks.o
    0x08065d08   0x08065d08   0x000000c4   Code   RO         4358    i.xTaskResumeAll    tasks.o
    0x08065dcc   0x08065dcc   0x0000002c   Code   RO         5423    locale$$code        c_w.l(lc_ctype_c.o)
    0x08065df8   0x08065df8   0x0000002c   Code   RO         5426    locale$$code        c_w.l(lc_numeric_c.o)
    0x08065e24   0x08065e24   0x00000062   Code   RO         5263    x$fpl$d2f           fz_wm.l(d2f.o)
    0x08065e86   0x08065e86   0x00000002   PAD
    0x08065e88   0x08065e88   0x00000150   Code   RO         5265    x$fpl$dadd          fz_wm.l(daddsub_clz.o)
    0x08065fd8   0x08065fd8   0x000002b0   Code   RO         5272    x$fpl$ddiv          fz_wm.l(ddiv.o)
    0x08066288   0x08066288   0x00000026   Code   RO         5275    x$fpl$dfltu         fz_wm.l(dflt_clz.o)
    0x080662ae   0x080662ae   0x00000002   PAD
    0x080662b0   0x080662b0   0x00000154   Code   RO         5281    x$fpl$dmul          fz_wm.l(dmul.o)
    0x08066404   0x08066404   0x0000009c   Code   RO         5345    x$fpl$dnaninf       fz_wm.l(dnaninf.o)
    0x080664a0   0x080664a0   0x0000000c   Code   RO         5347    x$fpl$dretinf       fz_wm.l(dretinf.o)
    0x080664ac   0x080664ac   0x000001d4   Code   RO         5267    x$fpl$dsub          fz_wm.l(daddsub_clz.o)
    0x08066680   0x08066680   0x00000056   Code   RO         5283    x$fpl$f2d           fz_wm.l(f2d.o)
    0x080666d6   0x080666d6   0x0000008c   Code   RO         5349    x$fpl$fnaninf       fz_wm.l(fnaninf.o)
    0x08066762   0x08066762   0x0000000a   Code   RO         5520    x$fpl$fpinit        fz_wm.l(fpinit.o)
    0x0806676c   0x0806676c   0x0000000a   Code   RO         5351    x$fpl$fretinf       fz_wm.l(fretinf.o)
    0x08066776   0x08066776   0x00000004   Code   RO         5285    x$fpl$printf1       fz_wm.l(printf1.o)
    0x0806677a   0x0806677a   0x00000000   Code   RO         5353    x$fpl$usenofp       fz_wm.l(usenofp.o)
    0x0806677a   0x0806677a   0x00000002   PAD
    0x0806677c   0x0806677c   0x00000068   Data   RO          295    .constdata          taskprocessfirmware.o
    0x080667e4   0x080667e4   0x00000070   Data   RO          539    .constdata          main.o
    0x08066854   0x08066854   0x00000010   Data   RO         3807    .constdata          system_stm32f4xx.o
    0x08066864   0x08066864   0x00000008   Data   RO         3808    .constdata          system_stm32f4xx.o
    0x0806686c   0x0806686c   0x00000094   Data   RO         5398    .constdata          c_w.l(bigflt0.o)
    0x08066900   0x08066900   0x00000036   Data   RO          540    .conststring        main.o
    0x08066936   0x08066936   0x00000002   PAD
    0x08066938   0x08066938   0x00000020   Data   RO         5589    Region$$Table       anon$$obj.o
    0x08066958   0x08066958   0x00000110   Data   RO         5422    locale$$data        c_w.l(lc_ctype_c.o)
    0x08066a68   0x08066a68   0x0000001c   Data   RO         5425    locale$$data        c_w.l(lc_numeric_c.o)


    Execution Region RW_IRAM1 (Exec base: 0x20000000, Load base: 0x08066a84, Size: 0x00006468, Max: 0x0001c000, ABSOLUTE)

    Exec Addr    Load Addr    Size         Type   Attr      Idx    E Section Name        Object

    0x20000000   0x08066a84   0x00000014   Data   RW          296    .data               taskprocessfirmware.o
    0x20000014   0x08066a98   0x0000003c   Data   RW          541    .data               main.o
    0x20000050   0x08066ad4   0x0000000c   Data   RW         2244    .data               stm32f4xx_hal.o
    0x2000005c   0x08066ae0   0x00000004   Data   RW         3809    .data               system_stm32f4xx.o
    0x20000060   0x08066ae4   0x0000003c   Data   RW         4361    .data               tasks.o
    0x2000009c   0x08066b20   0x00000020   Data   RW         5011    .data               heap_4.o
    0x200000bc   0x08066b40   0x0000000c   Data   RW         5079    .data               port.o
    0x200000c8   0x08066b4c   0x00000004   Data   RW         5243    .data               c_w.l(strtok.o)
    0x200000cc        -       0x000000cc   Zero   RW          238    .bss                uart.o
    0x20000198        -       0x0000142d   Zero   RW          294    .bss                taskprocessfirmware.o
    0x200015c5   0x08066b50   0x00000003   PAD
    0x200015c8        -       0x00000890   Zero   RW          538    .bss                main.o
    0x20001e58        -       0x00000254   Zero   RW          802    .bss                freertos.o
    0x200020ac        -       0x00000048   Zero   RW         1029    .bss                stm32f4xx_hal_timebase_tim.o
    0x200020f4        -       0x00000020   Zero   RW         1516    .bss                stm32f4xx_hal_flash.o
    0x20002114        -       0x000000f0   Zero   RW         4360    .bss                tasks.o
    0x20002204        -       0x00003c00   Zero   RW         5010    .bss                heap_4.o
    0x20005e04        -       0x00000060   Zero   RW         5355    .bss                c_w.l(libspace.o)
    0x20005e64   0x08066b50   0x00000004   PAD
    0x20005e68        -       0x00000200   Zero   RW          511    HEAP                startup_stm32f407xx.o
    0x20006068        -       0x00000400   Zero   RW          510    STACK               startup_stm32f407xx.o


    Execution Region RW_IRAM2 (Exec base: 0x2001c000, Load base: 0x08066b50, Size: 0x00000000, Max: 0x00004000, ABSOLUTE)

    **** No section assigned to this execution region ****


==============================================================================

Image component sizes


      Code (inc. data)   RO Data    RW Data    ZI Data      Debug   Object Name

       136          0          0          0          0      26477   cmsis_os.o
         0          0          0          0          0      22544   event_groups.o
        20          4          0          0        596      17976   freertos.o
       472         24          0         32      15360       7495   heap_4.o
       138          0          0          0          0       3610   list.o
      2404        656        166         60       2192     772708   main.o
       702         72          0         12          0      11108   port.o
       962         10          0          0          0      14177   queue.o
       164         32          0          0          0       1264   readadcsensor.o
        64         26        392          0       1536        824   startup_stm32f407xx.o
        80         14          0         12          0       8146   stm32f4xx_hal.o
      1508         52          0          0          0       8688   stm32f4xx_hal_adc.o
         2          0          0          0          0       1005   stm32f4xx_hal_adc_ex.o
       158         14          0          0          0      33210   stm32f4xx_hal_cortex.o
       182          0          0          0          0       2135   stm32f4xx_hal_dma.o
       520         66          0          0         32       6714   stm32f4xx_hal_flash.o
       356         24          0          0          0       4050   stm32f4xx_hal_flash_ex.o
       496         46          0          0          0       1556   stm32f4xx_hal_gpio.o
       516         48          0          0          0       3290   stm32f4xx_hal_msp.o
      1412         86          0          0          0       5973   stm32f4xx_hal_rcc.o
      1148         72          0          0          0      10941   stm32f4xx_hal_tim.o
       148         28          0          0          0       2497   stm32f4xx_hal_tim_ex.o
       152         20          0          0         72       1511   stm32f4xx_hal_timebase_tim.o
      1670         16          0          0          0      10994   stm32f4xx_hal_uart.o
       142         64          0          0          0      35945   stm32f4xx_it.o
         0          0          0          0          0        400   stream_buffer.o
        16          4         24          4          0       1163   system_stm32f4xx.o
      1016        522          0          0          0     725997   task_lte.o
       912         62        104         20       5165      13303   taskprocessfirmware.o
      2008        150          0         60        240      25378   tasks.o
         0          0          0          0          0       2500   timers.o
       168         24          0          0        204       1941   uart.o

    ----------------------------------------------------------------------
     17720       2136        720        200      25400    1785520   Object Totals
         0          0         32          0          0          0   (incl. Generated)
        48          0          2          0          3          0   (incl. Padding)

    ----------------------------------------------------------------------

      Code (inc. data)   RO Data    RW Data    ZI Data      Debug   Library Member Name

         8          0          0          0          0         68   __main.o
       104          0          0          0          0         84   __printf.o
         0          0          0          0          0          0   __rtentry.o
        12          0          0          0          0          0   __rtentry2.o
         6          0          0          0          0          0   __rtentry4.o
        52          8          0          0          0          0   __scatter.o
        26          0          0          0          0          0   __scatter_copy.o
        28          0          0          0          0          0   __scatter_zi.o
        28          0          0          0          0         68   _chval.o
        44          0          0          0          0        108   _printf_char.o
        48          6          0          0          0         96   _printf_char_common.o
         6          0          0          0          0          0   _printf_d.o
       120         16          0          0          0         92   _printf_dec.o
         6          0          0          0          0          0   _printf_f.o
      1054          0          0          0          0        216   _printf_fp_dec.o
       128         16          0          0          0         84   _printf_fp_infnan.o
       178          0          0          0          0         88   _printf_intcommon.o
         0          0          0          0          0          0   _printf_percent.o
         4          0          0          0          0          0   _printf_percent_end.o
         6          0          0          0          0          0   _printf_s.o
        82          0          0          0          0         80   _printf_str.o
        10          0          0          0          0         68   _sputc.o
       158          0          0          0          0         92   _strtoul.o
       228          4        148          0          0         96   bigflt0.o
      1936        128          0          0          0        672   btod.o
        18          0          0          0          0         80   exit.o
        78          0          0          0          0         80   h1_free.o
         6          0          0          0          0        152   heapauxi.o
         0          0          0          0          0          0   indicate_semi.o
        44         10        272          0          0         76   lc_ctype_c.o
        44         10         28          0          0         76   lc_numeric_c.o
         2          0          0          0          0          0   libinit.o
        34          0          0          0          0          0   libinit2.o
         2          0          0          0          0          0   libshutdown.o
         2          0          0          0          0          0   libshutdown2.o
         8          4          0          0         96         68   libspace.o
       138          0          0          0          0         80   lludiv10.o
       238          0          0          0          0        100   lludivv7m.o
        40          6          0          0          0         84   noretval__2sprintf.o
        16          4          0          0          0         76   rt_ctype_table.o
         8          4          0          0          0         68   rt_errno_addr_intlibspace.o
         8          4          0          0          0         68   rt_heap_descriptor_intlibspace.o
         8          4          0          0          0         68   rt_locale_intlibspace.o
        78          0          0          0          0         80   rt_memclr_w.o
       138          0          0          0          0         68   rt_memcpy_v6.o
       100          0          0          0          0         80   rt_memcpy_w.o
         2          0          0          0          0          0   rtexit.o
        10          0          0          0          0          0   rtexit2.o
       128          0          0          0          0         68   strcmpv7m.o
        72          0          0          0          0         80   strcpy.o
        32          0          0          0          0         80   strcspn.o
        62          0          0          0          0         76   strlen.o
        28          0          0          0          0         80   strspn.o
        36          0          0          0          0         80   strstr.o
        12          6          0          4          0         68   strtok.o
        68          4          0          0          0         84   strtok_int.o
       112          0          0          0          0         88   strtol.o
        12          4          0          0          0         68   sys_exit.o
        74          0          0          0          0         80   sys_stackheap_outer.o
         2          0          0          0          0         68   use_no_semi.o
        98          4          0          0          0        140   d2f.o
       804         16          0          0          0        368   daddsub_clz.o
       688        140          0          0          0        256   ddiv.o
        38          0          0          0          0        116   dflt_clz.o
       340         12          0          0          0        152   dmul.o
       156          4          0          0          0        140   dnaninf.o
        12          0          0          0          0        116   dretinf.o
        86          4          0          0          0        132   f2d.o
       140          4          0          0          0        132   fnaninf.o
        10          0          0          0          0        116   fpinit.o
        10          0          0          0          0        116   fretinf.o
         4          0          0          0          0        116   printf1.o
         0          0          0          0          0          0   usenofp.o
        48          0          0          0          0        124   fpclassify.o

    ----------------------------------------------------------------------
      8380        422        448          4        100       6160   Library Totals
        14          0          0          0          4          0   (incl. Padding)

    ----------------------------------------------------------------------

      Code (inc. data)   RO Data    RW Data    ZI Data      Debug   Library Name

      5932        238        448          4         96       4136   c_w.l
      2386        184          0          0          0       1900   fz_wm.l
        48          0          0          0          0        124   m_wm.l

    ----------------------------------------------------------------------
      8380        422        448          4        100       6160   Library Totals

    ----------------------------------------------------------------------

==============================================================================


      Code (inc. data)   RO Data    RW Data    ZI Data      Debug   

     26100       2558       1168        204      25500    1769688   Grand Totals
     26100       2558       1168        204      25500    1769688   ELF Image Totals
     26100       2558       1168        204          0          0   ROM Totals

==============================================================================

    Total RO  Size (Code + RO Data)                27268 (  26.63kB)
    Total RW  Size (RW Data + ZI Data)             25704 (  25.10kB)
    Total ROM Size (Code + RO Data + RW Data)      27472 (  26.83kB)

==============================================================================

