Component: ARM Compiler 5.06 update 7 (build 960) Tool: armlink [4d3601]

==============================================================================

Section Cross References

    startup_stm32f407xx.o(STACK) refers (Special) to heapauxi.o(.text) for __use_two_region_memory
    startup_stm32f407xx.o(HEAP) refers (Special) to heapauxi.o(.text) for __use_two_region_memory
    startup_stm32f407xx.o(RESET) refers (Special) to heapauxi.o(.text) for __use_two_region_memory
    startup_stm32f407xx.o(RESET) refers to startup_stm32f407xx.o(STACK) for __initial_sp
    startup_stm32f407xx.o(RESET) refers to startup_stm32f407xx.o(.text) for Reset_Handler
    startup_stm32f407xx.o(RESET) refers to stm32f4xx_it.o(i.NMI_Handler) for NMI_Handler
    startup_stm32f407xx.o(RESET) refers to stm32f4xx_it.o(i.HardFault_Handler) for HardFault_Handler
    startup_stm32f407xx.o(RESET) refers to stm32f4xx_it.o(i.MemManage_Handler) for MemManage_Handler
    startup_stm32f407xx.o(RESET) refers to stm32f4xx_it.o(i.BusFault_Handler) for BusFault_Handler
    startup_stm32f407xx.o(RESET) refers to stm32f4xx_it.o(i.UsageFault_Handler) for UsageFault_Handler
    startup_stm32f407xx.o(RESET) refers to port.o(.emb_text) for SVC_Handler
    startup_stm32f407xx.o(RESET) refers to stm32f4xx_it.o(i.DebugMon_Handler) for DebugMon_Handler
    startup_stm32f407xx.o(RESET) refers to port.o(i.SysTick_Handler) for SysTick_Handler
    startup_stm32f407xx.o(RESET) refers to stm32f4xx_it.o(i.TIM2_IRQHandler) for TIM2_IRQHandler
    startup_stm32f407xx.o(RESET) refers to stm32f4xx_it.o(i.TIM4_IRQHandler) for TIM4_IRQHandler
    startup_stm32f407xx.o(RESET) refers to stm32f4xx_it.o(i.USART1_IRQHandler) for USART1_IRQHandler
    startup_stm32f407xx.o(RESET) refers to stm32f4xx_it.o(i.USART6_IRQHandler) for USART6_IRQHandler
    startup_stm32f407xx.o(.text) refers (Special) to heapauxi.o(.text) for __use_two_region_memory
    startup_stm32f407xx.o(.text) refers to system_stm32f4xx.o(i.SystemInit) for SystemInit
    startup_stm32f407xx.o(.text) refers to __main.o(!!!main) for __main
    startup_stm32f407xx.o(.text) refers to startup_stm32f407xx.o(HEAP) for Heap_Mem
    startup_stm32f407xx.o(.text) refers to startup_stm32f407xx.o(STACK) for Stack_Mem
    main.o(i.HAL_TIM_PeriodElapsedCallback) refers to stm32f4xx_hal.o(i.HAL_IncTick) for HAL_IncTick
    main.o(i.HAL_TIM_PeriodElapsedCallback) refers to stm32f4xx_hal_tim.o(i.HAL_TIM_Base_Stop) for HAL_TIM_Base_Stop
    main.o(i.HAL_TIM_PeriodElapsedCallback) refers to task_lte.o(i.display) for display
    main.o(i.HAL_TIM_PeriodElapsedCallback) refers to main.o(.bss) for .bss
    main.o(i.HAL_TIM_PeriodElapsedCallback) refers to main.o(.data) for .data
    main.o(i.HAL_UART_RxCpltCallback) refers to main.o(i.printDebug) for printDebug
    main.o(i.HAL_UART_RxCpltCallback) refers to task_lte.o(i.sendUserWarning) for sendUserWarning
    main.o(i.HAL_UART_RxCpltCallback) refers to stm32f4xx_hal_uart.o(i.HAL_UART_Receive_IT) for HAL_UART_Receive_IT
    main.o(i.HAL_UART_RxCpltCallback) refers to main.o(.data) for .data
    main.o(i.HAL_UART_RxCpltCallback) refers to main.o(.bss) for .bss
    main.o(i.HAL_UART_RxCpltCallback) refers to uart.o(.bss) for huart6
    main.o(i.MX_TIM2_Init) refers to stm32f4xx_hal_tim.o(i.HAL_TIM_Base_Init) for HAL_TIM_Base_Init
    main.o(i.MX_TIM2_Init) refers to stm32f4xx_hal_tim.o(i.HAL_TIM_ConfigClockSource) for HAL_TIM_ConfigClockSource
    main.o(i.MX_TIM2_Init) refers to stm32f4xx_hal_tim_ex.o(i.HAL_TIMEx_MasterConfigSynchronization) for HAL_TIMEx_MasterConfigSynchronization
    main.o(i.MX_TIM2_Init) refers to main.o(.bss) for .bss
    main.o(i.StartDefaultTask) refers to task_lte.o(i.CheckSimConditionCommand) for CheckSimConditionCommand
    main.o(i.StartDefaultTask) refers to cmsis_os.o(i.osDelay) for osDelay
    main.o(i.StartDefaultTask) refers to main.o(i.printDebug) for printDebug
    main.o(i.StartDefaultTask) refers to task_lte.o(i.SendCommandToSim) for SendCommandToSim
    main.o(i.StartDefaultTask) refers to strstr.o(.text) for strstr
    main.o(i.StartDefaultTask) refers to task_lte.o(i.processRespond) for processRespond
    main.o(i.StartDefaultTask) refers to taskprocessfirmware.o(i.deleteBuffer) for deleteBuffer
    main.o(i.StartDefaultTask) refers to stm32f4xx_hal_flash.o(i.HAL_FLASH_Unlock) for HAL_FLASH_Unlock
    main.o(i.StartDefaultTask) refers to stm32f4xx_hal_flash.o(i.HAL_FLASH_Lock) for HAL_FLASH_Lock
    main.o(i.StartDefaultTask) refers to task_lte.o(i.sendFailNotification) for sendFailNotification
    main.o(i.StartDefaultTask) refers to main.o(i.erase_flash_sector) for erase_flash_sector
    main.o(i.StartDefaultTask) refers to taskprocessfirmware.o(i.setStartPage) for setStartPage
    main.o(i.StartDefaultTask) refers to task_lte.o(i.SIM_RequestFirmwareCommand) for SIM_RequestFirmwareCommand
    main.o(i.StartDefaultTask) refers to task_lte.o(i.ProcessFirmwareReceived) for ProcessFirmwareReceived
[...]
    i.vTaskDelay                             0x08063e4c   Section        0  tasks.o(i.vTaskDelay)
    i.vTaskInternalSetTimeOutState           0x08063e98   Section        0  tasks.o(i.vTaskInternalSetTimeOutState)
    i.vTaskMissedYield                       0x08063ea8   Section        0  tasks.o(i.vTaskMissedYield)
    i.vTaskPlaceOnEventList                  0x08063eb4   Section        0  tasks.o(i.vTaskPlaceOnEventList)
    i.vTaskStartScheduler                    0x08063ee4   Section        0  tasks.o(i.vTaskStartScheduler)
    i.vTaskSuspendAll                        0x08063f50   Section        0  tasks.o(i.vTaskSuspendAll)
    i.vTaskSwitchContext                     0x08063f60   Section        0  tasks.o(i.vTaskSwitchContext)
    i.xPortStartScheduler                    0x08063fbc   Section        0  port.o(i.xPortStartScheduler)
    i.xQueueCreateMutex                      0x080640b0   Section        0  queue.o(i.xQueueCreateMutex)
    i.xQueueCreateMutexStatic                0x080640c6   Section        0  queue.o(i.xQueueCreateMutexStatic)
    i.xQueueGenericCreate                    0x080640e0   Section        0  queue.o(i.xQueueGenericCreate)
    i.xQueueGenericCreateStatic              0x08064122   Section        0  queue.o(i.xQueueGenericCreateStatic)
    i.xQueueGenericReset                     0x08064188   Section        0  queue.o(i.xQueueGenericReset)
    i.xQueueGenericSend                      0x08064210   Section        0  queue.o(i.xQueueGenericSend)
    i.xTaskCheckForTimeOut                   0x08064370   Section        0  tasks.o(i.xTaskCheckForTimeOut)
    i.xTaskCreate                            0x080643e4   Section        0  tasks.o(i.xTaskCreate)
    i.xTaskCreateStatic                      0x0806443e   Section        0  tasks.o(i.xTaskCreateStatic)
    i.xTaskGetSchedulerState                 0x08064494   Section        0  tasks.o(i.xTaskGetSchedulerState)
    i.xTaskIncrementTick                     0x080644b0   Section        0  tasks.o(i.xTaskIncrementTick)
    i.xTaskPriorityDisinherit                0x0806457c   Section        0  tasks.o(i.xTaskPriorityDisinherit)
    i.xTaskRemoveFromEventList               0x08064614   Section        0  tasks.o(i.xTaskRemoveFromEventList)
    i.xTaskResumeAll                         0x08064688   Section        0  tasks.o(i.xTaskResumeAll)
    locale$$code                             0x0806474c   Section       44  lc_ctype_c.o(locale$$code)
    x$fpl$fpinit                             0x08064778   Section       10  fpinit.o(x$fpl$fpinit)
    $v0                                      0x08064778   Number         0  fpinit.o(x$fpl$fpinit)
    .constdata                               0x08064784   Section       84  main.o(.constdata)
    .constdata                               0x080647d8   Section      104  taskprocessfirmware.o(.constdata)
    .constdata                               0x08064840   Section       16  system_stm32f4xx.o(.constdata)
    .constdata                               0x08064850   Section        8  system_stm32f4xx.o(.constdata)
    .conststring                             0x08064858   Section       40  main.o(.conststring)
    .conststring                             0x08064880   Section       99  task_lte.o(.conststring)
    locale$$data                             0x08064904   Section      272  lc_ctype_c.o(locale$$data)
    __lcctype_c_name                         0x08064908   Data           2  lc_ctype_c.o(locale$$data)
    __lcctype_c_start                        0x08064910   Data           0  lc_ctype_c.o(locale$$data)
    __lcctype_c_end                          0x08064a14   Data           0  lc_ctype_c.o(locale$$data)
    .data                                    0x20000000   Section       56  main.o(.data)
    .data                                    0x20000038   Section       20  taskprocessfirmware.o(.data)
    .data                                    0x2000004c   Section       12  stm32f4xx_hal.o(.data)
    .data                                    0x20000058   Section        4  system_stm32f4xx.o(.data)
    .data                                    0x2000005c   Section       60  tasks.o(.data)
    uxDeletedTasksWaitingCleanUp             0x20000060   Data           4  tasks.o(.data)
    uxCurrentNumberOfTasks                   0x20000064   Data           4  tasks.o(.data)
    xTickCount                               0x20000068   Data           4  tasks.o(.data)
    uxTopReadyPriority                       0x2000006c   Data           4  tasks.o(.data)
    xSchedulerRunning                        0x20000070   Data           4  tasks.o(.data)
    xPendedTicks                             0x20000074   Data           4  tasks.o(.data)
    xYieldPending                            0x20000078   Data           4  tasks.o(.data)
    xNumOfOverflows                          0x2000007c   Data           4  tasks.o(.data)
    uxTaskNumber                             0x20000080   Data           4  tasks.o(.data)
    xNextTaskUnblockTime                     0x20000084   Data           4  tasks.o(.data)
    xIdleTaskHandle                          0x20000088   Data           4  tasks.o(.data)
    uxSchedulerSuspended                     0x2000008c   Data           4  tasks.o(.data)
    pxDelayedTaskList                        0x20000090   Data           4  tasks.o(.data)
    pxOverflowDelayedTaskList                0x20000094   Data           4  tasks.o(.data)
    .data                                    0x20000098   Section       32  heap_4.o(.data)
    pxEnd                                    0x20000098   Data           4  heap_4.o(.data)
    xFreeBytesRemaining                      0x2000009c   Data           4  heap_4.o(.data)
    xMinimumEverFreeBytesRemaining           0x200000a0   Data           4  heap_4.o(.data)
    xNumberOfSuccessfulAllocations           0x200000a4   Data           4  heap_4.o(.data)
    xNumberOfSuccessfulFrees                 0x200000a8   Data           4  heap_4.o(.data)
    xBlockAllocatedBit                       0x200000ac   Data           4  heap_4.o(.data)
    xStart                                   0x200000b0   Data           8  heap_4.o(.data)
    .data                                    0x200000b8   Section       12  port.o(.data)
    ucMaxSysCallPriority                     0x200000b8   Data           1  port.o(.data)
    uxCriticalNesting                        0x200000bc   Data           4  port.o(.data)
    ulMaxPRIGROUPValue                       0x200000c0   Data           4  port.o(.data)
    .data                                    0x200000c4   Section        4  strtok.o(.data)
    _strtok_saves1                           0x200000c4   Data           4  strtok.o(.data)
    .bss                                     0x200000c8   Section     2120  main.o(.bss)
    .bss                                     0x20000910   Section      596  freertos.o(.bss)
    xIdleTaskTCBBuffer                       0x20000910   Data          84  freertos.o(.bss)
    xIdleStack                               0x20000964   Data         512  freertos.o(.bss)
    .bss                                     0x20000b64   Section       72  stm32f4xx_hal_timebase_tim.o(.bss)
    .bss                                     0x20000bac   Section      136  uart.o(.bss)
    .bss                                     0x20000c34   Section     5165  taskprocessfirmware.o(.bss)
    .bss                                     0x20002064   Section       32  stm32f4xx_hal_flash.o(.bss)
    .bss                                     0x20002084   Section      240  tasks.o(.bss)
    pxReadyTasksLists                        0x20002084   Data         140  tasks.o(.bss)
    xDelayedTaskList1                        0x20002110   Data          20  tasks.o(.bss)
    xDelayedTaskList2                        0x20002124   Data          20  tasks.o(.bss)
    xPendingReadyList                        0x20002138   Data          20  tasks.o(.bss)
    xTasksWaitingTermination                 0x2000214c   Data          20  tasks.o(.bss)
    xSuspendedTaskList                       0x20002160   Data          20  tasks.o(.bss)
    .bss                                     0x20002174   Section    15360  heap_4.o(.bss)
    ucHeap                                   0x20002174   Data       15360  heap_4.o(.bss)
    .bss                                     0x20005d74   Section       96  libspace.o(.bss)
    HEAP                                     0x20005dd8   Section      512  startup_stm32f407xx.o(HEAP)
    Heap_Mem                                 0x20005dd8   Data         512  startup_stm32f407xx.o(HEAP)
    STACK                                    0x20005fd8   Section     1024  startup_stm32f407xx.o(STACK)
    Stack_Mem                                0x20005fd8   Data        1024  startup_stm32f407xx.o(STACK)
    __initial_sp                             0x200063d8   Data           0  startup_stm32f407xx.o(STACK)

    Global Symbols

    Symbol Name                              Value     Ov Type        Size  Object(Section)

    BuildAttributes$$THM_ISAv4$E$P$D$K$B$S$7EM$VFPi3$EXTD16$VFPS$VFMA$PE$A:L22UL41UL21$X:L11$S22US41US21$IEEE1$IW$USESV6$~STKCKD$USESV7$~SHL$OTIME$ROPI$EBA8$UX$STANDARDLIB$REQ8$PRES8$EABIv2 0x00000000   Number         0  anon$$obj.o ABSOLUTE
    __ARM_use_no_argv                        0x00000000   Number         0  main.o ABSOLUTE
    __ARM_exceptions_init                     - Undefined Weak Reference
    __alloca_initialize                       - Undefined Weak Reference
    __arm_fini_                               - Undefined Weak Reference
    __arm_preinit_                            - Undefined Weak Reference
    __cpp_initialize__aeabi_                  - Undefined Weak Reference
    __cxa_finalize                            - Undefined Weak Reference
    __sigvec_lookup                           - Undefined Weak Reference
    __user_heap_extent                        - Undefined Weak Reference
    _atexit_init                              - Undefined Weak Reference
    _call_atexit_fns                          - Undefined Weak Reference
    _clock_init                               - Undefined Weak Reference
    _fp_trap_init                             - Undefined Weak Reference
    _fp_trap_shutdown                         - Undefined Weak Reference
    _get_lc_collate                           - Undefined Weak Reference
    _get_lc_monetary                          - Undefined Weak Reference
    _get_lc_numeric                           - Undefined Weak Reference
    _get_lc_time                              - Undefined Weak Reference
    _getenv_init                              - Undefined Weak Reference
    _handle_redirection                       - Undefined Weak Reference
    _initio                                   - Undefined Weak Reference
    _mutex_acquire                            - Undefined Weak Reference
    _mutex_free                               - Undefined Weak Reference
    _mutex_release                            - Undefined Weak Reference
    _printf_mbtowc                            - Undefined Weak Reference
    _printf_post_padding                      - Undefined Weak Reference
    _printf_pre_padding                       - Undefined Weak Reference
    _printf_truncate_signed                   - Undefined Weak Reference
    _printf_truncate_unsigned                 - Undefined Weak Reference
    _rand_init                                - Undefined Weak Reference
    _signal_finish                            - Undefined Weak Reference
    _signal_init                              - Undefined Weak Reference
    _terminateio                              - Undefined Weak Reference
    __Vectors_Size                           0x00000188   Number         0  startup_stm32f407xx.o ABSOLUTE
    __Vectors                                0x08060000   Data           4  startup_stm32f407xx.o(RESET)
    __Vectors_End                            0x08060188   Data           0  startup_stm32f407xx.o(RESET)
    __main                                   0x08060189   Thumb Code     8  __main.o(!!!main)
    __scatterload                            0x08060191   Thumb Code     0  __scatter.o(!!!scatter)
    __scatterload_rt2                        0x08060191   Thumb Code    44  __scatter.o(!!!scatter)
    __scatterload_rt2_thumb_only             0x08060191   Thumb Code     0  __scatter.o(!!!scatter)
    __scatterload_null                       0x0806019f   Thumb Code     0  __scatter.o(!!!scatter)
    __scatterload_copy                       0x080601c5   Thumb Code    26  __scatter_copy.o(!!handler_copy)
    __scatterload_zeroinit                   0x080601e1   Thumb Code    28  __scatter_zi.o(!!handler_zi)
    _printf_d                                0x080601fd   Thumb Code     0  _printf_d.o(.ARM.Collect$$_printf_percent$$00000009)
    _printf_percent                          0x080601fd   Thumb Code     0  _printf_percent.o(.ARM.Collect$$_printf_percent$$00000000)
    _printf_s                                0x08060203   Thumb Code     0  _printf_s.o(.ARM.Collect$$_printf_percent$$00000014)
    _printf_percent_end                      0x08060209   Thumb Code     0  _printf_percent_end.o(.ARM.Collect$$_printf_percent$$00000017)
    __rt_lib_init                            0x0806020d   Thumb Code     0  libinit.o(.ARM.Collect$$libinit$$00000000)
    __rt_lib_init_fp_1                       0x0806020f   Thumb Code     0  libinit2.o(.ARM.Collect$$libinit$$00000001)
    __rt_lib_init_heap_1                     0x08060213   Thumb Code     0  libinit2.o(.ARM.Collect$$libinit$$0000000A)
    __rt_lib_init_lc_common                  0x08060213   Thumb Code     0  libinit2.o(.ARM.Collect$$libinit$$0000000F)
    __rt_lib_init_preinit_1                  0x08060213   Thumb Code     0  libinit2.o(.ARM.Collect$$libinit$$00000004)
    __rt_lib_init_rand_1                     0x08060213   Thumb Code     0  libinit2.o(.ARM.Collect$$libinit$$0000000E)
    __rt_lib_init_user_alloc_1               0x08060213   Thumb Code     0  libinit2.o(.ARM.Collect$$libinit$$0000000C)
    __rt_lib_init_lc_collate_1               0x08060219   Thumb Code     0  libinit2.o(.ARM.Collect$$libinit$$00000011)
    __rt_lib_init_lc_ctype_2                 0x08060219   Thumb Code     0  libinit2.o(.ARM.Collect$$libinit$$00000012)
    __rt_lib_init_alloca_1                   0x08060225   Thumb Code     0  libinit2.o(.ARM.Collect$$libinit$$0000002E)
    __rt_lib_init_argv_1                     0x08060225   Thumb Code     0  libinit2.o(.ARM.Collect$$libinit$$0000002C)
    __rt_lib_init_atexit_1                   0x08060225   Thumb Code     0  libinit2.o(.ARM.Collect$$libinit$$0000001B)
    __rt_lib_init_clock_1                    0x08060225   Thumb Code     0  libinit2.o(.ARM.Collect$$libinit$$00000021)
    __rt_lib_init_cpp_1                      0x08060225   Thumb Code     0  libinit2.o(.ARM.Collect$$libinit$$00000032)
    __rt_lib_init_exceptions_1               0x08060225   Thumb Code     0  libinit2.o(.ARM.Collect$$libinit$$00000030)
    __rt_lib_init_fp_trap_1                  0x08060225   Thumb Code     0  libinit2.o(.ARM.Collect$$libinit$$0000001F)
    __rt_lib_init_getenv_1                   0x08060225   Thumb Code     0  libinit2.o(.ARM.Collect$$libinit$$00000023)
    __rt_lib_init_lc_ctype_1                 0x08060225   Thumb Code     0  libinit2.o(.ARM.Collect$$libinit$$00000013)
    __rt_lib_init_lc_monetary_1              0x08060225   Thumb Code     0  libinit2.o(.ARM.Collect$$libinit$$00000015)
    __rt_lib_init_lc_numeric_1               0x08060225   Thumb Code     0  libinit2.o(.ARM.Collect$$libinit$$00000017)
    __rt_lib_init_lc_time_1                  0x08060225   Thumb Code     0  libinit2.o(.ARM.Collect$$libinit$$00000019)
    __rt_lib_init_return                     0x08060225   Thumb Code     0  libinit2.o(.ARM.Collect$$libinit$$00000033)
    __rt_lib_init_signal_1                   0x08060225   Thumb Code     0  libinit2.o(.ARM.Collect$$libinit$$0000001D)
    __rt_lib_init_stdio_1                    0x08060225   Thumb Code     0  libinit2.o(.ARM.Collect$$libinit$$00000025)
    __rt_lib_shutdown                        0x08060227   Thumb Code     0  libshutdown.o(.ARM.Collect$$libshutdown$$00000000)
    __rt_lib_shutdown_cpp_1                  0x08060229   Thumb Code     0  libshutdown2.o(.ARM.Collect$$libshutdown$$00000004)
    __rt_lib_shutdown_fini_1                 0x08060229   Thumb Code     0  libshutdown2.o(.ARM.Collect$$libshutdown$$00000002)
    __rt_lib_shutdown_fp_trap_1              0x08060229   Thumb Code     0  libshutdown2.o(.ARM.Collect$$libshutdown$$00000009)
    __rt_lib_shutdown_heap_1                 0x08060229   Thumb Code     0  libshutdown2.o(.ARM.Collect$$libshutdown$$00000011)
    __rt_lib_shutdown_return                 0x08060229   Thumb Code     0  libshutdown2.o(.ARM.Collect$$libshutdown$$00000012)
    __rt_lib_shutdown_signal_1               0x08060229   Thumb Code     0  libshutdown2.o(.ARM.Collect$$libshutdown$$0000000C)
    __rt_lib_shutdown_stdio_1                0x08060229   Thumb Code     0  libshutdown2.o(.ARM.Collect$$libshutdown$$00000006)
    __rt_lib_shutdown_user_alloc_1           0x08060229   Thumb Code     0  libshutdown2.o(.ARM.Collect$$libshutdown$$0000000E)
    __rt_entry                               0x0806022b   Thumb Code     0  __rtentry.o(.ARM.Collect$$rtentry$$00000000)
    __rt_entry_presh_1                       0x0806022b   Thumb Code     0  __rtentry2.o(.ARM.Collect$$rtentry$$00000002)
    __rt_entry_sh                            0x0806022b   Thumb Code     0  __rtentry4.o(.ARM.Collect$$rtentry$$00000004)
    __rt_entry_li                            0x08060231   Thumb Code     0  __rtentry2.o(.ARM.Collect$$rtentry$$0000000A)
    __rt_entry_postsh_1                      0x08060231   Thumb Code     0  __rtentry2.o(.ARM.Collect$$rtentry$$00000009)
    __rt_entry_main                          0x08060235   Thumb Code     0  __rtentry2.o(.ARM.Collect$$rtentry$$0000000D)
    __rt_entry_postli_1                      0x08060235   Thumb Code     0  __rtentry2.o(.ARM.Collect$$rtentry$$0000000C)
    __rt_exit                                0x0806023d   Thumb Code     0  rtexit.o(.ARM.Collect$$rtexit$$00000000)
    __rt_exit_ls                             0x0806023f   Thumb Code     0  rtexit2.o(.ARM.Collect$$rtexit$$00000003)
    __rt_exit_prels_1                        0x0806023f   Thumb Code     0  rtexit2.o(.ARM.Collect$$rtexit$$00000002)
    __rt_exit_exit                           0x08060243   Thumb Code     0  rtexit2.o(.ARM.Collect$$rtexit$$00000004)
    SVC_Handler                              0x08060249   Thumb Code    28  port.o(.emb_text)
    __asm___6_port_c_39a90d8d__prvStartFirstTask 0x08060269   Thumb Code    36  port.o(.emb_text)
    __asm___6_port_c_39a90d8d__prvEnableVFP  0x08060291   Thumb Code    16  port.o(.emb_text)
    PendSV_Handler                           0x080602a5   Thumb Code    88  port.o(.emb_text)
    vPortGetIPSR                             0x08060301   Thumb Code     6  port.o(.emb_text)
    Reset_Handler                            0x08060309   Thumb Code     8  startup_stm32f407xx.o(.text)
    ADC_IRQHandler                           0x08060323   Thumb Code     0  startup_stm32f407xx.o(.text)
    CAN1_RX0_IRQHandler                      0x08060323   Thumb Code     0  startup_stm32f407xx.o(.text)
    CAN1_RX1_IRQHandler                      0x08060323   Thumb Code     0  startup_stm32f407xx.o(.text)
    CAN1_SCE_IRQHandler                      0x08060323   Thumb Code     0  startup_stm32f407xx.o(.text)
    CAN1_TX_IRQHandler                       0x08060323   Thumb Code     0  startup_stm32f407xx.o(.text)
    CAN2_RX0_IRQHandler                      0x08060323   Thumb Code     0  startup_stm32f407xx.o(.text)
    CAN2_RX1_IRQHandler                      0x08060323   Thumb Code     0  startup_stm32f407xx.o(.text)
    CAN2_SCE_IRQHandler                      0x08060323   Thumb Code     0  startup_stm32f407xx.o(.text)
    CAN2_TX_IRQHandler                       0x08060323   Thumb Code     0  startup_stm32f407xx.o(.text)
    DCMI_IRQHandler                          0x08060323   Thumb Code     0  startup_stm32f407xx.o(.text)
    DMA1_Stream0_IRQHandler                  0x08060323   Thumb Code     0  startup_stm32f407xx.o(.text)
    DMA1_Stream1_IRQHandler                  0x08060323   Thumb Code     0  startup_stm32f407xx.o(.text)
    DMA1_Stream2_IRQHandler                  0x08060323   Thumb Code     0  startup_stm32f407xx.o(.text)
    DMA1_Stream3_IRQHandler                  0x08060323   Thumb Code     0  startup_stm32f407xx.o(.text)
    DMA1_Stream4_IRQHandler                  0x08060323   Thumb Code     0  startup_stm32f407xx.o(.text)
    DMA1_Stream5_IRQHandler                  0x08060323   Thumb Code     0  startup_stm32f407xx.o(.text)
    DMA1_Stream6_IRQHandler                  0x08060323   Thumb Code     0  startup_stm32f407xx.o(.text)
    DMA1_Stream7_IRQHandler                  0x08060323   Thumb Code     0  startup_stm32f407xx.o(.text)
    DMA2_Stream0_IRQHandler                  0x08060323   Thumb Code     0  startup_stm32f407xx.o(.text)
    DMA2_Stream1_IRQHandler                  0x08060323   Thumb Code     0  startup_stm32f407xx.o(.text)
    DMA2_Stream2_IRQHandler                  0x08060323   Thumb Code     0  startup_stm32f407xx.o(.text)
    DMA2_Stream3_IRQHandler                  0x08060323   Thumb Code     0  startup_stm32f407xx.o(.text)
    DMA2_Stream4_IRQHandler                  0x08060323   Thumb Code     0  startup_stm32f407xx.o(.text)
    DMA2_Stream5_IRQHandler                  0x08060323   Thumb Code     0  startup_stm32f407xx.o(.text)
    DMA2_Stream6_IRQHandler                  0x08060323   Thumb Code     0  startup_stm32f407xx.o(.text)
    DMA2_Stream7_IRQHandler                  0x08060323   Thumb Code     0  startup_stm32f407xx.o(.text)
    ETH_IRQHandler                           0x08060323   Thumb Code     0  startup_stm32f407xx.o(.text)
    ETH_WKUP_IRQHandler                      0x08060323   Thumb Code     0  startup_stm32f407xx.o(.text)
    EXTI0_IRQHandler                         0x08060323   Thumb Code     0  startup_stm32f407xx.o(.text)
    EXTI15_10_IRQHandler                     0x08060323   Thumb Code     0  startup_stm32f407xx.o(.text)
    EXTI1_IRQHandler                         0x08060323   Thumb Code     0  startup_stm32f407xx.o(.text)
    EXTI2_IRQHandler                         0x08060323   Thumb Code     0  startup_stm32f407xx.o(.text)
    EXTI3_IRQHandler                         0x08060323   Thumb Code     0  startup_stm32f407xx.o(.text)
    EXTI4_IRQHandler                         0x08060323   Thumb Code     0  startup_stm32f407xx.o(.text)
    EXTI9_5_IRQHandler                       0x08060323   Thumb Code     0  startup_stm32f407xx.o(.text)
    FLASH_IRQHandler                         0x08060323   Thumb Code     0  startup_stm32f407xx.o(.text)
    FMC_IRQHandler                           0x08060323   Thumb Code     0  startup_stm32f407xx.o(.text)
    FPU_IRQHandler                           0x08060323   Thumb Code     0  startup_stm32f407xx.o(.text)
    HASH_RNG_IRQHandler                      0x08060323   Thumb Code     0  startup_stm32f407xx.o(.text)
    I2C1_ER_IRQHandler                       0x08060323   Thumb Code     0  startup_stm32f407xx.o(.text)
    I2C1_EV_IRQHandler                       0x08060323   Thumb Code     0  startup_stm32f407xx.o(.text)
    I2C2_ER_IRQHandler                       0x08060323   Thumb Code     0  startup_stm32f407xx.o(.text)
    I2C2_EV_IRQHandler                       0x08060323   Thumb Code     0  startup_stm32f407xx.o(.text)
    I2C3_ER_IRQHandler                       0x08060323   Thumb Code     0  startup_stm32f407xx.o(.text)
    I2C3_EV_IRQHandler                       0x08060323   Thumb Code     0  startup_stm32f407xx.o(.text)
    OTG_FS_IRQHandler                        0x08060323   Thumb Code     0  startup_stm32f407xx.o(.text)
    OTG_FS_WKUP_IRQHandler                   0x08060323   Thumb Code     0  startup_stm32f407xx.o(.text)
    OTG_HS_EP1_IN_IRQHandler                 0x08060323   Thumb Code     0  startup_stm32f407xx.o(.text)
    OTG_HS_EP1_OUT_IRQHandler                0x08060323   Thumb Code     0  startup_stm32f407xx.o(.text)
    OTG_HS_IRQHandler                        0x08060323   Thumb Code     0  startup_stm32f407xx.o(.text)
    OTG_HS_WKUP_IRQHandler                   0x08060323   Thumb Code     0  startup_stm32f407xx.o(.text)
    PVD_IRQHandler                           0x08060323   Thumb Code     0  startup_stm32f407xx.o(.text)
    RCC_IRQHandler                           0x08060323   Thumb Code     0  startup_stm32f407xx.o(.text)
    RTC_Alarm_IRQHandler                     0x08060323   Thumb Code     0  startup_stm32f407xx.o(.text)
    RTC_WKUP_IRQHandler                      0x08060323   Thumb Code     0  startup_stm32f407xx.o(.text)
    SDIO_IRQHandler                          0x08060323   Thumb Code     0  startup_stm32f407xx.o(.text)
    SPI1_IRQHandler                          0x08060323   Thumb Code     0  startup_stm32f407xx.o(.text)
    SPI2_IRQHandler                          0x08060323   Thumb Code     0  startup_stm32f407xx.o(.text)
    SPI3_IRQHandler                          0x08060323   Thumb Code     0  startup_stm32f407xx.o(.text)
    TAMP_STAMP_IRQHandler                    0x08060323   Thumb Code     0  startup_stm32f407xx.o(.text)
    TIM1_BRK_TIM9_IRQHandler                 0x08060323   Thumb Code     0  startup_stm32f407xx.o(.text)
    TIM1_CC_IRQHandler                       0x08060323   Thumb Code     0  startup_stm32f407xx.o(.text)
    TIM1_TRG_COM_TIM11_IRQHandler            0x08060323   Thumb Code     0  startup_stm32f407xx.o(.text)
    TIM1_UP_TIM10_IRQHandler                 0x08060323   Thumb Code     0  startup_stm32f407xx.o(.text)
    TIM3_IRQHandler                          0x08060323   Thumb Code     0  startup_stm32f407xx.o(.text)
    TIM5_IRQHandler                          0x08060323   Thumb Code     0  startup_stm32f407xx.o(.text)
    TIM6_DAC_IRQHandler                      0x08060323   Thumb Code     0  startup_stm32f407xx.o(.text)
    TIM7_IRQHandler                          0x08060323   Thumb Code     0  startup_stm32f407xx.o(.text)
    TIM8_BRK_TIM12_IRQHandler                0x08060323   Thumb Code     0  startup_stm32f407xx.o(.text)
    TIM8_CC_IRQHandler                       0x08060323   Thumb Code     0  startup_stm32f407xx.o(.text)
    TIM8_TRG_COM_TIM14_IRQHandler            0x08060323   Thumb Code     0  startup_stm32f407xx.o(.text)
    TIM8_UP_TIM13_IRQHandler                 0x08060323   Thumb Code     0  startup_stm32f407xx.o(.text)
    UART4_IRQHandler                         0x08060323   Thumb Code     0  startup_stm32f407xx.o(.text)
    UART5_IRQHandler                         0x08060323   Thumb Code     0  startup_stm32f407xx.o(.text)
    USART2_IRQHandler                        0x08060323   Thumb Code     0  startup_stm32f407xx.o(.text)
    USART3_IRQHandler                        0x08060323   Thumb Code     0  startup_stm32f407xx.o(.text)
    WWDG_IRQHandler                          0x08060323   Thumb Code     0  startup_stm32f407xx.o(.text)
    __user_initial_stackheap                 0x08060325   Thumb Code     0  startup_stm32f407xx.o(.text)
    free                                     0x08060349   Thumb Code    78  h1_free.o(.text)
    __aeabi_uldivmod                         0x08060397   Thumb Code     0  lludivv7m.o(.text)
    _ll_udiv                                 0x08060397   Thumb Code   238  lludivv7m.o(.text)
    __2sprintf                               0x08060485   Thumb Code    34  noretval__2sprintf.o(.text)
    __printf                                 0x080604ad   Thumb Code   104  __printf.o(.text)
    _printf_str                              0x08060515   Thumb Code    82  _printf_str.o(.text)
    _printf_int_dec                          0x08060569   Thumb Code   104  _printf_dec.o(.text)
    strtol                                   0x080605e1   Thumb Code   112  strtol.o(.text)
    strtok                                   0x08060651   Thumb Code     6  strtok.o(.text)
    strstr                                   0x0806065d   Thumb Code    36  strstr.o(.text)
    strcpy                                   0x08060681   Thumb Code    72  strcpy.o(.text)
    strlen                                   0x080606c9   Thumb Code    62  strlen.o(.text)
    __aeabi_memcpy                           0x08060707   Thumb Code     0  rt_memcpy_v6.o(.text)
    __rt_memcpy                              0x08060707   Thumb Code   138  rt_memcpy_v6.o(.text)
    _memcpy_lastbytes                        0x0806076d   Thumb Code     0  rt_memcpy_v6.o(.text)
    __aeabi_memcpy4                          0x08060791   Thumb Code     0  rt_memcpy_w.o(.text)
    __aeabi_memcpy8                          0x08060791   Thumb Code     0  rt_memcpy_w.o(.text)
    __rt_memcpy_w                            0x08060791   Thumb Code   100  rt_memcpy_w.o(.text)
    _memcpy_lastbytes_aligned                0x080607d9   Thumb Code     0  rt_memcpy_w.o(.text)
    __aeabi_memclr4                          0x080607f5   Thumb Code     0  rt_memclr_w.o(.text)
    __aeabi_memclr8                          0x080607f5   Thumb Code     0  rt_memclr_w.o(.text)
    __rt_memclr_w                            0x080607f5   Thumb Code    78  rt_memclr_w.o(.text)
    _memset_w                                0x080607f9   Thumb Code     0  rt_memclr_w.o(.text)
    __use_two_region_memory                  0x08060843   Thumb Code     2  heapauxi.o(.text)
    __rt_heap_escrow                         0x08060845   Thumb Code     2  heapauxi.o(.text)
    __rt_heap_expand                         0x08060847   Thumb Code     2  heapauxi.o(.text)
    __rt_ctype_table                         0x08060849   Thumb Code    16  rt_ctype_table.o(.text)
    __rt_heap_descriptor                     0x08060859   Thumb Code     8  rt_heap_descriptor_intlibspace.o(.text)
    __aeabi_errno_addr                       0x08060861   Thumb Code     8  rt_errno_addr_intlibspace.o(.text)
    __errno$intlibspace                      0x08060861   Thumb Code     0  rt_errno_addr_intlibspace.o(.text)
    __rt_errno_addr$intlibspace              0x08060861   Thumb Code     0  rt_errno_addr_intlibspace.o(.text)
    _printf_int_common                       0x08060869   Thumb Code   178  _printf_intcommon.o(.text)
    _printf_char_common                      0x08060927   Thumb Code    32  _printf_char_common.o(.text)
    _sputc                                   0x0806094d   Thumb Code    10  _sputc.o(.text)
    _printf_cs_common                        0x08060957   Thumb Code    20  _printf_char.o(.text)
    _printf_char                             0x0806096b   Thumb Code    16  _printf_char.o(.text)
    _printf_string                           0x0806097b   Thumb Code     8  _printf_char.o(.text)
    _strtoul                                 0x08060983   Thumb Code   158  _strtoul.o(.text)
    __strtok_internal                        0x08060a21   Thumb Code    64  strtok_int.o(.text)
    __user_libspace                          0x08060a65   Thumb Code     8  libspace.o(.text)
    __user_perproc_libspace                  0x08060a65   Thumb Code     0  libspace.o(.text)
    __user_perthread_libspace                0x08060a65   Thumb Code     0  libspace.o(.text)
    __rt_locale                              0x08060a6d   Thumb Code     8  rt_locale_intlibspace.o(.text)
    _chval                                   0x08060a75   Thumb Code    28  _chval.o(.text)
    strcspn                                  0x08060a91   Thumb Code    32  strcspn.o(.text)
    strspn                                   0x08060ab1   Thumb Code    28  strspn.o(.text)
    __user_setup_stackheap                   0x08060acd   Thumb Code    74  sys_stackheap_outer.o(.text)
    exit                                     0x08060b17   Thumb Code    18  exit.o(.text)
    strcmp                                   0x08060b29   Thumb Code   128  strcmpv7m.o(.text)
    _sys_exit                                0x08060ba9   Thumb Code     8  sys_exit.o(.text)
    __I$use$semihosting                      0x08060bb5   Thumb Code     0  use_no_semi.o(.text)
    __use_no_semihosting_swi                 0x08060bb5   Thumb Code     2  use_no_semi.o(.text)
    BusFault_Handler                         0x08060bb7   Thumb Code     2  stm32f4xx_it.o(i.BusFault_Handler)
    __semihosting_library_function           0x08060bb7   Thumb Code     0  indicate_semi.o(.text)
    CheckByteCount                           0x08060bb9   Thumb Code    62  taskprocessfirmware.o(i.CheckByteCount)
    CheckHex                                 0x08060bf7   Thumb Code    40  taskprocessfirmware.o(i.CheckHex)
    CheckLength                              0x08060c1f   Thumb Code    14  taskprocessfirmware.o(i.CheckLength)
    CheckLineError                           0x08060c2d   Thumb Code    76  taskprocessfirmware.o(i.CheckLineError)
    CheckSimConditionCommand                 0x08060c79   Thumb Code   158  task_lte.o(i.CheckSimConditionCommand)
    CheckStartBit                            0x08060e41   Thumb Code    14  taskprocessfirmware.o(i.CheckStartBit)
    CheckSum                                 0x08060e4f   Thumb Code    78  taskprocessfirmware.o(i.CheckSum)
    ClearBuffer                              0x08060e9d   Thumb Code    20  taskprocessfirmware.o(i.ClearBuffer)
    ConvertToDec                             0x08060eb5   Thumb Code    30  taskprocessfirmware.o(i.ConvertToDec)
    DebugMon_Handler                         0x08060ed3   Thumb Code     2  stm32f4xx_it.o(i.DebugMon_Handler)
    Error_Handler                            0x08060ed5   Thumb Code     4  main.o(i.Error_Handler)
    FLASH_Erase_Sector                       0x08060ed9   Thumb Code    74  stm32f4xx_hal_flash_ex.o(i.FLASH_Erase_Sector)
    FLASH_FlushCaches                        0x08060f29   Thumb Code    80  stm32f4xx_hal_flash_ex.o(i.FLASH_FlushCaches)
    FLASH_WaitForLastOperation               0x080610a1   Thumb Code    72  stm32f4xx_hal_flash.o(i.FLASH_WaitForLastOperation)
    HAL_DMA_Abort                            0x080610f1   Thumb Code   146  stm32f4xx_hal_dma.o(i.HAL_DMA_Abort)
    HAL_DMA_Abort_IT                         0x08061183   Thumb Code    36  stm32f4xx_hal_dma.o(i.HAL_DMA_Abort_IT)
    HAL_FLASHEx_Erase                        0x080611a9   Thumb Code   144  stm32f4xx_hal_flash_ex.o(i.HAL_FLASHEx_Erase)
    HAL_FLASH_Lock                           0x08061241   Thumb Code    14  stm32f4xx_hal_flash.o(i.HAL_FLASH_Lock)
    HAL_FLASH_Program                        0x08061255   Thumb Code   116  stm32f4xx_hal_flash.o(i.HAL_FLASH_Program)
    HAL_FLASH_Unlock                         0x080612d1   Thumb Code    32  stm32f4xx_hal_flash.o(i.HAL_FLASH_Unlock)
    HAL_GPIO_Init                            0x080612fd   Thumb Code   450  stm32f4xx_hal_gpio.o(i.HAL_GPIO_Init)
    HAL_GetTick                              0x080614ed   Thumb Code     6  stm32f4xx_hal.o(i.HAL_GetTick)
    HAL_IncTick                              0x080614f9   Thumb Code    12  stm32f4xx_hal.o(i.HAL_IncTick)
    HAL_Init                                 0x08061509   Thumb Code    48  stm32f4xx_hal.o(i.HAL_Init)
    HAL_InitTick                             0x0806153d   Thumb Code   132  stm32f4xx_hal_timebase_tim.o(i.HAL_InitTick)
    HAL_MspInit                              0x080615d5   Thumb Code    52  stm32f4xx_hal_msp.o(i.HAL_MspInit)
    HAL_NVIC_EnableIRQ                       0x0806160d   Thumb Code    26  stm32f4xx_hal_cortex.o(i.HAL_NVIC_EnableIRQ)
    HAL_NVIC_SetPriority                     0x08061629   Thumb Code    60  stm32f4xx_hal_cortex.o(i.HAL_NVIC_SetPriority)
    HAL_NVIC_SetPriorityGrouping             0x08061669   Thumb Code    26  stm32f4xx_hal_cortex.o(i.HAL_NVIC_SetPriorityGrouping)
    HAL_RCC_ClockConfig                      0x0806168d   Thumb Code   288  stm32f4xx_hal_rcc.o(i.HAL_RCC_ClockConfig)
    HAL_RCC_GetClockConfig                   0x080617c1   Thumb Code    54  stm32f4xx_hal_rcc.o(i.HAL_RCC_GetClockConfig)
    HAL_RCC_GetPCLK1Freq                     0x08061801   Thumb Code    20  stm32f4xx_hal_rcc.o(i.HAL_RCC_GetPCLK1Freq)
    HAL_RCC_GetPCLK2Freq                     0x08061821   Thumb Code    20  stm32f4xx_hal_rcc.o(i.HAL_RCC_GetPCLK2Freq)
    HAL_RCC_GetSysClockFreq                  0x08061841   Thumb Code    88  stm32f4xx_hal_rcc.o(i.HAL_RCC_GetSysClockFreq)
    HAL_RCC_OscConfig                        0x080618a5   Thumb Code   856  stm32f4xx_hal_rcc.o(i.HAL_RCC_OscConfig)
    HAL_TIMEx_BreakCallback                  0x08061c11   Thumb Code     2  stm32f4xx_hal_tim_ex.o(i.HAL_TIMEx_BreakCallback)
    HAL_TIMEx_CommutCallback                 0x08061c13   Thumb Code     2  stm32f4xx_hal_tim_ex.o(i.HAL_TIMEx_CommutCallback)
    HAL_TIMEx_MasterConfigSynchronization    0x08061c15   Thumb Code   116  stm32f4xx_hal_tim_ex.o(i.HAL_TIMEx_MasterConfigSynchronization)
    HAL_TIM_Base_Init                        0x08061ca5   Thumb Code    90  stm32f4xx_hal_tim.o(i.HAL_TIM_Base_Init)
    HAL_TIM_Base_MspInit                     0x08061d01   Thumb Code    50  stm32f4xx_hal_msp.o(i.HAL_TIM_Base_MspInit)
    HAL_TIM_Base_Start_IT                    0x08061d39   Thumb Code   100  stm32f4xx_hal_tim.o(i.HAL_TIM_Base_Start_IT)
    HAL_TIM_Base_Stop                        0x08061db9   Thumb Code    38  stm32f4xx_hal_tim.o(i.HAL_TIM_Base_Stop)
    HAL_TIM_ConfigClockSource                0x08061ddf   Thumb Code   220  stm32f4xx_hal_tim.o(i.HAL_TIM_ConfigClockSource)
    HAL_TIM_IC_CaptureCallback               0x08061ebb   Thumb Code     2  stm32f4xx_hal_tim.o(i.HAL_TIM_IC_CaptureCallback)
    HAL_TIM_IRQHandler                       0x08061ebd   Thumb Code   358  stm32f4xx_hal_tim.o(i.HAL_TIM_IRQHandler)
    HAL_TIM_OC_DelayElapsedCallback          0x08062023   Thumb Code     2  stm32f4xx_hal_tim.o(i.HAL_TIM_OC_DelayElapsedCallback)
    HAL_TIM_PWM_PulseFinishedCallback        0x08062025   Thumb Code     2  stm32f4xx_hal_tim.o(i.HAL_TIM_PWM_PulseFinishedCallback)
    HAL_TIM_PeriodElapsedCallback            0x08062029   Thumb Code    48  main.o(i.HAL_TIM_PeriodElapsedCallback)
    HAL_TIM_TriggerCallback                  0x0806206d   Thumb Code     2  stm32f4xx_hal_tim.o(i.HAL_TIM_TriggerCallback)
    HAL_UARTEx_RxEventCallback               0x0806206f   Thumb Code     2  stm32f4xx_hal_uart.o(i.HAL_UARTEx_RxEventCallback)
    HAL_UART_ErrorCallback                   0x08062071   Thumb Code     2  stm32f4xx_hal_uart.o(i.HAL_UART_ErrorCallback)
    HAL_UART_IRQHandler                      0x08062075   Thumb Code   610  stm32f4xx_hal_uart.o(i.HAL_UART_IRQHandler)
    HAL_UART_Init                            0x080622dd   Thumb Code    98  stm32f4xx_hal_uart.o(i.HAL_UART_Init)
    HAL_UART_MspInit                         0x08062341   Thumb Code   180  stm32f4xx_hal_msp.o(i.HAL_UART_MspInit)
    HAL_UART_Receive_IT                      0x08062409   Thumb Code    42  stm32f4xx_hal_uart.o(i.HAL_UART_Receive_IT)
    HAL_UART_RxCpltCallback                  0x08062435   Thumb Code   148  main.o(i.HAL_UART_RxCpltCallback)
    HAL_UART_Transmit                        0x080624f9   Thumb Code   178  stm32f4xx_hal_uart.o(i.HAL_UART_Transmit)
    HAL_UART_TxCpltCallback                  0x080625ab   Thumb Code     2  main.o(i.HAL_UART_TxCpltCallback)
    HardFault_Handler                        0x080625ad   Thumb Code    32  stm32f4xx_it.o(i.HardFault_Handler)
    MX_USART1_UART_Init                      0x0806269d   Thumb Code    48  uart.o(i.MX_USART1_UART_Init)
    MX_USART6_UART_Init                      0x080626d5   Thumb Code    48  uart.o(i.MX_USART6_UART_Init)
    MemManage_Handler                        0x0806270d   Thumb Code     2  stm32f4xx_it.o(i.MemManage_Handler)
    NMI_Handler                              0x0806270f   Thumb Code     2  stm32f4xx_it.o(i.NMI_Handler)
    ProcessFirmwareReceived                  0x08062711   Thumb Code   108  task_lte.o(i.ProcessFirmwareReceived)
    SIM_RequestFirmwareCommand               0x08062795   Thumb Code    48  task_lte.o(i.SIM_RequestFirmwareCommand)
    SendCommandToSim                         0x08062801   Thumb Code    40  task_lte.o(i.SendCommandToSim)
    StartDefaultTask                         0x08062831   Thumb Code   534  main.o(i.StartDefaultTask)
    StartTask02                              0x08062b89   Thumb Code    18  main.o(i.StartTask02)
    SysTick_Handler                          0x08062ba9   Thumb Code    38  port.o(i.SysTick_Handler)
    SystemClock_Config                       0x08062bd5   Thumb Code   116  main.o(i.SystemClock_Config)
    SystemInit                               0x08062c51   Thumb Code    12  system_stm32f4xx.o(i.SystemInit)
    TIM2_IRQHandler                          0x08062c61   Thumb Code     6  stm32f4xx_it.o(i.TIM2_IRQHandler)
    TIM4_IRQHandler                          0x08062c6d   Thumb Code     6  stm32f4xx_it.o(i.TIM4_IRQHandler)
    TIM_Base_SetConfig                       0x08062c79   Thumb Code   156  stm32f4xx_hal_tim.o(i.TIM_Base_SetConfig)
    TIM_ETR_SetConfig                        0x08062d41   Thumb Code    20  stm32f4xx_hal_tim.o(i.TIM_ETR_SetConfig)
    TaskCheckCommandFromUser                 0x08062dad   Thumb Code   144  main.o(i.TaskCheckCommandFromUser)
    UART_Start_Receive_IT                    0x080630cd   Thumb Code    58  stm32f4xx_hal_uart.o(i.UART_Start_Receive_IT)
    USART1_IRQHandler                        0x08063181   Thumb Code     6  stm32f4xx_it.o(i.USART1_IRQHandler)
    USART6_IRQHandler                        0x0806318d   Thumb Code     6  stm32f4xx_it.o(i.USART6_IRQHandler)
    UsageFault_Handler                       0x08063199   Thumb Code     2  stm32f4xx_it.o(i.UsageFault_Handler)
    WriteLineToFlash                         0x0806319d   Thumb Code   132  taskprocessfirmware.o(i.WriteLineToFlash)
    WritePage                                0x08063229   Thumb Code    88  taskprocessfirmware.o(i.WritePage)
    changeSettingBeforeReset                 0x080632b1   Thumb Code    72  main.o(i.changeSettingBeforeReset)
    convertCharsToHex                        0x08063301   Thumb Code    50  taskprocessfirmware.o(i.convertCharsToHex)
    convertHexPairs                          0x08063339   Thumb Code    34  taskprocessfirmware.o(i.convertHexPairs)
    deleteBuffer                             0x0806335b   Thumb Code    24  taskprocessfirmware.o(i.deleteBuffer)
    display                                  0x08063375   Thumb Code    26  task_lte.o(i.display)
    erase_flash_sector                       0x08063395   Thumb Code    46  main.o(i.erase_flash_sector)
    main                                     0x080633c9   Thumb Code   170  main.o(i.main)
    osDelay                                  0x080634dd   Thumb Code    14  cmsis_os.o(i.osDelay)
    osKernelStart                            0x080634eb   Thumb Code    10  cmsis_os.o(i.osKernelStart)
    osMutexCreate                            0x080634f5   Thumb Code    16  cmsis_os.o(i.osMutexCreate)
    osThreadCreate                           0x08063505   Thumb Code    84  cmsis_os.o(i.osThreadCreate)
    printDebug                               0x08063559   Thumb Code    24  main.o(i.printDebug)
    processRespond                           0x08063575   Thumb Code    48  task_lte.o(i.processRespond)
    processTmpLine                           0x080635a9   Thumb Code   182  taskprocessfirmware.o(i.processTmpLine)
    pvPortMalloc                             0x08063ac5   Thumb Code   216  heap_4.o(i.pvPortMalloc)
    pxPortInitialiseStack                    0x08063ba1   Thumb Code    40  port.o(i.pxPortInitialiseStack)
    sendFailNotification                     0x08063bcd   Thumb Code     6  task_lte.o(i.sendFailNotification)
    sendSMSNotification                      0x08063bed   Thumb Code    88  task_lte.o(i.sendSMSNotification)
    sendSuccessNotification                  0x08063c7d   Thumb Code     6  task_lte.o(i.sendSuccessNotification)
    sendUserWarning                          0x08063ca5   Thumb Code     6  task_lte.o(i.sendUserWarning)
    setStartPage                             0x08063cb1   Thumb Code     6  taskprocessfirmware.o(i.setStartPage)
    uxListRemove                             0x08063cbd   Thumb Code    38  list.o(i.uxListRemove)
    vApplicationGetIdleTaskMemory            0x08063ce5   Thumb Code    16  freertos.o(i.vApplicationGetIdleTaskMemory)
    vListInitialise                          0x08063cf9   Thumb Code    22  list.o(i.vListInitialise)
    vListInitialiseItem                      0x08063d0f   Thumb Code     6  list.o(i.vListInitialiseItem)
    vListInsert                              0x08063d15   Thumb Code    48  list.o(i.vListInsert)
    vListInsertEnd                           0x08063d45   Thumb Code    24  list.o(i.vListInsertEnd)
    vPortEnterCritical                       0x08063d5d   Thumb Code    54  port.o(i.vPortEnterCritical)
    vPortExitCritical                        0x08063d9d   Thumb Code    34  port.o(i.vPortExitCritical)
    vPortFree                                0x08063dc5   Thumb Code    94  heap_4.o(i.vPortFree)
    vPortSetupTimerInterrupt                 0x08063e29   Thumb Code    32  port.o(i.vPortSetupTimerInterrupt)
    vTaskDelay                               0x08063e4d   Thumb Code    66  tasks.o(i.vTaskDelay)
    vTaskInternalSetTimeOutState             0x08063e99   Thumb Code    12  tasks.o(i.vTaskInternalSetTimeOutState)
    vTaskMissedYield                         0x08063ea9   Thumb Code     8  tasks.o(i.vTaskMissedYield)
    vTaskPlaceOnEventList                    0x08063eb5   Thumb Code    44  tasks.o(i.vTaskPlaceOnEventList)
    vTaskStartScheduler                      0x08063ee5   Thumb Code    90  tasks.o(i.vTaskStartScheduler)
    vTaskSuspendAll                          0x08063f51   Thumb Code    10  tasks.o(i.vTaskSuspendAll)
    vTaskSwitchContext                       0x08063f61   Thumb Code    82  tasks.o(i.vTaskSwitchContext)
    xPortStartScheduler                      0x08063fbd   Thumb Code   222  port.o(i.xPortStartScheduler)
    xQueueCreateMutex                        0x080640b1   Thumb Code    22  queue.o(i.xQueueCreateMutex)
    xQueueCreateMutexStatic                  0x080640c7   Thumb Code    26  queue.o(i.xQueueCreateMutexStatic)
    xQueueGenericCreate                      0x080640e1   Thumb Code    66  queue.o(i.xQueueGenericCreate)
    xQueueGenericCreateStatic                0x08064123   Thumb Code   102  queue.o(i.xQueueGenericCreateStatic)
    xQueueGenericReset                       0x08064189   Thumb Code   132  queue.o(i.xQueueGenericReset)
    xQueueGenericSend                        0x08064211   Thumb Code   346  queue.o(i.xQueueGenericSend)
    xTaskCheckForTimeOut                     0x08064371   Thumb Code   112  tasks.o(i.xTaskCheckForTimeOut)
    xTaskCreate                              0x080643e5   Thumb Code    90  tasks.o(i.xTaskCreate)
    xTaskCreateStatic                        0x0806443f   Thumb Code    86  tasks.o(i.xTaskCreateStatic)
    xTaskGetSchedulerState                   0x08064495   Thumb Code    22  tasks.o(i.xTaskGetSchedulerState)
    xTaskIncrementTick                       0x080644b1   Thumb Code   194  tasks.o(i.xTaskIncrementTick)
    xTaskPriorityDisinherit                  0x0806457d   Thumb Code   144  tasks.o(i.xTaskPriorityDisinherit)
    xTaskRemoveFromEventList                 0x08064615   Thumb Code   108  tasks.o(i.xTaskRemoveFromEventList)
    xTaskResumeAll                           0x08064689   Thumb Code   182  tasks.o(i.xTaskResumeAll)
    _get_lc_ctype                            0x0806474d   Thumb Code    44  lc_ctype_c.o(locale$$code)
    _fp_init                                 0x08064779   Thumb Code    10  fpinit.o(x$fpl$fpinit)
    __fplib_config_fpu_vfp                   0x08064781   Thumb Code     0  fpinit.o(x$fpl$fpinit)
    __fplib_config_pureend_doubles           0x08064781   Thumb Code     0  fpinit.o(x$fpl$fpinit)
    AHBPrescTable                            0x08064840   Data          16  system_stm32f4xx.o(.constdata)
    APBPrescTable                            0x08064850   Data           8  system_stm32f4xx.o(.constdata)
    Region$$Table$$Base                      0x080648e4   Number         0  anon$$obj.o(Region$$Table)
    Region$$Table$$Limit                     0x08064904   Number         0  anon$$obj.o(Region$$Table)
    __ctype                                  0x08064911   Data           0  lc_ctype_c.o(locale$$data)
    RxDataChar                               0x20000000   Data           1  main.o(.data)
    RxDataCharSim                            0x20000001   Data           1  main.o(.data)
    RxDataIndex                              0x20000002   Data           2  main.o(.data)
    RxDataIndexSim                           0x20000004   Data           2  main.o(.data)
    isReceivedRespond                        0x20000008   Data           4  main.o(.data)
    FOTAFlag                                 0x2000000c   Data           4  main.o(.data)
    SMSCommandFlag                           0x20000010   Data           4  main.o(.data)
    sentToSimFlag                            0x20000014   Data           4  main.o(.data)
    FOTACommandIndex                         0x20000018   Data           4  main.o(.data)
    SimRespondTimeout                        0x2000001c   Data           4  main.o(.data)
    writeToFlash                             0x20000020   Data           4  main.o(.data)
    beginLine                                0x20000024   Data           4  main.o(.data)
    defaultTaskHandle                        0x20000028   Data           4  main.o(.data)
    myTask02Handle                           0x2000002c   Data           4  main.o(.data)
    myMutex01Handle                          0x20000030   Data           4  main.o(.data)
    taskCheckSMSHandle                       0x20000034   Data           4  main.o(.data)
    currentBufferIndex                       0x20000038   Data           2  taskprocessfirmware.o(.data)
    uchar_array_length                       0x2000003a   Data           2  taskprocessfirmware.o(.data)
    page_write                               0x2000003c   Data           4  taskprocessfirmware.o(.data)
    indexLine                                0x20000040   Data           4  taskprocessfirmware.o(.data)
    isBetweenPlus                            0x20000044   Data           4  taskprocessfirmware.o(.data)
    isEndFirmware                            0x20000048   Data           4  taskprocessfirmware.o(.data)
    uwTickFreq                               0x2000004c   Data           1  stm32f4xx_hal.o(.data)
    uwTickPrio                               0x20000050   Data           4  stm32f4xx_hal.o(.data)
    uwTick                                   0x20000054   Data           4  stm32f4xx_hal.o(.data)
    SystemCoreClock                          0x20000058   Data           4  system_stm32f4xx.o(.data)
    pxCurrentTCB                             0x2000005c   Data           4  tasks.o(.data)
    htim2                                    0x200000c8   Data          72  main.o(.bss)
    RxDataUSART1                             0x20000110   Data        1024  main.o(.bss)
    RxDataUSART6                             0x20000510   Data        1024  main.o(.bss)
    htim4                                    0x20000b64   Data          72  stm32f4xx_hal_timebase_tim.o(.bss)
    huart1                                   0x20000bac   Data          68  uart.o(.bss)
    huart6                                   0x20000bf0   Data          68  uart.o(.bss)
    fLineTmp                                 0x20000c34   Data          45  taskprocessfirmware.o(.bss)
    buffer                                   0x20000c61   Data        2048  taskprocessfirmware.o(.bss)
    hexArray                                 0x20001461   Data        2048  taskprocessfirmware.o(.bss)
    hexPair                                  0x20001c61   Data        1024  taskprocessfirmware.o(.bss)
    pFlash                                   0x20002064   Data          32  stm32f4xx_hal_flash.o(.bss)
    __libspace_start                         0x20005d74   Data          96  libspace.o(.bss)
    __temporary_stack_top$libspace           0x20005dd4   Data           0  libspace.o(.bss)



==============================================================================

Memory Map of the image

  Image Entry point : 0x08060189

  Load Region LR_IROM1 (Base: 0x08060000, Size: 0x00004adc, Max: 0x00100000, ABSOLUTE)

    Execution Region ER_IROM1 (Exec base: 0x08060000, Load base: 0x08060000, Size: 0x00004a14, Max: 0x00100000, ABSOLUTE)

    Exec Addr    Load Addr    Size         Type   Attr      Idx    E Section Name        Object

    0x08060000   0x08060000   0x00000188   Data   RO            3    RESET               startup_stm32f407xx.o
    0x08060188   0x08060188   0x00000008   Code   RO         4871  * !!!main             c_w.l(__main.o)
    0x08060190   0x08060190   0x00000034   Code   RO         5130    !!!scatter          c_w.l(__scatter.o)
    0x080601c4   0x080601c4   0x0000001a   Code   RO         5132    !!handler_copy      c_w.l(__scatter_copy.o)
    0x080601de   0x080601de   0x00000002   PAD
    0x080601e0   0x080601e0   0x0000001c   Code   RO         5134    !!handler_zi        c_w.l(__scatter_zi.o)
    0x080601fc   0x080601fc   0x00000000   Code   RO         4849    .ARM.Collect$$_printf_percent$$00000000  c_w.l(_printf_percent.o)
    0x080601fc   0x080601fc   0x00000006   Code   RO         4848    .ARM.Collect$$_printf_percent$$00000009  c_w.l(_printf_d.o)
    0x08060202   0x08060202   0x00000006   Code   RO         4847    .ARM.Collect$$_printf_percent$$00000014  c_w.l(_printf_s.o)
    0x08060208   0x08060208   0x00000004   Code   RO         4922    .ARM.Collect$$_printf_percent$$00000017  c_w.l(_printf_percent_end.o)
    0x0806020c   0x0806020c   0x00000002   Code   RO         5058    .ARM.Collect$$libinit$$00000000  c_w.l(libinit.o)
    0x0806020e   0x0806020e   0x00000004   Code   RO         4984    .ARM.Collect$$libinit$$00000001  c_w.l(libinit2.o)
    0x08060212   0x08060212   0x00000000   Code   RO         4987    .ARM.Collect$$libinit$$00000004  c_w.l(libinit2.o)
    0x08060212   0x08060212   0x00000000   Code   RO         4990    .ARM.Collect$$libinit$$0000000A  c_w.l(libinit2.o)
    0x08060212   0x08060212   0x00000000   Code   RO         4992    .ARM.Collect$$libinit$$0000000C  c_w.l(libinit2.o)
    0x08060212   0x08060212   0x00000000   Code   RO         4994    .ARM.Collect$$libinit$$0000000E  c_w.l(libinit2.o)
    0x08060212   0x08060212   0x00000006   Code   RO         4995    .ARM.Collect$$libinit$$0000000F  c_w.l(libinit2.o)
    0x08060218   0x08060218   0x00000000   Code   RO         4997    .ARM.Collect$$libinit$$00000011  c_w.l(libinit2.o)
    0x08060218   0x08060218   0x0000000c   Code   RO         4998    .ARM.Collect$$libinit$$00000012  c_w.l(libinit2.o)
    0x08060224   0x08060224   0x00000000   Code   RO         4999    .ARM.Collect$$libinit$$00000013  c_w.l(libinit2.o)
    0x08060224   0x08060224   0x00000000   Code   RO         5001    .ARM.Collect$$libinit$$00000015  c_w.l(libinit2.o)
    0x08060224   0x08060224   0x00000000   Code   RO         5003    .ARM.Collect$$libinit$$00000017  c_w.l(libinit2.o)
    0x08060224   0x08060224   0x00000000   Code   RO         5005    .ARM.Collect$$libinit$$00000019  c_w.l(libinit2.o)
    0x08060224   0x08060224   0x00000000   Code   RO         5007    .ARM.Collect$$libinit$$0000001B  c_w.l(libinit2.o)
    0x08060224   0x08060224   0x00000000   Code   RO         5009    .ARM.Collect$$libinit$$0000001D  c_w.l(libinit2.o)
    0x08060224   0x08060224   0x00000000   Code   RO         5011    .ARM.Collect$$libinit$$0000001F  c_w.l(libinit2.o)
    0x08060224   0x08060224   0x00000000   Code   RO         5013    .ARM.Collect$$libinit$$00000021  c_w.l(libinit2.o)
    0x08060224   0x08060224   0x00000000   Code   RO         5015    .ARM.Collect$$libinit$$00000023  c_w.l(libinit2.o)
    0x08060224   0x08060224   0x00000000   Code   RO         5017    .ARM.Collect$$libinit$$00000025  c_w.l(libinit2.o)
    0x08060224   0x08060224   0x00000000   Code   RO         5021    .ARM.Collect$$libinit$$0000002C  c_w.l(libinit2.o)
    0x08060224   0x08060224   0x00000000   Code   RO         5023    .ARM.Collect$$libinit$$0000002E  c_w.l(libinit2.o)
    0x08060224   0x08060224   0x00000000   Code   RO         5025    .ARM.Collect$$libinit$$00000030  c_w.l(libinit2.o)
    0x08060224   0x08060224   0x00000000   Code   RO         5027    .ARM.Collect$$libinit$$00000032  c_w.l(libinit2.o)
    0x08060224   0x08060224   0x00000002   Code   RO         5028    .ARM.Collect$$libinit$$00000033  c_w.l(libinit2.o)
    0x08060226   0x08060226   0x00000002   Code   RO         5127    .ARM.Collect$$libshutdown$$00000000  c_w.l(libshutdown.o)
    0x08060228   0x08060228   0x00000000   Code   RO         5083    .ARM.Collect$$libshutdown$$00000002  c_w.l(libshutdown2.o)
    0x08060228   0x08060228   0x00000000   Code   RO         5085    .ARM.Collect$$libshutdown$$00000004  c_w.l(libshutdown2.o)
    0x08060228   0x08060228   0x00000000   Code   RO         5087    .ARM.Collect$$libshutdown$$00000006  c_w.l(libshutdown2.o)
    0x08060228   0x08060228   0x00000000   Code   RO         5090    .ARM.Collect$$libshutdown$$00000009  c_w.l(libshutdown2.o)
    0x08060228   0x08060228   0x00000000   Code   RO         5093    .ARM.Collect$$libshutdown$$0000000C  c_w.l(libshutdown2.o)
    0x08060228   0x08060228   0x00000000   Code   RO         5095    .ARM.Collect$$libshutdown$$0000000E  c_w.l(libshutdown2.o)
    0x08060228   0x08060228   0x00000000   Code   RO         5098    .ARM.Collect$$libshutdown$$00000011  c_w.l(libshutdown2.o)
    0x08060228   0x08060228   0x00000002   Code   RO         5099    .ARM.Collect$$libshutdown$$00000012  c_w.l(libshutdown2.o)
    0x0806022a   0x0806022a   0x00000000   Code   RO         4875    .ARM.Collect$$rtentry$$00000000  c_w.l(__rtentry.o)
    0x0806022a   0x0806022a   0x00000000   Code   RO         4933    .ARM.Collect$$rtentry$$00000002  c_w.l(__rtentry2.o)
    0x0806022a   0x0806022a   0x00000006   Code   RO         4945    .ARM.Collect$$rtentry$$00000004  c_w.l(__rtentry4.o)
    0x08060230   0x08060230   0x00000000   Code   RO         4935    .ARM.Collect$$rtentry$$00000009  c_w.l(__rtentry2.o)
    0x08060230   0x08060230   0x00000004   Code   RO         4936    .ARM.Collect$$rtentry$$0000000A  c_w.l(__rtentry2.o)
    0x08060234   0x08060234   0x00000000   Code   RO         4938    .ARM.Collect$$rtentry$$0000000C  c_w.l(__rtentry2.o)
    0x08060234   0x08060234   0x00000008   Code   RO         4939    .ARM.Collect$$rtentry$$0000000D  c_w.l(__rtentry2.o)
    0x0806023c   0x0806023c   0x00000002   Code   RO         5066    .ARM.Collect$$rtexit$$00000000  c_w.l(rtexit.o)
    0x0806023e   0x0806023e   0x00000000   Code   RO         5103    .ARM.Collect$$rtexit$$00000002  c_w.l(rtexit2.o)
    0x0806023e   0x0806023e   0x00000004   Code   RO         5104    .ARM.Collect$$rtexit$$00000003  c_w.l(rtexit2.o)
    0x08060242   0x08060242   0x00000006   Code   RO         5105    .ARM.Collect$$rtexit$$00000004  c_w.l(rtexit2.o)
    0x08060248   0x08060248   0x000000be   Code   RO         4680    .emb_text           port.o
    0x08060306   0x08060306   0x00000002   PAD
    0x08060308   0x08060308   0x00000040   Code   RO            4    .text               startup_stm32f407xx.o
    0x08060348   0x08060348   0x0000004e   Code   RO         4761    .text               c_w.l(h1_free.o)
    0x08060396   0x08060396   0x000000ee   Code   RO         4815    .text               c_w.l(lludivv7m.o)
    0x08060484   0x08060484   0x00000028   Code   RO         4819    .text               c_w.l(noretval__2sprintf.o)
    0x080604ac   0x080604ac   0x00000068   Code   RO         4821    .text               c_w.l(__printf.o)
    0x08060514   0x08060514   0x00000052   Code   RO         4823    .text               c_w.l(_printf_str.o)
    0x08060566   0x08060566   0x00000002   PAD
    0x08060568   0x08060568   0x00000078   Code   RO         4825    .text               c_w.l(_printf_dec.o)
    0x080605e0   0x080605e0   0x00000070   Code   RO         4850    .text               c_w.l(strtol.o)
    0x08060650   0x08060650   0x0000000c   Code   RO         4852    .text               c_w.l(strtok.o)
    0x0806065c   0x0806065c   0x00000024   Code   RO         4855    .text               c_w.l(strstr.o)
    0x08060680   0x08060680   0x00000048   Code   RO         4857    .text               c_w.l(strcpy.o)
    0x080606c8   0x080606c8   0x0000003e   Code   RO         4859    .text               c_w.l(strlen.o)
    0x08060706   0x08060706   0x0000008a   Code   RO         4861    .text               c_w.l(rt_memcpy_v6.o)
    0x08060790   0x08060790   0x00000064   Code   RO         4863    .text               c_w.l(rt_memcpy_w.o)
    0x080607f4   0x080607f4   0x0000004e   Code   RO         4867    .text               c_w.l(rt_memclr_w.o)
    0x08060842   0x08060842   0x00000006   Code   RO         4869    .text               c_w.l(heapauxi.o)
    0x08060848   0x08060848   0x00000010   Code   RO         4876    .text               c_w.l(rt_ctype_table.o)
    0x08060858   0x08060858   0x00000008   Code   RO         4885    .text               c_w.l(rt_heap_descriptor_intlibspace.o)
    0x08060860   0x08060860   0x00000008   Code   RO         4890    .text               c_w.l(rt_errno_addr_intlibspace.o)
    0x08060868   0x08060868   0x000000b2   Code   RO         4914    .text               c_w.l(_printf_intcommon.o)
    0x0806091a   0x0806091a   0x00000002   PAD
    0x0806091c   0x0806091c   0x00000030   Code   RO         4916    .text               c_w.l(_printf_char_common.o)
    0x0806094c   0x0806094c   0x0000000a   Code   RO         4918    .text               c_w.l(_sputc.o)
    0x08060956   0x08060956   0x0000002c   Code   RO         4920    .text               c_w.l(_printf_char.o)
    0x08060982   0x08060982   0x0000009e   Code   RO         4923    .text               c_w.l(_strtoul.o)
    0x08060a20   0x08060a20   0x00000044   Code   RO         4925    .text               c_w.l(strtok_int.o)
    0x08060a64   0x08060a64   0x00000008   Code   RO         4929    .text               c_w.l(libspace.o)
    0x08060a6c   0x08060a6c   0x00000008   Code   RO         4952    .text               c_w.l(rt_locale_intlibspace.o)
    0x08060a74   0x08060a74   0x0000001c   Code   RO         4966    .text               c_w.l(_chval.o)
    0x08060a90   0x08060a90   0x00000020   Code   RO         4975    .text               c_w.l(strcspn.o)
    0x08060ab0   0x08060ab0   0x0000001c   Code   RO         4977    .text               c_w.l(strspn.o)
    0x08060acc   0x08060acc   0x0000004a   Code   RO         5031    .text               c_w.l(sys_stackheap_outer.o)
    0x08060b16   0x08060b16   0x00000012   Code   RO         5039    .text               c_w.l(exit.o)
    0x08060b28   0x08060b28   0x00000080   Code   RO         5049    .text               c_w.l(strcmpv7m.o)
    0x08060ba8   0x08060ba8   0x0000000c   Code   RO         5061    .text               c_w.l(sys_exit.o)
    0x08060bb4   0x08060bb4   0x00000002   Code   RO         5063    .text               c_w.l(use_no_semi.o)
    0x08060bb6   0x08060bb6   0x00000000   Code   RO         5065    .text               c_w.l(indicate_semi.o)
    0x08060bb6   0x08060bb6   0x00000002   Code   RO          425    i.BusFault_Handler  stm32f4xx_it.o
    0x08060bb8   0x08060bb8   0x0000003e   Code   RO          751    i.CheckByteCount    taskprocessfirmware.o
    0x08060bf6   0x08060bf6   0x00000028   Code   RO          752    i.CheckHex          taskprocessfirmware.o
    0x08060c1e   0x08060c1e   0x0000000e   Code   RO          753    i.CheckLength       taskprocessfirmware.o
    0x08060c2c   0x08060c2c   0x0000004c   Code   RO          754    i.CheckLineError    taskprocessfirmware.o
    0x08060c78   0x08060c78   0x000001c8   Code   RO          611    i.CheckSimConditionCommand  task_lte.o
    0x08060e40   0x08060e40   0x0000000e   Code   RO          755    i.CheckStartBit     taskprocessfirmware.o
    0x08060e4e   0x08060e4e   0x0000004e   Code   RO          756    i.CheckSum          taskprocessfirmware.o
    0x08060e9c   0x08060e9c   0x00000018   Code   RO          757    i.ClearBuffer       taskprocessfirmware.o
    0x08060eb4   0x08060eb4   0x0000001e   Code   RO          758    i.ConvertToDec      taskprocessfirmware.o
    0x08060ed2   0x08060ed2   0x00000002   Code   RO          426    i.DebugMon_Handler  stm32f4xx_it.o
    0x08060ed4   0x08060ed4   0x00000004   Code   RO           13    i.Error_Handler     main.o
    0x08060ed8   0x08060ed8   0x00000050   Code   RO         1228    i.FLASH_Erase_Sector  stm32f4xx_hal_flash_ex.o
    0x08060f28   0x08060f28   0x00000054   Code   RO         1229    i.FLASH_FlushCaches  stm32f4xx_hal_flash_ex.o
    0x08060f7c   0x08060f7c   0x00000028   Code   RO         1230    i.FLASH_MassErase   stm32f4xx_hal_flash_ex.o
    0x08060fa4   0x08060fa4   0x00000020   Code   RO         1110    i.FLASH_Program_Byte  stm32f4xx_hal_flash.o
    0x08060fc4   0x08060fc4   0x0000002c   Code   RO         1111    i.FLASH_Program_DoubleWord  stm32f4xx_hal_flash.o
    0x08060ff0   0x08060ff0   0x00000024   Code   RO         1112    i.FLASH_Program_HalfWord  stm32f4xx_hal_flash.o
    0x08061014   0x08061014   0x00000024   Code   RO         1113    i.FLASH_Program_Word  stm32f4xx_hal_flash.o
    0x08061038   0x08061038   0x00000068   Code   RO         1114    i.FLASH_SetErrorCode  stm32f4xx_hal_flash.o
    0x080610a0   0x080610a0   0x00000050   Code   RO         1115    i.FLASH_WaitForLastOperation  stm32f4xx_hal_flash.o
    0x080610f0   0x080610f0   0x00000092   Code   RO         1416    i.HAL_DMA_Abort     stm32f4xx_hal_dma.o
    0x08061182   0x08061182   0x00000024   Code   RO         1417    i.HAL_DMA_Abort_IT  stm32f4xx_hal_dma.o
    0x080611a6   0x080611a6   0x00000002   PAD
    0x080611a8   0x080611a8   0x00000098   Code   RO         1231    i.HAL_FLASHEx_Erase  stm32f4xx_hal_flash_ex.o
    0x08061240   0x08061240   0x00000014   Code   RO         1119    i.HAL_FLASH_Lock    stm32f4xx_hal_flash.o
    0x08061254   0x08061254   0x0000007c   Code   RO         1124    i.HAL_FLASH_Program  stm32f4xx_hal_flash.o
    0x080612d0   0x080612d0   0x0000002c   Code   RO         1126    i.HAL_FLASH_Unlock  stm32f4xx_hal_flash.o
    0x080612fc   0x080612fc   0x000001f0   Code   RO         1309    i.HAL_GPIO_Init     stm32f4xx_hal_gpio.o
    0x080614ec   0x080614ec   0x0000000c   Code   RO         1841    i.HAL_GetTick       stm32f4xx_hal.o
    0x080614f8   0x080614f8   0x00000010   Code   RO         1847    i.HAL_IncTick       stm32f4xx_hal.o
    0x08061508   0x08061508   0x00000034   Code   RO         1848    i.HAL_Init          stm32f4xx_hal.o
    0x0806153c   0x0806153c   0x00000098   Code   RO          572    i.HAL_InitTick      stm32f4xx_hal_timebase_tim.o
    0x080615d4   0x080615d4   0x00000038   Code   RO          524    i.HAL_MspInit       stm32f4xx_hal_msp.o
    0x0806160c   0x0806160c   0x0000001a   Code   RO         1698    i.HAL_NVIC_EnableIRQ  stm32f4xx_hal_cortex.o
    0x08061626   0x08061626   0x00000002   PAD
    0x08061628   0x08061628   0x00000040   Code   RO         1704    i.HAL_NVIC_SetPriority  stm32f4xx_hal_cortex.o
    0x08061668   0x08061668   0x00000024   Code   RO         1705    i.HAL_NVIC_SetPriorityGrouping  stm32f4xx_hal_cortex.o
    0x0806168c   0x0806168c   0x00000134   Code   RO          955    i.HAL_RCC_ClockConfig  stm32f4xx_hal_rcc.o
    0x080617c0   0x080617c0   0x00000040   Code   RO          959    i.HAL_RCC_GetClockConfig  stm32f4xx_hal_rcc.o
    0x08061800   0x08061800   0x00000020   Code   RO          962    i.HAL_RCC_GetPCLK1Freq  stm32f4xx_hal_rcc.o
    0x08061820   0x08061820   0x00000020   Code   RO          963    i.HAL_RCC_GetPCLK2Freq  stm32f4xx_hal_rcc.o
    0x08061840   0x08061840   0x00000064   Code   RO          964    i.HAL_RCC_GetSysClockFreq  stm32f4xx_hal_rcc.o
    0x080618a4   0x080618a4   0x0000036c   Code   RO          967    i.HAL_RCC_OscConfig  stm32f4xx_hal_rcc.o
    0x08061c10   0x08061c10   0x00000002   Code   RO         2792    i.HAL_TIMEx_BreakCallback  stm32f4xx_hal_tim_ex.o
    0x08061c12   0x08061c12   0x00000002   Code   RO         2793    i.HAL_TIMEx_CommutCallback  stm32f4xx_hal_tim_ex.o
    0x08061c14   0x08061c14   0x00000090   Code   RO         2811    i.HAL_TIMEx_MasterConfigSynchronization  stm32f4xx_hal_tim_ex.o
    0x08061ca4   0x08061ca4   0x0000005a   Code   RO         2088    i.HAL_TIM_Base_Init  stm32f4xx_hal_tim.o
    0x08061cfe   0x08061cfe   0x00000002   PAD
    0x08061d00   0x08061d00   0x00000038   Code   RO          526    i.HAL_TIM_Base_MspInit  stm32f4xx_hal_msp.o
    0x08061d38   0x08061d38   0x00000080   Code   RO         2093    i.HAL_TIM_Base_Start_IT  stm32f4xx_hal_tim.o
    0x08061db8   0x08061db8   0x00000026   Code   RO         2094    i.HAL_TIM_Base_Stop  stm32f4xx_hal_tim.o
    0x08061dde   0x08061dde   0x000000dc   Code   RO         2097    i.HAL_TIM_ConfigClockSource  stm32f4xx_hal_tim.o
    0x08061eba   0x08061eba   0x00000002   Code   RO         2122    i.HAL_TIM_IC_CaptureCallback  stm32f4xx_hal_tim.o
    0x08061ebc   0x08061ebc   0x00000166   Code   RO         2136    i.HAL_TIM_IRQHandler  stm32f4xx_hal_tim.o
    0x08062022   0x08062022   0x00000002   Code   RO         2139    i.HAL_TIM_OC_DelayElapsedCallback  stm32f4xx_hal_tim.o
    0x08062024   0x08062024   0x00000002   Code   RO         2166    i.HAL_TIM_PWM_PulseFinishedCallback  stm32f4xx_hal_tim.o
    0x08062026   0x08062026   0x00000002   PAD
    0x08062028   0x08062028   0x00000044   Code   RO           14    i.HAL_TIM_PeriodElapsedCallback  main.o
    0x0806206c   0x0806206c   0x00000002   Code   RO         2179    i.HAL_TIM_TriggerCallback  stm32f4xx_hal_tim.o
    0x0806206e   0x0806206e   0x00000002   Code   RO         3070    i.HAL_UARTEx_RxEventCallback  stm32f4xx_hal_uart.o
    0x08062070   0x08062070   0x00000002   Code   RO         3084    i.HAL_UART_ErrorCallback  stm32f4xx_hal_uart.o
    0x08062072   0x08062072   0x00000002   PAD
    0x08062074   0x08062074   0x00000268   Code   RO         3087    i.HAL_UART_IRQHandler  stm32f4xx_hal_uart.o
    0x080622dc   0x080622dc   0x00000062   Code   RO         3088    i.HAL_UART_Init     stm32f4xx_hal_uart.o
    0x0806233e   0x0806233e   0x00000002   PAD
    0x08062340   0x08062340   0x000000c8   Code   RO          528    i.HAL_UART_MspInit  stm32f4xx_hal_msp.o
    0x08062408   0x08062408   0x0000002a   Code   RO         3093    i.HAL_UART_Receive_IT  stm32f4xx_hal_uart.o
    0x08062432   0x08062432   0x00000002   PAD
    0x08062434   0x08062434   0x000000c4   Code   RO           15    i.HAL_UART_RxCpltCallback  main.o
    0x080624f8   0x080624f8   0x000000b2   Code   RO         3096    i.HAL_UART_Transmit  stm32f4xx_hal_uart.o
    0x080625aa   0x080625aa   0x00000002   Code   RO           16    i.HAL_UART_TxCpltCallback  main.o
    0x080625ac   0x080625ac   0x0000003c   Code   RO          427    i.HardFault_Handler  stm32f4xx_it.o
    0x080625e8   0x080625e8   0x0000004c   Code   RO           17    i.MX_GPIO_Init      main.o
    0x08062634   0x08062634   0x00000068   Code   RO           18    i.MX_TIM2_Init      main.o
    0x0806269c   0x0806269c   0x00000038   Code   RO          715    i.MX_USART1_UART_Init  uart.o
    0x080626d4   0x080626d4   0x00000038   Code   RO          716    i.MX_USART6_UART_Init  uart.o
    0x0806270c   0x0806270c   0x00000002   Code   RO          428    i.MemManage_Handler  stm32f4xx_it.o
    0x0806270e   0x0806270e   0x00000002   Code   RO          429    i.NMI_Handler       stm32f4xx_it.o
    0x08062710   0x08062710   0x00000084   Code   RO          612    i.ProcessFirmwareReceived  task_lte.o
    0x08062794   0x08062794   0x0000006c   Code   RO          613    i.SIM_RequestFirmwareCommand  task_lte.o
    0x08062800   0x08062800   0x00000030   Code   RO          616    i.SendCommandToSim  task_lte.o
    0x08062830   0x08062830   0x00000358   Code   RO           19    i.StartDefaultTask  main.o
    0x08062b88   0x08062b88   0x00000020   Code   RO           20    i.StartTask02       main.o
    0x08062ba8   0x08062ba8   0x0000002c   Code   RO         4681    i.SysTick_Handler   port.o
    0x08062bd4   0x08062bd4   0x0000007c   Code   RO           21    i.SystemClock_Config  main.o
    0x08062c50   0x08062c50   0x00000010   Code   RO         3417    i.SystemInit        system_stm32f4xx.o
    0x08062c60   0x08062c60   0x0000000c   Code   RO          430    i.TIM2_IRQHandler   stm32f4xx_it.o
    0x08062c6c   0x08062c6c   0x0000000c   Code   RO          431    i.TIM4_IRQHandler   stm32f4xx_it.o
    0x08062c78   0x08062c78   0x000000c8   Code   RO         2181    i.TIM_Base_SetConfig  stm32f4xx_hal_tim.o
    0x08062d40   0x08062d40   0x00000014   Code   RO         2192    i.TIM_ETR_SetConfig  stm32f4xx_hal_tim.o
    0x08062d54   0x08062d54   0x00000010   Code   RO         2193    i.TIM_ITRx_SetConfig  stm32f4xx_hal_tim.o
    0x08062d64   0x08062d64   0x00000022   Code   RO         2199    i.TIM_TI1_ConfigInputStage  stm32f4xx_hal_tim.o
    0x08062d86   0x08062d86   0x00000024   Code   RO         2201    i.TIM_TI2_ConfigInputStage  stm32f4xx_hal_tim.o
    0x08062daa   0x08062daa   0x00000002   PAD
    0x08062dac   0x08062dac   0x000000f4   Code   RO           22    i.TaskCheckCommandFromUser  main.o
    0x08062ea0   0x08062ea0   0x00000010   Code   RO         3101    i.UART_DMAAbortOnError  stm32f4xx_hal_uart.o
    0x08062eb0   0x08062eb0   0x0000004e   Code   RO         3111    i.UART_EndRxTransfer  stm32f4xx_hal_uart.o
    0x08062efe   0x08062efe   0x000000c0   Code   RO         3113    i.UART_Receive_IT   stm32f4xx_hal_uart.o
    0x08062fbe   0x08062fbe   0x00000002   PAD
    0x08062fc0   0x08062fc0   0x0000010c   Code   RO         3114    i.UART_SetConfig    stm32f4xx_hal_uart.o
    0x080630cc   0x080630cc   0x0000003a   Code   RO         3116    i.UART_Start_Receive_IT  stm32f4xx_hal_uart.o
    0x08063106   0x08063106   0x00000078   Code   RO         3117    i.UART_WaitOnFlagUntilTimeout  stm32f4xx_hal_uart.o
    0x0806317e   0x0806317e   0x00000002   PAD
    0x08063180   0x08063180   0x0000000c   Code   RO          432    i.USART1_IRQHandler  stm32f4xx_it.o
    0x0806318c   0x0806318c   0x0000000c   Code   RO          433    i.USART6_IRQHandler  stm32f4xx_it.o
    0x08063198   0x08063198   0x00000002   Code   RO          434    i.UsageFault_Handler  stm32f4xx_it.o
    0x0806319a   0x0806319a   0x00000002   PAD
    0x0806319c   0x0806319c   0x0000008c   Code   RO          760    i.WriteLineToFlash  taskprocessfirmware.o
    0x08063228   0x08063228   0x00000068   Code   RO          761    i.WritePage         taskprocessfirmware.o
    0x08063290   0x08063290   0x00000020   Code   RO         1711    i.__NVIC_SetPriority  stm32f4xx_hal_cortex.o
    0x080632b0   0x080632b0   0x00000050   Code   RO           23    i.changeSettingBeforeReset  main.o
    0x08063300   0x08063300   0x00000038   Code   RO          763    i.convertCharsToHex  taskprocessfirmware.o
    0x08063338   0x08063338   0x00000022   Code   RO          764    i.convertHexPairs   taskprocessfirmware.o
    0x0806335a   0x0806335a   0x00000018   Code   RO          765    i.deleteBuffer      taskprocessfirmware.o
    0x08063372   0x08063372   0x00000002   PAD
    0x08063374   0x08063374   0x00000020   Code   RO          618    i.display           task_lte.o
    0x08063394   0x08063394   0x00000034   Code   RO           24    i.erase_flash_sector  main.o
    0x080633c8   0x080633c8   0x00000108   Code   RO           25    i.main              main.o
    0x080634d0   0x080634d0   0x0000000c   Code   RO         4243    i.makeFreeRtosPriority  cmsis_os.o
    0x080634dc   0x080634dc   0x0000000e   Code   RO         4245    i.osDelay           cmsis_os.o
    0x080634ea   0x080634ea   0x0000000a   Code   RO         4248    i.osKernelStart     cmsis_os.o
    0x080634f4   0x080634f4   0x00000010   Code   RO         4263    i.osMutexCreate     cmsis_os.o
    0x08063504   0x08063504   0x00000054   Code   RO         4282    i.osThreadCreate    cmsis_os.o
    0x08063558   0x08063558   0x0000001c   Code   RO           26    i.printDebug        main.o
    0x08063574   0x08063574   0x00000034   Code   RO          619    i.processRespond    task_lte.o
    0x080635a8   0x080635a8   0x000000cc   Code   RO          766    i.processTmpLine    taskprocessfirmware.o
    0x08063674   0x08063674   0x00000070   Code   RO         3922    i.prvAddCurrentTaskToDelayedList  tasks.o
    0x080636e4   0x080636e4   0x000000d0   Code   RO         3923    i.prvAddNewTaskToReadyList  tasks.o
    0x080637b4   0x080637b4   0x0000006c   Code   RO         3599    i.prvCopyDataToQueue  queue.o
    0x08063820   0x08063820   0x00000034   Code   RO         3924    i.prvDeleteTCB      tasks.o
    0x08063854   0x08063854   0x0000004c   Code   RO         4613    i.prvHeapInit       heap_4.o
    0x080638a0   0x080638a0   0x00000060   Code   RO         3925    i.prvIdleTask       tasks.o
    0x08063900   0x08063900   0x00000016   Code   RO         3600    i.prvInitialiseMutex  queue.o
    0x08063916   0x08063916   0x00000016   Code   RO         3601    i.prvInitialiseNewQueue  queue.o
    0x0806392c   0x0806392c   0x00000098   Code   RO         3926    i.prvInitialiseNewTask  tasks.o
    0x080639c4   0x080639c4   0x0000004c   Code   RO         4614    i.prvInsertBlockIntoFreeList  heap_4.o
    0x08063a10   0x08063a10   0x00000020   Code   RO         3927    i.prvResetNextTaskUnblockTime  tasks.o
    0x08063a30   0x08063a30   0x00000028   Code   RO         4682    i.prvTaskExitError  port.o
    0x08063a58   0x08063a58   0x0000006a   Code   RO         3603    i.prvUnlockQueue    queue.o
    0x08063ac2   0x08063ac2   0x00000002   PAD
    0x08063ac4   0x08063ac4   0x000000dc   Code   RO         4615    i.pvPortMalloc      heap_4.o
    0x08063ba0   0x08063ba0   0x0000002c   Code   RO         4683    i.pxPortInitialiseStack  port.o
    0x08063bcc   0x08063bcc   0x00000020   Code   RO          620    i.sendFailNotification  task_lte.o
    0x08063bec   0x08063bec   0x00000090   Code   RO          621    i.sendSMSNotification  task_lte.o
    0x08063c7c   0x08063c7c   0x00000028   Code   RO          622    i.sendSuccessNotification  task_lte.o
    0x08063ca4   0x08063ca4   0x0000000c   Code   RO          623    i.sendUserWarning   task_lte.o
    0x08063cb0   0x08063cb0   0x0000000c   Code   RO          767    i.setStartPage      taskprocessfirmware.o
    0x08063cbc   0x08063cbc   0x00000026   Code   RO         3558    i.uxListRemove      list.o
    0x08063ce2   0x08063ce2   0x00000002   PAD
    0x08063ce4   0x08063ce4   0x00000014   Code   RO          281    i.vApplicationGetIdleTaskMemory  freertos.o
    0x08063cf8   0x08063cf8   0x00000016   Code   RO         3559    i.vListInitialise   list.o
    0x08063d0e   0x08063d0e   0x00000006   Code   RO         3560    i.vListInitialiseItem  list.o
    0x08063d14   0x08063d14   0x00000030   Code   RO         3561    i.vListInsert       list.o
    0x08063d44   0x08063d44   0x00000018   Code   RO         3562    i.vListInsertEnd    list.o
    0x08063d5c   0x08063d5c   0x00000040   Code   RO         4685    i.vPortEnterCritical  port.o
    0x08063d9c   0x08063d9c   0x00000028   Code   RO         4686    i.vPortExitCritical  port.o
    0x08063dc4   0x08063dc4   0x00000064   Code   RO         4616    i.vPortFree         heap_4.o
    0x08063e28   0x08063e28   0x00000024   Code   RO         4687    i.vPortSetupTimerInterrupt  port.o
    0x08063e4c   0x08063e4c   0x0000004c   Code   RO         3936    i.vTaskDelay        tasks.o
    0x08063e98   0x08063e98   0x00000010   Code   RO         3939    i.vTaskInternalSetTimeOutState  tasks.o
    0x08063ea8   0x08063ea8   0x0000000c   Code   RO         3940    i.vTaskMissedYield  tasks.o
    0x08063eb4   0x08063eb4   0x00000030   Code   RO         3942    i.vTaskPlaceOnEventList  tasks.o
    0x08063ee4   0x08063ee4   0x0000006c   Code   RO         3949    i.vTaskStartScheduler  tasks.o
    0x08063f50   0x08063f50   0x00000010   Code   RO         3951    i.vTaskSuspendAll   tasks.o
    0x08063f60   0x08063f60   0x0000005c   Code   RO         3952    i.vTaskSwitchContext  tasks.o
    0x08063fbc   0x08063fbc   0x000000f4   Code   RO         4689    i.xPortStartScheduler  port.o
    0x080640b0   0x080640b0   0x00000016   Code   RO         3610    i.xQueueCreateMutex  queue.o
    0x080640c6   0x080640c6   0x0000001a   Code   RO         3611    i.xQueueCreateMutexStatic  queue.o
    0x080640e0   0x080640e0   0x00000042   Code   RO         3612    i.xQueueGenericCreate  queue.o
    0x08064122   0x08064122   0x00000066   Code   RO         3613    i.xQueueGenericCreateStatic  queue.o
    0x08064188   0x08064188   0x00000088   Code   RO         3614    i.xQueueGenericReset  queue.o
    0x08064210   0x08064210   0x00000160   Code   RO         3615    i.xQueueGenericSend  queue.o
    0x08064370   0x08064370   0x00000074   Code   RO         3954    i.xTaskCheckForTimeOut  tasks.o
    0x080643e4   0x080643e4   0x0000005a   Code   RO         3955    i.xTaskCreate       tasks.o
    0x0806443e   0x0806443e   0x00000056   Code   RO         3956    i.xTaskCreateStatic  tasks.o
    0x08064494   0x08064494   0x0000001c   Code   RO         3960    i.xTaskGetSchedulerState  tasks.o
    0x080644b0   0x080644b0   0x000000cc   Code   RO         3963    i.xTaskIncrementTick  tasks.o
    0x0806457c   0x0806457c   0x00000098   Code   RO         3966    i.xTaskPriorityDisinherit  tasks.o
    0x08064614   0x08064614   0x00000074   Code   RO         3968    i.xTaskRemoveFromEventList  tasks.o
    0x08064688   0x08064688   0x000000c4   Code   RO         3969    i.xTaskResumeAll    tasks.o
    0x0806474c   0x0806474c   0x0000002c   Code   RO         4969    locale$$code        c_w.l(lc_ctype_c.o)
    0x08064778   0x08064778   0x0000000a   Code   RO         5059    x$fpl$fpinit        fz_wm.l(fpinit.o)
    0x08064782   0x08064782   0x00000002   PAD
    0x08064784   0x08064784   0x00000054   Data   RO           28    .constdata          main.o
    0x080647d8   0x080647d8   0x00000068   Data   RO          769    .constdata          taskprocessfirmware.o
    0x08064840   0x08064840   0x00000010   Data   RO         3418    .constdata          system_stm32f4xx.o
    0x08064850   0x08064850   0x00000008   Data   RO         3419    .constdata          system_stm32f4xx.o
    0x08064858   0x08064858   0x00000028   Data   RO           29    .conststring        main.o
    0x08064880   0x08064880   0x00000063   Data   RO          624    .conststring        task_lte.o
    0x080648e3   0x080648e3   0x00000001   PAD
    0x080648e4   0x080648e4   0x00000020   Data   RO         5128    Region$$Table       anon$$obj.o
    0x08064904   0x08064904   0x00000110   Data   RO         4968    locale$$data        c_w.l(lc_ctype_c.o)


    Execution Region RW_IRAM1 (Exec base: 0x20000000, Load base: 0x08064a14, Size: 0x000063d8, Max: 0x0001c000, ABSOLUTE)

    Exec Addr    Load Addr    Size         Type   Attr      Idx    E Section Name        Object

    0x20000000   0x08064a14   0x00000038   Data   RW           30    .data               main.o
    0x20000038   0x08064a4c   0x00000014   Data   RW          770    .data               taskprocessfirmware.o
    0x2000004c   0x08064a60   0x0000000c   Data   RW         1855    .data               stm32f4xx_hal.o
    0x20000058   0x08064a6c   0x00000004   Data   RW         3420    .data               system_stm32f4xx.o
    0x2000005c   0x08064a70   0x0000003c   Data   RW         3972    .data               tasks.o
    0x20000098   0x08064aac   0x00000020   Data   RW         4622    .data               heap_4.o
    0x200000b8   0x08064acc   0x0000000c   Data   RW         4690    .data               port.o
    0x200000c4   0x08064ad8   0x00000004   Data   RW         4853    .data               c_w.l(strtok.o)
    0x200000c8        -       0x00000848   Zero   RW           27    .bss                main.o
    0x20000910        -       0x00000254   Zero   RW          282    .bss                freertos.o
    0x20000b64        -       0x00000048   Zero   RW          575    .bss                stm32f4xx_hal_timebase_tim.o
    0x20000bac        -       0x00000088   Zero   RW          717    .bss                uart.o
    0x20000c34        -       0x0000142d   Zero   RW          768    .bss                taskprocessfirmware.o
    0x20002061   0x08064adc   0x00000003   PAD
    0x20002064        -       0x00000020   Zero   RW         1127    .bss                stm32f4xx_hal_flash.o
    0x20002084        -       0x000000f0   Zero   RW         3971    .bss                tasks.o
    0x20002174        -       0x00003c00   Zero   RW         4621    .bss                heap_4.o
    0x20005d74        -       0x00000060   Zero   RW         4930    .bss                c_w.l(libspace.o)
    0x20005dd4   0x08064adc   0x00000004   PAD
    0x20005dd8        -       0x00000200   Zero   RW            2    HEAP                startup_stm32f407xx.o
    0x20005fd8        -       0x00000400   Zero   RW            1    STACK               startup_stm32f407xx.o


    Execution Region RW_IRAM2 (Exec base: 0x2001c000, Load base: 0x08064adc, Size: 0x00000000, Max: 0x00004000, ABSOLUTE)

    **** No section assigned to this execution region ****


==============================================================================

Image component sizes


      Code (inc. data)   RO Data    RW Data    ZI Data      Debug   Object Name

       136          0          0          0          0      26521   cmsis_os.o
         0          0          0          0          0      22568   event_groups.o
        20          4          0          0        596     711684   freertos.o
       472         24          0         32      15360       7523   heap_4.o
       138          0          0          0          0       3634   list.o
      2130        636        124         56       2120     758278   main.o
       702         72          0         12          0      11152   port.o
       962         10          0          0          0      14225   queue.o
        64         26        392          0       1536        860   startup_stm32f407xx.o
        80         14          0         12          0       8170   stm32f4xx_hal.o
       158         14          0          0          0      33230   stm32f4xx_hal_cortex.o
       182          0          0          0          0       2147   stm32f4xx_hal_dma.o
       520         66          0          0         32       6758   stm32f4xx_hal_flash.o
       356         24          0          0          0       4070   stm32f4xx_hal_flash_ex.o
       496         46          0          0          0       1564   stm32f4xx_hal_gpio.o
       312         30          0          0          0       2436   stm32f4xx_hal_msp.o
      1412         86          0          0          0       6001   stm32f4xx_hal_rcc.o
      1148         72          0          0          0      11001   stm32f4xx_hal_tim.o
       148         28          0          0          0       2513   stm32f4xx_hal_tim_ex.o
       152         20          0          0         72       1523   stm32f4xx_hal_timebase_tim.o
      1670         16          0          0          0      11046   stm32f4xx_hal_uart.o
       118         52          0          0          0      35036   stm32f4xx_it.o
         0          0          0          0          0        400   stream_buffer.o
        16          4         24          4          0       1175   system_stm32f4xx.o
      1056        554         99          0          0       6729   task_lte.o
       912         62        104         20       5165      13375   taskprocessfirmware.o
      2008        150          0         60        240      25474   tasks.o
         0          0          0          0          0       2504   timers.o
       112         16          0          0        136       1364   uart.o

    ----------------------------------------------------------------------
     15510       2026        776        196      25260    1732961   Object Totals
         0          0         32          0          0          0   (incl. Generated)
        30          0          1          0          3          0   (incl. Padding)

    ----------------------------------------------------------------------

      Code (inc. data)   RO Data    RW Data    ZI Data      Debug   Library Member Name

         8          0          0          0          0         68   __main.o
       104          0          0          0          0         84   __printf.o
         0          0          0          0          0          0   __rtentry.o
        12          0          0          0          0          0   __rtentry2.o
         6          0          0          0          0          0   __rtentry4.o
        52          8          0          0          0          0   __scatter.o
        26          0          0          0          0          0   __scatter_copy.o
        28          0          0          0          0          0   __scatter_zi.o
        28          0          0          0          0         68   _chval.o
        44          0          0          0          0        108   _printf_char.o
        48          6          0          0          0         96   _printf_char_common.o
         6          0          0          0          0          0   _printf_d.o
       120         16          0          0          0         92   _printf_dec.o
       178          0          0          0          0         88   _printf_intcommon.o
         0          0          0          0          0          0   _printf_percent.o
         4          0          0          0          0          0   _printf_percent_end.o
         6          0          0          0          0          0   _printf_s.o
        82          0          0          0          0         80   _printf_str.o
        10          0          0          0          0         68   _sputc.o
       158          0          0          0          0         92   _strtoul.o
        18          0          0          0          0         80   exit.o
        78          0          0          0          0         80   h1_free.o
         6          0          0          0          0        152   heapauxi.o
         0          0          0          0          0          0   indicate_semi.o
        44         10        272          0          0         76   lc_ctype_c.o
         2          0          0          0          0          0   libinit.o
        24          0          0          0          0          0   libinit2.o
         2          0          0          0          0          0   libshutdown.o
         2          0          0          0          0          0   libshutdown2.o
         8          4          0          0         96         68   libspace.o
       238          0          0          0          0        100   lludivv7m.o
        40          6          0          0          0         84   noretval__2sprintf.o
        16          4          0          0          0         76   rt_ctype_table.o
         8          4          0          0          0         68   rt_errno_addr_intlibspace.o
         8          4          0          0          0         68   rt_heap_descriptor_intlibspace.o
         8          4          0          0          0         68   rt_locale_intlibspace.o
        78          0          0          0          0         80   rt_memclr_w.o
       138          0          0          0          0         68   rt_memcpy_v6.o
       100          0          0          0          0         80   rt_memcpy_w.o
         2          0          0          0          0          0   rtexit.o
        10          0          0          0          0          0   rtexit2.o
       128          0          0          0          0         68   strcmpv7m.o
        72          0          0          0          0         80   strcpy.o
        32          0          0          0          0         80   strcspn.o
        62          0          0          0          0         76   strlen.o
        28          0          0          0          0         80   strspn.o
        36          0          0          0          0         80   strstr.o
        12          6          0          4          0         68   strtok.o
        68          4          0          0          0         84   strtok_int.o
       112          0          0          0          0         88   strtol.o
        12          4          0          0          0         68   sys_exit.o
        74          0          0          0          0         80   sys_stackheap_outer.o
         2          0          0          0          0         68   use_no_semi.o
        10          0          0          0          0        116   fpinit.o

    ----------------------------------------------------------------------
      2406         80        272          4        100       3028   Library Totals
         8          0          0          0          4          0   (incl. Padding)

    ----------------------------------------------------------------------

      Code (inc. data)   RO Data    RW Data    ZI Data      Debug   Library Name

      2388         80        272          4         96       2912   c_w.l
        10          0          0          0          0        116   fz_wm.l

    ----------------------------------------------------------------------
      2406         80        272          4        100       3028   Library Totals

    ----------------------------------------------------------------------

==============================================================================


      Code (inc. data)   RO Data    RW Data    ZI Data      Debug   

     17916       2106       1048        200      25360    1718225   Grand Totals
     17916       2106       1048        200      25360    1718225   ELF Image Totals
     17916       2106       1048        200          0          0   ROM Totals

==============================================================================

    Total RO  Size (Code + RO Data)                18964 (  18.52kB)
    Total RW  Size (RW Data + ZI Data)             25560 (  24.96kB)
    Total ROM Size (Code + RO Data + RW Data)      19164 (  18.71kB)

==============================================================================

