Component: ARM Compiler 5.06 update 7 (build 960) Tool: armlink [4d3601]

==============================================================================

Section Cross References

    startup_stm32f407xx.o(STACK) refers (Special) to heapauxi.o(.text) for __use_two_region_memory
    startup_stm32f407xx.o(HEAP) refers (Special) to heapauxi.o(.text) for __use_two_region_memory
    startup_stm32f407xx.o(RESET) refers (Special) to heapauxi.o(.text) for __use_two_region_memory
    startup_stm32f407xx.o(RESET) refers to startup_stm32f407xx.o(STACK) for __initial_sp
    startup_stm32f407xx.o(RESET) refers to startup_stm32f407xx.o(.text) for Reset_Handler
    startup_stm32f407xx.o(RESET) refers to stm32f4xx_it.o(i.NMI_Handler) for NMI_Handler
    startup_stm32f407xx.o(RESET) refers to stm32f4xx_it.o(i.HardFault_Handler) for HardFault_Handler
    startup_stm32f407xx.o(RESET) refers to stm32f4xx_it.o(i.MemManage_Handler) for MemManage_Handler
    startup_stm32f407xx.o(RESET) refers to stm32f4xx_it.o(i.BusFault_Handler) for BusFault_Handler
    startup_stm32f407xx.o(RESET) refers to stm32f4xx_it.o(i.UsageFault_Handler) for UsageFault_Handler
    startup_stm32f407xx.o(RESET) refers to port.o(.emb_text) for SVC_Handler
    startup_stm32f407xx.o(RESET) refers to stm32f4xx_it.o(i.DebugMon_Handler) for DebugMon_Handler
    startup_stm32f407xx.o(RESET) refers to port.o(i.SysTick_Handler) for SysTick_Handler
    startup_stm32f407xx.o(RESET) refers to stm32f4xx_it.o(i.TIM2_IRQHandler) for TIM2_IRQHandler
    startup_stm32f407xx.o(RESET) refers to stm32f4xx_it.o(i.TIM4_IRQHandler) for TIM4_IRQHandler
    startup_stm32f407xx.o(RESET) refers to stm32f4xx_it.o(i.USART1_IRQHandler) for USART1_IRQHandler
    startup_stm32f407xx.o(RESET) refers to stm32f4xx_it.o(i.USART6_IRQHandler) for USART6_IRQHandler
    startup_stm32f407xx.o(.text) refers (Special) to heapauxi.o(.text) for __use_two_region_memory
    startup_stm32f407xx.o(.text) refers to system_stm32f4xx.o(i.SystemInit) for SystemInit
    startup_stm32f407xx.o(.text) refers to __main.o(!!!main) for __main
    startup_stm32f407xx.o(.text) refers to startup_stm32f407xx.o(HEAP) for Heap_Mem
    startup_stm32f407xx.o(.text) refers to startup_stm32f407xx.o(STACK) for Stack_Mem
    main.o(i.HAL_TIM_PeriodElapsedCallback) refers to stm32f4xx_hal.o(i.HAL_IncTick) for HAL_IncTick
    main.o(i.HAL_TIM_PeriodElapsedCallback) refers to stm32f4xx_hal_tim.o(i.HAL_TIM_Base_Stop) for HAL_TIM_Base_Stop
    main.o(i.HAL_TIM_PeriodElapsedCallback) refers to task_lte.o(i.display) for display
    main.o(i.HAL_TIM_PeriodElapsedCallback) refers to main.o(.bss) for .bss
    main.o(i.HAL_TIM_PeriodElapsedCallback) refers to main.o(.data) for .data
    main.o(i.HAL_UART_RxCpltCallback) refers to main.o(i.printDebug) for printDebug
    main.o(i.HAL_UART_RxCpltCallback) refers to main.o(i.erase_flash_sector) for erase_flash_sector
    main.o(i.HAL_UART_RxCpltCallback) refers to stm32f4xx_hal_flash.o(i.HAL_FLASH_Unlock) for HAL_FLASH_Unlock
    main.o(i.HAL_UART_RxCpltCallback) refers to stm32f4xx_hal_flash.o(i.HAL_FLASH_Lock) for HAL_FLASH_Lock
    main.o(i.HAL_UART_RxCpltCallback) refers to stm32f4xx_hal_uart.o(i.HAL_UART_Receive_IT) for HAL_UART_Receive_IT
    main.o(i.HAL_UART_RxCpltCallback) refers to main.o(.data) for .data
    main.o(i.HAL_UART_RxCpltCallback) refers to main.o(.bss) for .bss
    main.o(i.HAL_UART_RxCpltCallback) refers to uart.o(.bss) for huart6
    main.o(i.MX_TIM2_Init) refers to stm32f4xx_hal_tim.o(i.HAL_TIM_Base_Init) for HAL_TIM_Base_Init
    main.o(i.MX_TIM2_Init) refers to stm32f4xx_hal_tim.o(i.HAL_TIM_ConfigClockSource) for HAL_TIM_ConfigClockSource
    main.o(i.MX_TIM2_Init) refers to stm32f4xx_hal_tim_ex.o(i.HAL_TIMEx_MasterConfigSynchronization) for HAL_TIMEx_MasterConfigSynchronization
    main.o(i.MX_TIM2_Init) refers to main.o(.bss) for .bss
    main.o(i.StartDefaultTask) refers to task_lte.o(i.SIM_RequestFirmwareCommand) for SIM_RequestFirmwareCommand
    main.o(i.StartDefaultTask) refers to task_lte.o(i.CheckSimConditionCommand) for CheckSimConditionCommand
    main.o(i.StartDefaultTask) refers to cmsis_os.o(i.osDelay) for osDelay
    main.o(i.StartDefaultTask) refers to main.o(i.printDebug) for printDebug
    main.o(i.StartDefaultTask) refers to task_lte.o(i.SendCommandToSim) for SendCommandToSim
    main.o(i.StartDefaultTask) refers to strstr.o(.text) for strstr
    main.o(i.StartDefaultTask) refers to task_lte.o(i.processRespond) for processRespond
    main.o(i.StartDefaultTask) refers to main.o(i.erase_flash_sector) for erase_flash_sector
    main.o(i.StartDefaultTask) refers to task_lte.o(i.ProcessFirmwareReceived) for ProcessFirmwareReceived
    main.o(i.StartDefaultTask) refers to taskprocessfirmware.o(i.deleteBuffer) for deleteBuffer
    main.o(i.StartDefaultTask) refers to main.o(.data) for .data
    main.o(i.StartDefaultTask) refers to main.o(.bss) for .bss
    main.o(i.StartTask02) refers to main.o(i.printDebug) for printDebug
[...]
    prvDeleteTCB                             0x080034d9   Thumb Code    52  tasks.o(i.prvDeleteTCB)
    i.prvHeapInit                            0x0800350c   Section        0  heap_4.o(i.prvHeapInit)
    prvHeapInit                              0x0800350d   Thumb Code    66  heap_4.o(i.prvHeapInit)
    i.prvIdleTask                            0x08003558   Section        0  tasks.o(i.prvIdleTask)
    prvIdleTask                              0x08003559   Thumb Code    82  tasks.o(i.prvIdleTask)
    i.prvInitialiseMutex                     0x080035b8   Section        0  queue.o(i.prvInitialiseMutex)
    prvInitialiseMutex                       0x080035b9   Thumb Code    22  queue.o(i.prvInitialiseMutex)
    i.prvInitialiseNewQueue                  0x080035ce   Section        0  queue.o(i.prvInitialiseNewQueue)
    prvInitialiseNewQueue                    0x080035cf   Thumb Code    22  queue.o(i.prvInitialiseNewQueue)
    i.prvInitialiseNewTask                   0x080035e4   Section        0  tasks.o(i.prvInitialiseNewTask)
    prvInitialiseNewTask                     0x080035e5   Thumb Code   152  tasks.o(i.prvInitialiseNewTask)
    i.prvInsertBlockIntoFreeList             0x0800367c   Section        0  heap_4.o(i.prvInsertBlockIntoFreeList)
    prvInsertBlockIntoFreeList               0x0800367d   Thumb Code    72  heap_4.o(i.prvInsertBlockIntoFreeList)
    i.prvResetNextTaskUnblockTime            0x080036c8   Section        0  tasks.o(i.prvResetNextTaskUnblockTime)
    prvResetNextTaskUnblockTime              0x080036c9   Thumb Code    26  tasks.o(i.prvResetNextTaskUnblockTime)
    i.prvTaskExitError                       0x080036e8   Section        0  port.o(i.prvTaskExitError)
    prvTaskExitError                         0x080036e9   Thumb Code    36  port.o(i.prvTaskExitError)
    i.prvUnlockQueue                         0x08003710   Section        0  queue.o(i.prvUnlockQueue)
    prvUnlockQueue                           0x08003711   Thumb Code   106  queue.o(i.prvUnlockQueue)
    i.pvPortMalloc                           0x0800377c   Section        0  heap_4.o(i.pvPortMalloc)
    i.pxPortInitialiseStack                  0x08003858   Section        0  port.o(i.pxPortInitialiseStack)
    i.uxListRemove                           0x08003884   Section        0  list.o(i.uxListRemove)
    i.vApplicationGetIdleTaskMemory          0x080038ac   Section        0  freertos.o(i.vApplicationGetIdleTaskMemory)
    i.vListInitialise                        0x080038c0   Section        0  list.o(i.vListInitialise)
    i.vListInitialiseItem                    0x080038d6   Section        0  list.o(i.vListInitialiseItem)
    i.vListInsert                            0x080038dc   Section        0  list.o(i.vListInsert)
    i.vListInsertEnd                         0x0800390c   Section        0  list.o(i.vListInsertEnd)
    i.vPortEnterCritical                     0x08003924   Section        0  port.o(i.vPortEnterCritical)
    i.vPortExitCritical                      0x08003964   Section        0  port.o(i.vPortExitCritical)
    i.vPortFree                              0x0800398c   Section        0  heap_4.o(i.vPortFree)
    i.vPortSetupTimerInterrupt               0x080039f0   Section        0  port.o(i.vPortSetupTimerInterrupt)
    i.vTaskDelay                             0x08003a14   Section        0  tasks.o(i.vTaskDelay)
    i.vTaskInternalSetTimeOutState           0x08003a60   Section        0  tasks.o(i.vTaskInternalSetTimeOutState)
    i.vTaskMissedYield                       0x08003a70   Section        0  tasks.o(i.vTaskMissedYield)
    i.vTaskPlaceOnEventList                  0x08003a7c   Section        0  tasks.o(i.vTaskPlaceOnEventList)
    i.vTaskStartScheduler                    0x08003aac   Section        0  tasks.o(i.vTaskStartScheduler)
    i.vTaskSuspendAll                        0x08003b18   Section        0  tasks.o(i.vTaskSuspendAll)
    i.vTaskSwitchContext                     0x08003b28   Section        0  tasks.o(i.vTaskSwitchContext)
    i.xPortStartScheduler                    0x08003b84   Section        0  port.o(i.xPortStartScheduler)
    i.xQueueCreateMutex                      0x08003c78   Section        0  queue.o(i.xQueueCreateMutex)
    i.xQueueCreateMutexStatic                0x08003c8e   Section        0  queue.o(i.xQueueCreateMutexStatic)
    i.xQueueGenericCreate                    0x08003ca8   Section        0  queue.o(i.xQueueGenericCreate)
    i.xQueueGenericCreateStatic              0x08003cea   Section        0  queue.o(i.xQueueGenericCreateStatic)
    i.xQueueGenericReset                     0x08003d50   Section        0  queue.o(i.xQueueGenericReset)
    i.xQueueGenericSend                      0x08003dd8   Section        0  queue.o(i.xQueueGenericSend)
    i.xTaskCheckForTimeOut                   0x08003f38   Section        0  tasks.o(i.xTaskCheckForTimeOut)
    i.xTaskCreate                            0x08003fac   Section        0  tasks.o(i.xTaskCreate)
    i.xTaskCreateStatic                      0x08004006   Section        0  tasks.o(i.xTaskCreateStatic)
    i.xTaskGetSchedulerState                 0x0800405c   Section        0  tasks.o(i.xTaskGetSchedulerState)
    i.xTaskIncrementTick                     0x08004078   Section        0  tasks.o(i.xTaskIncrementTick)
    i.xTaskPriorityDisinherit                0x08004144   Section        0  tasks.o(i.xTaskPriorityDisinherit)
    i.xTaskRemoveFromEventList               0x080041dc   Section        0  tasks.o(i.xTaskRemoveFromEventList)
    i.xTaskResumeAll                         0x08004250   Section        0  tasks.o(i.xTaskResumeAll)
    locale$$code                             0x08004314   Section       44  lc_ctype_c.o(locale$$code)
    x$fpl$fpinit                             0x08004340   Section       10  fpinit.o(x$fpl$fpinit)
    $v0                                      0x08004340   Number         0  fpinit.o(x$fpl$fpinit)
    .constdata                               0x0800434c   Section       56  main.o(.constdata)
    .constdata                               0x08004384   Section      104  taskprocessfirmware.o(.constdata)
    .constdata                               0x080043ec   Section       16  system_stm32f4xx.o(.constdata)
    .constdata                               0x080043fc   Section        8  system_stm32f4xx.o(.constdata)
    .conststring                             0x08004404   Section       24  main.o(.conststring)
    locale$$data                             0x0800443c   Section      272  lc_ctype_c.o(locale$$data)
    __lcctype_c_name                         0x08004440   Data           2  lc_ctype_c.o(locale$$data)
    __lcctype_c_start                        0x08004448   Data           0  lc_ctype_c.o(locale$$data)
    __lcctype_c_end                          0x0800454c   Data           0  lc_ctype_c.o(locale$$data)
    .data                                    0x20000000   Section       52  main.o(.data)
    .data                                    0x20000034   Section       16  taskprocessfirmware.o(.data)
    .data                                    0x20000044   Section       12  stm32f4xx_hal.o(.data)
    .data                                    0x20000050   Section        4  system_stm32f4xx.o(.data)
    .data                                    0x20000054   Section       60  tasks.o(.data)
    uxDeletedTasksWaitingCleanUp             0x20000058   Data           4  tasks.o(.data)
    uxCurrentNumberOfTasks                   0x2000005c   Data           4  tasks.o(.data)
    xTickCount                               0x20000060   Data           4  tasks.o(.data)
    uxTopReadyPriority                       0x20000064   Data           4  tasks.o(.data)
    xSchedulerRunning                        0x20000068   Data           4  tasks.o(.data)
    xPendedTicks                             0x2000006c   Data           4  tasks.o(.data)
    xYieldPending                            0x20000070   Data           4  tasks.o(.data)
    xNumOfOverflows                          0x20000074   Data           4  tasks.o(.data)
    uxTaskNumber                             0x20000078   Data           4  tasks.o(.data)
    xNextTaskUnblockTime                     0x2000007c   Data           4  tasks.o(.data)
    xIdleTaskHandle                          0x20000080   Data           4  tasks.o(.data)
    uxSchedulerSuspended                     0x20000084   Data           4  tasks.o(.data)
    pxDelayedTaskList                        0x20000088   Data           4  tasks.o(.data)
    pxOverflowDelayedTaskList                0x2000008c   Data           4  tasks.o(.data)
    .data                                    0x20000090   Section       32  heap_4.o(.data)
    pxEnd                                    0x20000090   Data           4  heap_4.o(.data)
    xFreeBytesRemaining                      0x20000094   Data           4  heap_4.o(.data)
    xMinimumEverFreeBytesRemaining           0x20000098   Data           4  heap_4.o(.data)
    xNumberOfSuccessfulAllocations           0x2000009c   Data           4  heap_4.o(.data)
    xNumberOfSuccessfulFrees                 0x200000a0   Data           4  heap_4.o(.data)
    xBlockAllocatedBit                       0x200000a4   Data           4  heap_4.o(.data)
    xStart                                   0x200000a8   Data           8  heap_4.o(.data)
    .data                                    0x200000b0   Section       12  port.o(.data)
    ucMaxSysCallPriority                     0x200000b0   Data           1  port.o(.data)
    uxCriticalNesting                        0x200000b4   Data           4  port.o(.data)
    ulMaxPRIGROUPValue                       0x200000b8   Data           4  port.o(.data)
    .data                                    0x200000bc   Section        4  strtok.o(.data)
    _strtok_saves1                           0x200000bc   Data           4  strtok.o(.data)
    .bss                                     0x200000c0   Section     2120  main.o(.bss)
    .bss                                     0x20000908   Section      596  freertos.o(.bss)
    xIdleTaskTCBBuffer                       0x20000908   Data          84  freertos.o(.bss)
    xIdleStack                               0x2000095c   Data         512  freertos.o(.bss)
    .bss                                     0x20000b5c   Section       72  stm32f4xx_hal_timebase_tim.o(.bss)
    .bss                                     0x20000ba4   Section      136  uart.o(.bss)
    .bss                                     0x20000c2c   Section     5165  taskprocessfirmware.o(.bss)
    .bss                                     0x2000205c   Section       32  stm32f4xx_hal_flash.o(.bss)
    .bss                                     0x2000207c   Section      240  tasks.o(.bss)
    pxReadyTasksLists                        0x2000207c   Data         140  tasks.o(.bss)
    xDelayedTaskList1                        0x20002108   Data          20  tasks.o(.bss)
    xDelayedTaskList2                        0x2000211c   Data          20  tasks.o(.bss)
    xPendingReadyList                        0x20002130   Data          20  tasks.o(.bss)
    xTasksWaitingTermination                 0x20002144   Data          20  tasks.o(.bss)
    xSuspendedTaskList                       0x20002158   Data          20  tasks.o(.bss)
    .bss                                     0x2000216c   Section    15360  heap_4.o(.bss)
    ucHeap                                   0x2000216c   Data       15360  heap_4.o(.bss)
    .bss                                     0x20005d6c   Section       96  libspace.o(.bss)
    HEAP                                     0x20005dd0   Section      512  startup_stm32f407xx.o(HEAP)
    Heap_Mem                                 0x20005dd0   Data         512  startup_stm32f407xx.o(HEAP)
    STACK                                    0x20005fd0   Section     1024  startup_stm32f407xx.o(STACK)
    Stack_Mem                                0x20005fd0   Data        1024  startup_stm32f407xx.o(STACK)
    __initial_sp                             0x200063d0   Data           0  startup_stm32f407xx.o(STACK)

    Global Symbols

    Symbol Name                              Value     Ov Type        Size  Object(Section)

    BuildAttributes$$THM_ISAv4$E$P$D$K$B$S$7EM$VFPi3$EXTD16$VFPS$VFMA$PE$A:L22UL41UL21$X:L11$S22US41US21$IEEE1$IW$USESV6$~STKCKD$USESV7$~SHL$OTIME$ROPI$EBA8$UX$STANDARDLIB$REQ8$PRES8$EABIv2 0x00000000   Number         0  anon$$obj.o ABSOLUTE
    __ARM_use_no_argv                        0x00000000   Number         0  main.o ABSOLUTE
    __ARM_exceptions_init                     - Undefined Weak Reference
    __alloca_initialize                       - Undefined Weak Reference
    __arm_fini_                               - Undefined Weak Reference
    __arm_preinit_                            - Undefined Weak Reference
    __cpp_initialize__aeabi_                  - Undefined Weak Reference
    __cxa_finalize                            - Undefined Weak Reference
    __sigvec_lookup                           - Undefined Weak Reference
    __user_heap_extent                        - Undefined Weak Reference
    _atexit_init                              - Undefined Weak Reference
    _call_atexit_fns                          - Undefined Weak Reference
    _clock_init                               - Undefined Weak Reference
    _fp_trap_init                             - Undefined Weak Reference
    _fp_trap_shutdown                         - Undefined Weak Reference
    _get_lc_collate                           - Undefined Weak Reference
    _get_lc_monetary                          - Undefined Weak Reference
    _get_lc_numeric                           - Undefined Weak Reference
    _get_lc_time                              - Undefined Weak Reference
    _getenv_init                              - Undefined Weak Reference
    _handle_redirection                       - Undefined Weak Reference
    _initio                                   - Undefined Weak Reference
    _mutex_acquire                            - Undefined Weak Reference
    _mutex_free                               - Undefined Weak Reference
    _mutex_release                            - Undefined Weak Reference
    _printf_post_padding                      - Undefined Weak Reference
    _printf_pre_padding                       - Undefined Weak Reference
    _printf_truncate_signed                   - Undefined Weak Reference
    _printf_truncate_unsigned                 - Undefined Weak Reference
    _rand_init                                - Undefined Weak Reference
    _signal_finish                            - Undefined Weak Reference
    _signal_init                              - Undefined Weak Reference
    _terminateio                              - Undefined Weak Reference
    __Vectors_Size                           0x00000188   Number         0  startup_stm32f407xx.o ABSOLUTE
    __Vectors                                0x08000000   Data           4  startup_stm32f407xx.o(RESET)
    __Vectors_End                            0x08000188   Data           0  startup_stm32f407xx.o(RESET)
    __main                                   0x08000189   Thumb Code     8  __main.o(!!!main)
    __scatterload                            0x08000191   Thumb Code     0  __scatter.o(!!!scatter)
    __scatterload_rt2                        0x08000191   Thumb Code    44  __scatter.o(!!!scatter)
    __scatterload_rt2_thumb_only             0x08000191   Thumb Code     0  __scatter.o(!!!scatter)
    __scatterload_null                       0x0800019f   Thumb Code     0  __scatter.o(!!!scatter)
    __scatterload_copy                       0x080001c5   Thumb Code    26  __scatter_copy.o(!!handler_copy)
    __scatterload_zeroinit                   0x080001e1   Thumb Code    28  __scatter_zi.o(!!handler_zi)
    _printf_d                                0x080001fd   Thumb Code     0  _printf_d.o(.ARM.Collect$$_printf_percent$$00000009)
    _printf_percent                          0x080001fd   Thumb Code     0  _printf_percent.o(.ARM.Collect$$_printf_percent$$00000000)
    _printf_percent_end                      0x08000203   Thumb Code     0  _printf_percent_end.o(.ARM.Collect$$_printf_percent$$00000017)
    __rt_lib_init                            0x08000207   Thumb Code     0  libinit.o(.ARM.Collect$$libinit$$00000000)
    __rt_lib_init_fp_1                       0x08000209   Thumb Code     0  libinit2.o(.ARM.Collect$$libinit$$00000001)
    __rt_lib_init_heap_1                     0x0800020d   Thumb Code     0  libinit2.o(.ARM.Collect$$libinit$$0000000A)
    __rt_lib_init_lc_common                  0x0800020d   Thumb Code     0  libinit2.o(.ARM.Collect$$libinit$$0000000F)
    __rt_lib_init_preinit_1                  0x0800020d   Thumb Code     0  libinit2.o(.ARM.Collect$$libinit$$00000004)
    __rt_lib_init_rand_1                     0x0800020d   Thumb Code     0  libinit2.o(.ARM.Collect$$libinit$$0000000E)
    __rt_lib_init_user_alloc_1               0x0800020d   Thumb Code     0  libinit2.o(.ARM.Collect$$libinit$$0000000C)
    __rt_lib_init_lc_collate_1               0x08000213   Thumb Code     0  libinit2.o(.ARM.Collect$$libinit$$00000011)
    __rt_lib_init_lc_ctype_2                 0x08000213   Thumb Code     0  libinit2.o(.ARM.Collect$$libinit$$00000012)
    __rt_lib_init_alloca_1                   0x0800021f   Thumb Code     0  libinit2.o(.ARM.Collect$$libinit$$0000002E)
    __rt_lib_init_argv_1                     0x0800021f   Thumb Code     0  libinit2.o(.ARM.Collect$$libinit$$0000002C)
    __rt_lib_init_atexit_1                   0x0800021f   Thumb Code     0  libinit2.o(.ARM.Collect$$libinit$$0000001B)
    __rt_lib_init_clock_1                    0x0800021f   Thumb Code     0  libinit2.o(.ARM.Collect$$libinit$$00000021)
    __rt_lib_init_cpp_1                      0x0800021f   Thumb Code     0  libinit2.o(.ARM.Collect$$libinit$$00000032)
    __rt_lib_init_exceptions_1               0x0800021f   Thumb Code     0  libinit2.o(.ARM.Collect$$libinit$$00000030)
    __rt_lib_init_fp_trap_1                  0x0800021f   Thumb Code     0  libinit2.o(.ARM.Collect$$libinit$$0000001F)
    __rt_lib_init_getenv_1                   0x0800021f   Thumb Code     0  libinit2.o(.ARM.Collect$$libinit$$00000023)
    __rt_lib_init_lc_ctype_1                 0x0800021f   Thumb Code     0  libinit2.o(.ARM.Collect$$libinit$$00000013)
    __rt_lib_init_lc_monetary_1              0x0800021f   Thumb Code     0  libinit2.o(.ARM.Collect$$libinit$$00000015)
    __rt_lib_init_lc_numeric_1               0x0800021f   Thumb Code     0  libinit2.o(.ARM.Collect$$libinit$$00000017)
    __rt_lib_init_lc_time_1                  0x0800021f   Thumb Code     0  libinit2.o(.ARM.Collect$$libinit$$00000019)
    __rt_lib_init_return                     0x0800021f   Thumb Code     0  libinit2.o(.ARM.Collect$$libinit$$00000033)
    __rt_lib_init_signal_1                   0x0800021f   Thumb Code     0  libinit2.o(.ARM.Collect$$libinit$$0000001D)
    __rt_lib_init_stdio_1                    0x0800021f   Thumb Code     0  libinit2.o(.ARM.Collect$$libinit$$00000025)
    __rt_lib_shutdown                        0x08000221   Thumb Code     0  libshutdown.o(.ARM.Collect$$libshutdown$$00000000)
    __rt_lib_shutdown_cpp_1                  0x08000223   Thumb Code     0  libshutdown2.o(.ARM.Collect$$libshutdown$$00000004)
    __rt_lib_shutdown_fini_1                 0x08000223   Thumb Code     0  libshutdown2.o(.ARM.Collect$$libshutdown$$00000002)
    __rt_lib_shutdown_fp_trap_1              0x08000223   Thumb Code     0  libshutdown2.o(.ARM.Collect$$libshutdown$$00000009)
    __rt_lib_shutdown_heap_1                 0x08000223   Thumb Code     0  libshutdown2.o(.ARM.Collect$$libshutdown$$00000011)
    __rt_lib_shutdown_return                 0x08000223   Thumb Code     0  libshutdown2.o(.ARM.Collect$$libshutdown$$00000012)
    __rt_lib_shutdown_signal_1               0x08000223   Thumb Code     0  libshutdown2.o(.ARM.Collect$$libshutdown$$0000000C)
    __rt_lib_shutdown_stdio_1                0x08000223   Thumb Code     0  libshutdown2.o(.ARM.Collect$$libshutdown$$00000006)
    __rt_lib_shutdown_user_alloc_1           0x08000223   Thumb Code     0  libshutdown2.o(.ARM.Collect$$libshutdown$$0000000E)
    __rt_entry                               0x08000225   Thumb Code     0  __rtentry.o(.ARM.Collect$$rtentry$$00000000)
    __rt_entry_presh_1                       0x08000225   Thumb Code     0  __rtentry2.o(.ARM.Collect$$rtentry$$00000002)
    __rt_entry_sh                            0x08000225   Thumb Code     0  __rtentry4.o(.ARM.Collect$$rtentry$$00000004)
    __rt_entry_li                            0x0800022b   Thumb Code     0  __rtentry2.o(.ARM.Collect$$rtentry$$0000000A)
    __rt_entry_postsh_1                      0x0800022b   Thumb Code     0  __rtentry2.o(.ARM.Collect$$rtentry$$00000009)
    __rt_entry_main                          0x0800022f   Thumb Code     0  __rtentry2.o(.ARM.Collect$$rtentry$$0000000D)
    __rt_entry_postli_1                      0x0800022f   Thumb Code     0  __rtentry2.o(.ARM.Collect$$rtentry$$0000000C)
    __rt_exit                                0x08000237   Thumb Code     0  rtexit.o(.ARM.Collect$$rtexit$$00000000)
    __rt_exit_ls                             0x08000239   Thumb Code     0  rtexit2.o(.ARM.Collect$$rtexit$$00000003)
    __rt_exit_prels_1                        0x08000239   Thumb Code     0  rtexit2.o(.ARM.Collect$$rtexit$$00000002)
    __rt_exit_exit                           0x0800023d   Thumb Code     0  rtexit2.o(.ARM.Collect$$rtexit$$00000004)
    SVC_Handler                              0x08000245   Thumb Code    28  port.o(.emb_text)
    __asm___6_port_c_39a90d8d__prvStartFirstTask 0x08000265   Thumb Code    36  port.o(.emb_text)
    __asm___6_port_c_39a90d8d__prvEnableVFP  0x0800028d   Thumb Code    16  port.o(.emb_text)
    PendSV_Handler                           0x080002a1   Thumb Code    88  port.o(.emb_text)
    vPortGetIPSR                             0x080002fd   Thumb Code     6  port.o(.emb_text)
    Reset_Handler                            0x08000305   Thumb Code     8  startup_stm32f407xx.o(.text)
    ADC_IRQHandler                           0x0800031f   Thumb Code     0  startup_stm32f407xx.o(.text)
    CAN1_RX0_IRQHandler                      0x0800031f   Thumb Code     0  startup_stm32f407xx.o(.text)
    CAN1_RX1_IRQHandler                      0x0800031f   Thumb Code     0  startup_stm32f407xx.o(.text)
    CAN1_SCE_IRQHandler                      0x0800031f   Thumb Code     0  startup_stm32f407xx.o(.text)
    CAN1_TX_IRQHandler                       0x0800031f   Thumb Code     0  startup_stm32f407xx.o(.text)
    CAN2_RX0_IRQHandler                      0x0800031f   Thumb Code     0  startup_stm32f407xx.o(.text)
    CAN2_RX1_IRQHandler                      0x0800031f   Thumb Code     0  startup_stm32f407xx.o(.text)
    CAN2_SCE_IRQHandler                      0x0800031f   Thumb Code     0  startup_stm32f407xx.o(.text)
    CAN2_TX_IRQHandler                       0x0800031f   Thumb Code     0  startup_stm32f407xx.o(.text)
    DCMI_IRQHandler                          0x0800031f   Thumb Code     0  startup_stm32f407xx.o(.text)
    DMA1_Stream0_IRQHandler                  0x0800031f   Thumb Code     0  startup_stm32f407xx.o(.text)
    DMA1_Stream1_IRQHandler                  0x0800031f   Thumb Code     0  startup_stm32f407xx.o(.text)
    DMA1_Stream2_IRQHandler                  0x0800031f   Thumb Code     0  startup_stm32f407xx.o(.text)
    DMA1_Stream3_IRQHandler                  0x0800031f   Thumb Code     0  startup_stm32f407xx.o(.text)
    DMA1_Stream4_IRQHandler                  0x0800031f   Thumb Code     0  startup_stm32f407xx.o(.text)
    DMA1_Stream5_IRQHandler                  0x0800031f   Thumb Code     0  startup_stm32f407xx.o(.text)
    DMA1_Stream6_IRQHandler                  0x0800031f   Thumb Code     0  startup_stm32f407xx.o(.text)
    DMA1_Stream7_IRQHandler                  0x0800031f   Thumb Code     0  startup_stm32f407xx.o(.text)
    DMA2_Stream0_IRQHandler                  0x0800031f   Thumb Code     0  startup_stm32f407xx.o(.text)
    DMA2_Stream1_IRQHandler                  0x0800031f   Thumb Code     0  startup_stm32f407xx.o(.text)
    DMA2_Stream2_IRQHandler                  0x0800031f   Thumb Code     0  startup_stm32f407xx.o(.text)
    DMA2_Stream3_IRQHandler                  0x0800031f   Thumb Code     0  startup_stm32f407xx.o(.text)
    DMA2_Stream4_IRQHandler                  0x0800031f   Thumb Code     0  startup_stm32f407xx.o(.text)
    DMA2_Stream5_IRQHandler                  0x0800031f   Thumb Code     0  startup_stm32f407xx.o(.text)
    DMA2_Stream6_IRQHandler                  0x0800031f   Thumb Code     0  startup_stm32f407xx.o(.text)
    DMA2_Stream7_IRQHandler                  0x0800031f   Thumb Code     0  startup_stm32f407xx.o(.text)
    ETH_IRQHandler                           0x0800031f   Thumb Code     0  startup_stm32f407xx.o(.text)
    ETH_WKUP_IRQHandler                      0x0800031f   Thumb Code     0  startup_stm32f407xx.o(.text)
    EXTI0_IRQHandler                         0x0800031f   Thumb Code     0  startup_stm32f407xx.o(.text)
    EXTI15_10_IRQHandler                     0x0800031f   Thumb Code     0  startup_stm32f407xx.o(.text)
    EXTI1_IRQHandler                         0x0800031f   Thumb Code     0  startup_stm32f407xx.o(.text)
    EXTI2_IRQHandler                         0x0800031f   Thumb Code     0  startup_stm32f407xx.o(.text)
    EXTI3_IRQHandler                         0x0800031f   Thumb Code     0  startup_stm32f407xx.o(.text)
    EXTI4_IRQHandler                         0x0800031f   Thumb Code     0  startup_stm32f407xx.o(.text)
    EXTI9_5_IRQHandler                       0x0800031f   Thumb Code     0  startup_stm32f407xx.o(.text)
    FLASH_IRQHandler                         0x0800031f   Thumb Code     0  startup_stm32f407xx.o(.text)
    FMC_IRQHandler                           0x0800031f   Thumb Code     0  startup_stm32f407xx.o(.text)
    FPU_IRQHandler                           0x0800031f   Thumb Code     0  startup_stm32f407xx.o(.text)
    HASH_RNG_IRQHandler                      0x0800031f   Thumb Code     0  startup_stm32f407xx.o(.text)
    I2C1_ER_IRQHandler                       0x0800031f   Thumb Code     0  startup_stm32f407xx.o(.text)
    I2C1_EV_IRQHandler                       0x0800031f   Thumb Code     0  startup_stm32f407xx.o(.text)
    I2C2_ER_IRQHandler                       0x0800031f   Thumb Code     0  startup_stm32f407xx.o(.text)
    I2C2_EV_IRQHandler                       0x0800031f   Thumb Code     0  startup_stm32f407xx.o(.text)
    I2C3_ER_IRQHandler                       0x0800031f   Thumb Code     0  startup_stm32f407xx.o(.text)
    I2C3_EV_IRQHandler                       0x0800031f   Thumb Code     0  startup_stm32f407xx.o(.text)
    OTG_FS_IRQHandler                        0x0800031f   Thumb Code     0  startup_stm32f407xx.o(.text)
    OTG_FS_WKUP_IRQHandler                   0x0800031f   Thumb Code     0  startup_stm32f407xx.o(.text)
    OTG_HS_EP1_IN_IRQHandler                 0x0800031f   Thumb Code     0  startup_stm32f407xx.o(.text)
    OTG_HS_EP1_OUT_IRQHandler                0x0800031f   Thumb Code     0  startup_stm32f407xx.o(.text)
    OTG_HS_IRQHandler                        0x0800031f   Thumb Code     0  startup_stm32f407xx.o(.text)
    OTG_HS_WKUP_IRQHandler                   0x0800031f   Thumb Code     0  startup_stm32f407xx.o(.text)
    PVD_IRQHandler                           0x0800031f   Thumb Code     0  startup_stm32f407xx.o(.text)
    RCC_IRQHandler                           0x0800031f   Thumb Code     0  startup_stm32f407xx.o(.text)
    RTC_Alarm_IRQHandler                     0x0800031f   Thumb Code     0  startup_stm32f407xx.o(.text)
    RTC_WKUP_IRQHandler                      0x0800031f   Thumb Code     0  startup_stm32f407xx.o(.text)
    SDIO_IRQHandler                          0x0800031f   Thumb Code     0  startup_stm32f407xx.o(.text)
    SPI1_IRQHandler                          0x0800031f   Thumb Code     0  startup_stm32f407xx.o(.text)
    SPI2_IRQHandler                          0x0800031f   Thumb Code     0  startup_stm32f407xx.o(.text)
    SPI3_IRQHandler                          0x0800031f   Thumb Code     0  startup_stm32f407xx.o(.text)
    TAMP_STAMP_IRQHandler                    0x0800031f   Thumb Code     0  startup_stm32f407xx.o(.text)
    TIM1_BRK_TIM9_IRQHandler                 0x0800031f   Thumb Code     0  startup_stm32f407xx.o(.text)
    TIM1_CC_IRQHandler                       0x0800031f   Thumb Code     0  startup_stm32f407xx.o(.text)
    TIM1_TRG_COM_TIM11_IRQHandler            0x0800031f   Thumb Code     0  startup_stm32f407xx.o(.text)
    TIM1_UP_TIM10_IRQHandler                 0x0800031f   Thumb Code     0  startup_stm32f407xx.o(.text)
    TIM3_IRQHandler                          0x0800031f   Thumb Code     0  startup_stm32f407xx.o(.text)
    TIM5_IRQHandler                          0x0800031f   Thumb Code     0  startup_stm32f407xx.o(.text)
    TIM6_DAC_IRQHandler                      0x0800031f   Thumb Code     0  startup_stm32f407xx.o(.text)
    TIM7_IRQHandler                          0x0800031f   Thumb Code     0  startup_stm32f407xx.o(.text)
    TIM8_BRK_TIM12_IRQHandler                0x0800031f   Thumb Code     0  startup_stm32f407xx.o(.text)
    TIM8_CC_IRQHandler                       0x0800031f   Thumb Code     0  startup_stm32f407xx.o(.text)
    TIM8_TRG_COM_TIM14_IRQHandler            0x0800031f   Thumb Code     0  startup_stm32f407xx.o(.text)
    TIM8_UP_TIM13_IRQHandler                 0x0800031f   Thumb Code     0  startup_stm32f407xx.o(.text)
    UART4_IRQHandler                         0x0800031f   Thumb Code     0  startup_stm32f407xx.o(.text)
    UART5_IRQHandler                         0x0800031f   Thumb Code     0  startup_stm32f407xx.o(.text)
    USART2_IRQHandler                        0x0800031f   Thumb Code     0  startup_stm32f407xx.o(.text)
    USART3_IRQHandler                        0x0800031f   Thumb Code     0  startup_stm32f407xx.o(.text)
    WWDG_IRQHandler                          0x0800031f   Thumb Code     0  startup_stm32f407xx.o(.text)
    __user_initial_stackheap                 0x08000321   Thumb Code     0  startup_stm32f407xx.o(.text)
    free                                     0x08000345   Thumb Code    78  h1_free.o(.text)
    __aeabi_uldivmod                         0x08000393   Thumb Code     0  lludivv7m.o(.text)
    _ll_udiv                                 0x08000393   Thumb Code   238  lludivv7m.o(.text)
    __2sprintf                               0x08000481   Thumb Code    34  noretval__2sprintf.o(.text)
    __printf                                 0x080004a9   Thumb Code   104  __printf.o(.text)
    _printf_int_dec                          0x08000511   Thumb Code   104  _printf_dec.o(.text)
    strtol                                   0x08000589   Thumb Code   112  strtol.o(.text)
    strtok                                   0x080005f9   Thumb Code     6  strtok.o(.text)
    strstr                                   0x08000605   Thumb Code    36  strstr.o(.text)
    strcpy                                   0x08000629   Thumb Code    72  strcpy.o(.text)
    strlen                                   0x08000671   Thumb Code    62  strlen.o(.text)
    __aeabi_memcpy                           0x080006af   Thumb Code     0  rt_memcpy_v6.o(.text)
    __rt_memcpy                              0x080006af   Thumb Code   138  rt_memcpy_v6.o(.text)
    _memcpy_lastbytes                        0x08000715   Thumb Code     0  rt_memcpy_v6.o(.text)
    __aeabi_memcpy4                          0x08000739   Thumb Code     0  rt_memcpy_w.o(.text)
    __aeabi_memcpy8                          0x08000739   Thumb Code     0  rt_memcpy_w.o(.text)
    __rt_memcpy_w                            0x08000739   Thumb Code   100  rt_memcpy_w.o(.text)
    _memcpy_lastbytes_aligned                0x08000781   Thumb Code     0  rt_memcpy_w.o(.text)
    __aeabi_memclr4                          0x0800079d   Thumb Code     0  rt_memclr_w.o(.text)
    __aeabi_memclr8                          0x0800079d   Thumb Code     0  rt_memclr_w.o(.text)
    __rt_memclr_w                            0x0800079d   Thumb Code    78  rt_memclr_w.o(.text)
    _memset_w                                0x080007a1   Thumb Code     0  rt_memclr_w.o(.text)
    __use_two_region_memory                  0x080007eb   Thumb Code     2  heapauxi.o(.text)
    __rt_heap_escrow                         0x080007ed   Thumb Code     2  heapauxi.o(.text)
    __rt_heap_expand                         0x080007ef   Thumb Code     2  heapauxi.o(.text)
    __rt_ctype_table                         0x080007f1   Thumb Code    16  rt_ctype_table.o(.text)
    __rt_heap_descriptor                     0x08000801   Thumb Code     8  rt_heap_descriptor_intlibspace.o(.text)
    __aeabi_errno_addr                       0x08000809   Thumb Code     8  rt_errno_addr_intlibspace.o(.text)
    __errno$intlibspace                      0x08000809   Thumb Code     0  rt_errno_addr_intlibspace.o(.text)
    __rt_errno_addr$intlibspace              0x08000809   Thumb Code     0  rt_errno_addr_intlibspace.o(.text)
    _printf_int_common                       0x08000811   Thumb Code   178  _printf_intcommon.o(.text)
    _printf_char_common                      0x080008cf   Thumb Code    32  _printf_char_common.o(.text)
    _sputc                                   0x080008f5   Thumb Code    10  _sputc.o(.text)
    _strtoul                                 0x080008ff   Thumb Code   158  _strtoul.o(.text)
    __strtok_internal                        0x0800099d   Thumb Code    64  strtok_int.o(.text)
    __user_libspace                          0x080009e1   Thumb Code     8  libspace.o(.text)
    __user_perproc_libspace                  0x080009e1   Thumb Code     0  libspace.o(.text)
    __user_perthread_libspace                0x080009e1   Thumb Code     0  libspace.o(.text)
    __rt_locale                              0x080009e9   Thumb Code     8  rt_locale_intlibspace.o(.text)
    _chval                                   0x080009f1   Thumb Code    28  _chval.o(.text)
    strcspn                                  0x08000a0d   Thumb Code    32  strcspn.o(.text)
    strspn                                   0x08000a2d   Thumb Code    28  strspn.o(.text)
    __user_setup_stackheap                   0x08000a49   Thumb Code    74  sys_stackheap_outer.o(.text)
    exit                                     0x08000a93   Thumb Code    18  exit.o(.text)
    strcmp                                   0x08000aa5   Thumb Code   128  strcmpv7m.o(.text)
    _sys_exit                                0x08000b25   Thumb Code     8  sys_exit.o(.text)
    __I$use$semihosting                      0x08000b31   Thumb Code     0  use_no_semi.o(.text)
    __use_no_semihosting_swi                 0x08000b31   Thumb Code     2  use_no_semi.o(.text)
    BusFault_Handler                         0x08000b33   Thumb Code     2  stm32f4xx_it.o(i.BusFault_Handler)
    __semihosting_library_function           0x08000b33   Thumb Code     0  indicate_semi.o(.text)
    CheckByteCount                           0x08000b35   Thumb Code    62  taskprocessfirmware.o(i.CheckByteCount)
    CheckHex                                 0x08000b73   Thumb Code    40  taskprocessfirmware.o(i.CheckHex)
    CheckLength                              0x08000b9b   Thumb Code    14  taskprocessfirmware.o(i.CheckLength)
    CheckLineError                           0x08000ba9   Thumb Code    76  taskprocessfirmware.o(i.CheckLineError)
    CheckSimConditionCommand                 0x08000bf5   Thumb Code    88  task_lte.o(i.CheckSimConditionCommand)
    CheckStartBit                            0x08000d75   Thumb Code    14  taskprocessfirmware.o(i.CheckStartBit)
    CheckSum                                 0x08000d83   Thumb Code    78  taskprocessfirmware.o(i.CheckSum)
    ClearBuffer                              0x08000dd1   Thumb Code    20  taskprocessfirmware.o(i.ClearBuffer)
    ConvertToDec                             0x08000de9   Thumb Code    30  taskprocessfirmware.o(i.ConvertToDec)
    DebugMon_Handler                         0x08000e07   Thumb Code     2  stm32f4xx_it.o(i.DebugMon_Handler)
    Error_Handler                            0x08000e09   Thumb Code     4  main.o(i.Error_Handler)
    FLASH_Erase_Sector                       0x08000e0d   Thumb Code    74  stm32f4xx_hal_flash_ex.o(i.FLASH_Erase_Sector)
    FLASH_FlushCaches                        0x08000e5d   Thumb Code    80  stm32f4xx_hal_flash_ex.o(i.FLASH_FlushCaches)
    FLASH_WaitForLastOperation               0x08000fd5   Thumb Code    72  stm32f4xx_hal_flash.o(i.FLASH_WaitForLastOperation)
    HAL_DMA_Abort                            0x08001025   Thumb Code   146  stm32f4xx_hal_dma.o(i.HAL_DMA_Abort)
    HAL_DMA_Abort_IT                         0x080010b7   Thumb Code    36  stm32f4xx_hal_dma.o(i.HAL_DMA_Abort_IT)
    HAL_FLASHEx_Erase                        0x080010dd   Thumb Code   144  stm32f4xx_hal_flash_ex.o(i.HAL_FLASHEx_Erase)
    HAL_FLASH_Lock                           0x08001175   Thumb Code    14  stm32f4xx_hal_flash.o(i.HAL_FLASH_Lock)
    HAL_FLASH_Program                        0x08001189   Thumb Code   116  stm32f4xx_hal_flash.o(i.HAL_FLASH_Program)
    HAL_FLASH_Unlock                         0x08001205   Thumb Code    32  stm32f4xx_hal_flash.o(i.HAL_FLASH_Unlock)
    HAL_GPIO_Init                            0x08001231   Thumb Code   450  stm32f4xx_hal_gpio.o(i.HAL_GPIO_Init)
    HAL_GetTick                              0x08001421   Thumb Code     6  stm32f4xx_hal.o(i.HAL_GetTick)
    HAL_IncTick                              0x0800142d   Thumb Code    12  stm32f4xx_hal.o(i.HAL_IncTick)
    HAL_Init                                 0x0800143d   Thumb Code    48  stm32f4xx_hal.o(i.HAL_Init)
    HAL_InitTick                             0x08001471   Thumb Code   132  stm32f4xx_hal_timebase_tim.o(i.HAL_InitTick)
    HAL_MspInit                              0x08001509   Thumb Code    52  stm32f4xx_hal_msp.o(i.HAL_MspInit)
    HAL_NVIC_EnableIRQ                       0x08001541   Thumb Code    26  stm32f4xx_hal_cortex.o(i.HAL_NVIC_EnableIRQ)
    HAL_NVIC_SetPriority                     0x0800155d   Thumb Code    60  stm32f4xx_hal_cortex.o(i.HAL_NVIC_SetPriority)
    HAL_NVIC_SetPriorityGrouping             0x0800159d   Thumb Code    26  stm32f4xx_hal_cortex.o(i.HAL_NVIC_SetPriorityGrouping)
    HAL_RCC_ClockConfig                      0x080015c1   Thumb Code   288  stm32f4xx_hal_rcc.o(i.HAL_RCC_ClockConfig)
    HAL_RCC_GetClockConfig                   0x080016f5   Thumb Code    54  stm32f4xx_hal_rcc.o(i.HAL_RCC_GetClockConfig)
    HAL_RCC_GetPCLK1Freq                     0x08001735   Thumb Code    20  stm32f4xx_hal_rcc.o(i.HAL_RCC_GetPCLK1Freq)
    HAL_RCC_GetPCLK2Freq                     0x08001755   Thumb Code    20  stm32f4xx_hal_rcc.o(i.HAL_RCC_GetPCLK2Freq)
    HAL_RCC_GetSysClockFreq                  0x08001775   Thumb Code    88  stm32f4xx_hal_rcc.o(i.HAL_RCC_GetSysClockFreq)
    HAL_RCC_OscConfig                        0x080017d9   Thumb Code   856  stm32f4xx_hal_rcc.o(i.HAL_RCC_OscConfig)
    HAL_TIMEx_BreakCallback                  0x08001b45   Thumb Code     2  stm32f4xx_hal_tim_ex.o(i.HAL_TIMEx_BreakCallback)
    HAL_TIMEx_CommutCallback                 0x08001b47   Thumb Code     2  stm32f4xx_hal_tim_ex.o(i.HAL_TIMEx_CommutCallback)
    HAL_TIMEx_MasterConfigSynchronization    0x08001b49   Thumb Code   116  stm32f4xx_hal_tim_ex.o(i.HAL_TIMEx_MasterConfigSynchronization)
    HAL_TIM_Base_Init                        0x08001bd9   Thumb Code    90  stm32f4xx_hal_tim.o(i.HAL_TIM_Base_Init)
    HAL_TIM_Base_MspInit                     0x08001c35   Thumb Code    50  stm32f4xx_hal_msp.o(i.HAL_TIM_Base_MspInit)
    HAL_TIM_Base_Start_IT                    0x08001c6d   Thumb Code   100  stm32f4xx_hal_tim.o(i.HAL_TIM_Base_Start_IT)
    HAL_TIM_Base_Stop                        0x08001ced   Thumb Code    38  stm32f4xx_hal_tim.o(i.HAL_TIM_Base_Stop)
    HAL_TIM_ConfigClockSource                0x08001d13   Thumb Code   220  stm32f4xx_hal_tim.o(i.HAL_TIM_ConfigClockSource)
    HAL_TIM_IC_CaptureCallback               0x08001def   Thumb Code     2  stm32f4xx_hal_tim.o(i.HAL_TIM_IC_CaptureCallback)
    HAL_TIM_IRQHandler                       0x08001df1   Thumb Code   358  stm32f4xx_hal_tim.o(i.HAL_TIM_IRQHandler)
    HAL_TIM_OC_DelayElapsedCallback          0x08001f57   Thumb Code     2  stm32f4xx_hal_tim.o(i.HAL_TIM_OC_DelayElapsedCallback)
    HAL_TIM_PWM_PulseFinishedCallback        0x08001f59   Thumb Code     2  stm32f4xx_hal_tim.o(i.HAL_TIM_PWM_PulseFinishedCallback)
    HAL_TIM_PeriodElapsedCallback            0x08001f5d   Thumb Code    48  main.o(i.HAL_TIM_PeriodElapsedCallback)
    HAL_TIM_TriggerCallback                  0x08001fa1   Thumb Code     2  stm32f4xx_hal_tim.o(i.HAL_TIM_TriggerCallback)
    HAL_UARTEx_RxEventCallback               0x08001fa3   Thumb Code     2  stm32f4xx_hal_uart.o(i.HAL_UARTEx_RxEventCallback)
    HAL_UART_ErrorCallback                   0x08001fa5   Thumb Code     2  stm32f4xx_hal_uart.o(i.HAL_UART_ErrorCallback)
    HAL_UART_IRQHandler                      0x08001fa9   Thumb Code   610  stm32f4xx_hal_uart.o(i.HAL_UART_IRQHandler)
    HAL_UART_Init                            0x08002211   Thumb Code    98  stm32f4xx_hal_uart.o(i.HAL_UART_Init)
    HAL_UART_MspInit                         0x08002275   Thumb Code   180  stm32f4xx_hal_msp.o(i.HAL_UART_MspInit)
    HAL_UART_Receive_IT                      0x0800233d   Thumb Code    42  stm32f4xx_hal_uart.o(i.HAL_UART_Receive_IT)
    HAL_UART_RxCpltCallback                  0x08002369   Thumb Code   170  main.o(i.HAL_UART_RxCpltCallback)
    HAL_UART_Transmit                        0x08002495   Thumb Code   178  stm32f4xx_hal_uart.o(i.HAL_UART_Transmit)
    HAL_UART_TxCpltCallback                  0x08002547   Thumb Code     2  main.o(i.HAL_UART_TxCpltCallback)
    HardFault_Handler                        0x08002549   Thumb Code     2  stm32f4xx_it.o(i.HardFault_Handler)
    MX_USART1_UART_Init                      0x08002601   Thumb Code    48  uart.o(i.MX_USART1_UART_Init)
    MX_USART6_UART_Init                      0x08002639   Thumb Code    48  uart.o(i.MX_USART6_UART_Init)
    MemManage_Handler                        0x08002671   Thumb Code     2  stm32f4xx_it.o(i.MemManage_Handler)
    NMI_Handler                              0x08002673   Thumb Code     2  stm32f4xx_it.o(i.NMI_Handler)
    ProcessFirmwareReceived                  0x08002675   Thumb Code   108  task_lte.o(i.ProcessFirmwareReceived)
    SIM_RequestFirmwareCommand               0x080026f9   Thumb Code    46  task_lte.o(i.SIM_RequestFirmwareCommand)
    SendCommandToSim                         0x08002761   Thumb Code    40  task_lte.o(i.SendCommandToSim)
    StartDefaultTask                         0x08002791   Thumb Code   362  main.o(i.StartDefaultTask)
    StartTask02                              0x08002a1d   Thumb Code    18  main.o(i.StartTask02)
    SysTick_Handler                          0x08002a3d   Thumb Code    38  port.o(i.SysTick_Handler)
    SystemClock_Config                       0x08002a69   Thumb Code   116  main.o(i.SystemClock_Config)
    SystemInit                               0x08002ae5   Thumb Code    12  system_stm32f4xx.o(i.SystemInit)
    TIM2_IRQHandler                          0x08002af5   Thumb Code     6  stm32f4xx_it.o(i.TIM2_IRQHandler)
    TIM4_IRQHandler                          0x08002b01   Thumb Code     6  stm32f4xx_it.o(i.TIM4_IRQHandler)
    TIM_Base_SetConfig                       0x08002b0d   Thumb Code   156  stm32f4xx_hal_tim.o(i.TIM_Base_SetConfig)
    TIM_ETR_SetConfig                        0x08002bd5   Thumb Code    20  stm32f4xx_hal_tim.o(i.TIM_ETR_SetConfig)
    UART_Start_Receive_IT                    0x08002e69   Thumb Code    58  stm32f4xx_hal_uart.o(i.UART_Start_Receive_IT)
    USART1_IRQHandler                        0x08002f1d   Thumb Code     6  stm32f4xx_it.o(i.USART1_IRQHandler)
    USART6_IRQHandler                        0x08002f29   Thumb Code     6  stm32f4xx_it.o(i.USART6_IRQHandler)
    UsageFault_Handler                       0x08002f35   Thumb Code     2  stm32f4xx_it.o(i.UsageFault_Handler)
    WriteLineToFlash                         0x08002f39   Thumb Code   130  taskprocessfirmware.o(i.WriteLineToFlash)
    WritePage                                0x08002fc5   Thumb Code    90  taskprocessfirmware.o(i.WritePage)
    convertCharsToHex                        0x0800304d   Thumb Code    50  taskprocessfirmware.o(i.convertCharsToHex)
    convertHexPairs                          0x08003085   Thumb Code    34  taskprocessfirmware.o(i.convertHexPairs)
    deleteBuffer                             0x080030a7   Thumb Code    24  taskprocessfirmware.o(i.deleteBuffer)
    display                                  0x080030c1   Thumb Code    26  task_lte.o(i.display)
    erase_flash_sector                       0x080030e1   Thumb Code    40  main.o(i.erase_flash_sector)
    main                                     0x08003109   Thumb Code   134  main.o(i.main)
    osDelay                                  0x080031d5   Thumb Code    14  cmsis_os.o(i.osDelay)
    osKernelStart                            0x080031e3   Thumb Code    10  cmsis_os.o(i.osKernelStart)
    osMutexCreate                            0x080031ed   Thumb Code    16  cmsis_os.o(i.osMutexCreate)
    osThreadCreate                           0x080031fd   Thumb Code    84  cmsis_os.o(i.osThreadCreate)
    printDebug                               0x08003251   Thumb Code    24  main.o(i.printDebug)
    processRespond                           0x0800326d   Thumb Code    48  task_lte.o(i.processRespond)
    processTmpLine                           0x080032a1   Thumb Code   132  taskprocessfirmware.o(i.processTmpLine)
    pvPortMalloc                             0x0800377d   Thumb Code   216  heap_4.o(i.pvPortMalloc)
    pxPortInitialiseStack                    0x08003859   Thumb Code    40  port.o(i.pxPortInitialiseStack)
    uxListRemove                             0x08003885   Thumb Code    38  list.o(i.uxListRemove)
    vApplicationGetIdleTaskMemory            0x080038ad   Thumb Code    16  freertos.o(i.vApplicationGetIdleTaskMemory)
    vListInitialise                          0x080038c1   Thumb Code    22  list.o(i.vListInitialise)
    vListInitialiseItem                      0x080038d7   Thumb Code     6  list.o(i.vListInitialiseItem)
    vListInsert                              0x080038dd   Thumb Code    48  list.o(i.vListInsert)
    vListInsertEnd                           0x0800390d   Thumb Code    24  list.o(i.vListInsertEnd)
    vPortEnterCritical                       0x08003925   Thumb Code    54  port.o(i.vPortEnterCritical)
    vPortExitCritical                        0x08003965   Thumb Code    34  port.o(i.vPortExitCritical)
    vPortFree                                0x0800398d   Thumb Code    94  heap_4.o(i.vPortFree)
    vPortSetupTimerInterrupt                 0x080039f1   Thumb Code    32  port.o(i.vPortSetupTimerInterrupt)
    vTaskDelay                               0x08003a15   Thumb Code    66  tasks.o(i.vTaskDelay)
    vTaskInternalSetTimeOutState             0x08003a61   Thumb Code    12  tasks.o(i.vTaskInternalSetTimeOutState)
    vTaskMissedYield                         0x08003a71   Thumb Code     8  tasks.o(i.vTaskMissedYield)
    vTaskPlaceOnEventList                    0x08003a7d   Thumb Code    44  tasks.o(i.vTaskPlaceOnEventList)
    vTaskStartScheduler                      0x08003aad   Thumb Code    90  tasks.o(i.vTaskStartScheduler)
    vTaskSuspendAll                          0x08003b19   Thumb Code    10  tasks.o(i.vTaskSuspendAll)
    vTaskSwitchContext                       0x08003b29   Thumb Code    82  tasks.o(i.vTaskSwitchContext)
    xPortStartScheduler                      0x08003b85   Thumb Code   222  port.o(i.xPortStartScheduler)
    xQueueCreateMutex                        0x08003c79   Thumb Code    22  queue.o(i.xQueueCreateMutex)
    xQueueCreateMutexStatic                  0x08003c8f   Thumb Code    26  queue.o(i.xQueueCreateMutexStatic)
    xQueueGenericCreate                      0x08003ca9   Thumb Code    66  queue.o(i.xQueueGenericCreate)
    xQueueGenericCreateStatic                0x08003ceb   Thumb Code   102  queue.o(i.xQueueGenericCreateStatic)
    xQueueGenericReset                       0x08003d51   Thumb Code   132  queue.o(i.xQueueGenericReset)
    xQueueGenericSend                        0x08003dd9   Thumb Code   346  queue.o(i.xQueueGenericSend)
    xTaskCheckForTimeOut                     0x08003f39   Thumb Code   112  tasks.o(i.xTaskCheckForTimeOut)
    xTaskCreate                              0x08003fad   Thumb Code    90  tasks.o(i.xTaskCreate)
    xTaskCreateStatic                        0x08004007   Thumb Code    86  tasks.o(i.xTaskCreateStatic)
    xTaskGetSchedulerState                   0x0800405d   Thumb Code    22  tasks.o(i.xTaskGetSchedulerState)
    xTaskIncrementTick                       0x08004079   Thumb Code   194  tasks.o(i.xTaskIncrementTick)
    xTaskPriorityDisinherit                  0x08004145   Thumb Code   144  tasks.o(i.xTaskPriorityDisinherit)
    xTaskRemoveFromEventList                 0x080041dd   Thumb Code   108  tasks.o(i.xTaskRemoveFromEventList)
    xTaskResumeAll                           0x08004251   Thumb Code   182  tasks.o(i.xTaskResumeAll)
    _get_lc_ctype                            0x08004315   Thumb Code    44  lc_ctype_c.o(locale$$code)
    _fp_init                                 0x08004341   Thumb Code    10  fpinit.o(x$fpl$fpinit)
    __fplib_config_fpu_vfp                   0x08004349   Thumb Code     0  fpinit.o(x$fpl$fpinit)
    __fplib_config_pureend_doubles           0x08004349   Thumb Code     0  fpinit.o(x$fpl$fpinit)
    AHBPrescTable                            0x080043ec   Data          16  system_stm32f4xx.o(.constdata)
    APBPrescTable                            0x080043fc   Data           8  system_stm32f4xx.o(.constdata)
    Region$$Table$$Base                      0x0800441c   Number         0  anon$$obj.o(Region$$Table)
    Region$$Table$$Limit                     0x0800443c   Number         0  anon$$obj.o(Region$$Table)
    __ctype                                  0x08004449   Data           0  lc_ctype_c.o(locale$$data)
    RxDataChar                               0x20000000   Data           1  main.o(.data)
    RxDataCharSim                            0x20000001   Data           1  main.o(.data)
    RxDataIndex                              0x20000002   Data           2  main.o(.data)
    RxDataIndexSim                           0x20000004   Data           2  main.o(.data)
    isReceivedRespond                        0x20000008   Data           4  main.o(.data)
    FOTAFlag                                 0x2000000c   Data           4  main.o(.data)
    sentToSimFlag                            0x20000010   Data           4  main.o(.data)
    FOTACommandIndex                         0x20000014   Data           4  main.o(.data)
    SimRespondTimeout                        0x20000018   Data           4  main.o(.data)
    writeToFlash                             0x2000001c   Data           4  main.o(.data)
    beginLine                                0x20000020   Data           4  main.o(.data)
    tmpFlag                                  0x20000024   Data           4  main.o(.data)
    defaultTaskHandle                        0x20000028   Data           4  main.o(.data)
    myTask02Handle                           0x2000002c   Data           4  main.o(.data)
    myMutex01Handle                          0x20000030   Data           4  main.o(.data)
    currentBufferIndex                       0x20000034   Data           2  taskprocessfirmware.o(.data)
    uchar_array_length                       0x20000036   Data           2  taskprocessfirmware.o(.data)
    page_write                               0x20000038   Data           4  taskprocessfirmware.o(.data)
    indexLine                                0x2000003c   Data           4  taskprocessfirmware.o(.data)
    isBetweenPlus                            0x20000040   Data           4  taskprocessfirmware.o(.data)
    uwTickFreq                               0x20000044   Data           1  stm32f4xx_hal.o(.data)
    uwTickPrio                               0x20000048   Data           4  stm32f4xx_hal.o(.data)
    uwTick                                   0x2000004c   Data           4  stm32f4xx_hal.o(.data)
    SystemCoreClock                          0x20000050   Data           4  system_stm32f4xx.o(.data)
    pxCurrentTCB                             0x20000054   Data           4  tasks.o(.data)
    htim2                                    0x200000c0   Data          72  main.o(.bss)
    RxDataUSART1                             0x20000108   Data        1024  main.o(.bss)
    RxDataUSART6                             0x20000508   Data        1024  main.o(.bss)
    htim4                                    0x20000b5c   Data          72  stm32f4xx_hal_timebase_tim.o(.bss)
    huart1                                   0x20000ba4   Data          68  uart.o(.bss)
    huart6                                   0x20000be8   Data          68  uart.o(.bss)
    fLineTmp                                 0x20000c2c   Data          45  taskprocessfirmware.o(.bss)
    buffer                                   0x20000c59   Data        2048  taskprocessfirmware.o(.bss)
    hexArray                                 0x20001459   Data        2048  taskprocessfirmware.o(.bss)
    hexPair                                  0x20001c59   Data        1024  taskprocessfirmware.o(.bss)
    pFlash                                   0x2000205c   Data          32  stm32f4xx_hal_flash.o(.bss)
    __libspace_start                         0x20005d6c   Data          96  libspace.o(.bss)
    __temporary_stack_top$libspace           0x20005dcc   Data           0  libspace.o(.bss)



==============================================================================

Memory Map of the image

  Image Entry point : 0x08000189

  Load Region LR_IROM1 (Base: 0x08000000, Size: 0x0000460c, Max: 0x00100000, ABSOLUTE)

    Execution Region ER_IROM1 (Exec base: 0x08000000, Load base: 0x08000000, Size: 0x0000454c, Max: 0x00100000, ABSOLUTE)

    Exec Addr    Load Addr    Size         Type   Attr      Idx    E Section Name        Object

    0x08000000   0x08000000   0x00000188   Data   RO            3    RESET               startup_stm32f407xx.o
    0x08000188   0x08000188   0x00000008   Code   RO         4691  * !!!main             c_w.l(__main.o)
    0x08000190   0x08000190   0x00000034   Code   RO         4948    !!!scatter          c_w.l(__scatter.o)
    0x080001c4   0x080001c4   0x0000001a   Code   RO         4950    !!handler_copy      c_w.l(__scatter_copy.o)
    0x080001de   0x080001de   0x00000002   PAD
    0x080001e0   0x080001e0   0x0000001c   Code   RO         4952    !!handler_zi        c_w.l(__scatter_zi.o)
    0x080001fc   0x080001fc   0x00000000   Code   RO         4669    .ARM.Collect$$_printf_percent$$00000000  c_w.l(_printf_percent.o)
    0x080001fc   0x080001fc   0x00000006   Code   RO         4668    .ARM.Collect$$_printf_percent$$00000009  c_w.l(_printf_d.o)
    0x08000202   0x08000202   0x00000004   Code   RO         4740    .ARM.Collect$$_printf_percent$$00000017  c_w.l(_printf_percent_end.o)
    0x08000206   0x08000206   0x00000002   Code   RO         4876    .ARM.Collect$$libinit$$00000000  c_w.l(libinit.o)
    0x08000208   0x08000208   0x00000004   Code   RO         4802    .ARM.Collect$$libinit$$00000001  c_w.l(libinit2.o)
    0x0800020c   0x0800020c   0x00000000   Code   RO         4805    .ARM.Collect$$libinit$$00000004  c_w.l(libinit2.o)
    0x0800020c   0x0800020c   0x00000000   Code   RO         4808    .ARM.Collect$$libinit$$0000000A  c_w.l(libinit2.o)
    0x0800020c   0x0800020c   0x00000000   Code   RO         4810    .ARM.Collect$$libinit$$0000000C  c_w.l(libinit2.o)
    0x0800020c   0x0800020c   0x00000000   Code   RO         4812    .ARM.Collect$$libinit$$0000000E  c_w.l(libinit2.o)
    0x0800020c   0x0800020c   0x00000006   Code   RO         4813    .ARM.Collect$$libinit$$0000000F  c_w.l(libinit2.o)
    0x08000212   0x08000212   0x00000000   Code   RO         4815    .ARM.Collect$$libinit$$00000011  c_w.l(libinit2.o)
    0x08000212   0x08000212   0x0000000c   Code   RO         4816    .ARM.Collect$$libinit$$00000012  c_w.l(libinit2.o)
    0x0800021e   0x0800021e   0x00000000   Code   RO         4817    .ARM.Collect$$libinit$$00000013  c_w.l(libinit2.o)
    0x0800021e   0x0800021e   0x00000000   Code   RO         4819    .ARM.Collect$$libinit$$00000015  c_w.l(libinit2.o)
    0x0800021e   0x0800021e   0x00000000   Code   RO         4821    .ARM.Collect$$libinit$$00000017  c_w.l(libinit2.o)
    0x0800021e   0x0800021e   0x00000000   Code   RO         4823    .ARM.Collect$$libinit$$00000019  c_w.l(libinit2.o)
    0x0800021e   0x0800021e   0x00000000   Code   RO         4825    .ARM.Collect$$libinit$$0000001B  c_w.l(libinit2.o)
    0x0800021e   0x0800021e   0x00000000   Code   RO         4827    .ARM.Collect$$libinit$$0000001D  c_w.l(libinit2.o)
    0x0800021e   0x0800021e   0x00000000   Code   RO         4829    .ARM.Collect$$libinit$$0000001F  c_w.l(libinit2.o)
    0x0800021e   0x0800021e   0x00000000   Code   RO         4831    .ARM.Collect$$libinit$$00000021  c_w.l(libinit2.o)
    0x0800021e   0x0800021e   0x00000000   Code   RO         4833    .ARM.Collect$$libinit$$00000023  c_w.l(libinit2.o)
    0x0800021e   0x0800021e   0x00000000   Code   RO         4835    .ARM.Collect$$libinit$$00000025  c_w.l(libinit2.o)
    0x0800021e   0x0800021e   0x00000000   Code   RO         4839    .ARM.Collect$$libinit$$0000002C  c_w.l(libinit2.o)
    0x0800021e   0x0800021e   0x00000000   Code   RO         4841    .ARM.Collect$$libinit$$0000002E  c_w.l(libinit2.o)
    0x0800021e   0x0800021e   0x00000000   Code   RO         4843    .ARM.Collect$$libinit$$00000030  c_w.l(libinit2.o)
    0x0800021e   0x0800021e   0x00000000   Code   RO         4845    .ARM.Collect$$libinit$$00000032  c_w.l(libinit2.o)
    0x0800021e   0x0800021e   0x00000002   Code   RO         4846    .ARM.Collect$$libinit$$00000033  c_w.l(libinit2.o)
    0x08000220   0x08000220   0x00000002   Code   RO         4945    .ARM.Collect$$libshutdown$$00000000  c_w.l(libshutdown.o)
    0x08000222   0x08000222   0x00000000   Code   RO         4901    .ARM.Collect$$libshutdown$$00000002  c_w.l(libshutdown2.o)
    0x08000222   0x08000222   0x00000000   Code   RO         4903    .ARM.Collect$$libshutdown$$00000004  c_w.l(libshutdown2.o)
    0x08000222   0x08000222   0x00000000   Code   RO         4905    .ARM.Collect$$libshutdown$$00000006  c_w.l(libshutdown2.o)
    0x08000222   0x08000222   0x00000000   Code   RO         4908    .ARM.Collect$$libshutdown$$00000009  c_w.l(libshutdown2.o)
    0x08000222   0x08000222   0x00000000   Code   RO         4911    .ARM.Collect$$libshutdown$$0000000C  c_w.l(libshutdown2.o)
    0x08000222   0x08000222   0x00000000   Code   RO         4913    .ARM.Collect$$libshutdown$$0000000E  c_w.l(libshutdown2.o)
    0x08000222   0x08000222   0x00000000   Code   RO         4916    .ARM.Collect$$libshutdown$$00000011  c_w.l(libshutdown2.o)
    0x08000222   0x08000222   0x00000002   Code   RO         4917    .ARM.Collect$$libshutdown$$00000012  c_w.l(libshutdown2.o)
    0x08000224   0x08000224   0x00000000   Code   RO         4695    .ARM.Collect$$rtentry$$00000000  c_w.l(__rtentry.o)
    0x08000224   0x08000224   0x00000000   Code   RO         4751    .ARM.Collect$$rtentry$$00000002  c_w.l(__rtentry2.o)
    0x08000224   0x08000224   0x00000006   Code   RO         4763    .ARM.Collect$$rtentry$$00000004  c_w.l(__rtentry4.o)
    0x0800022a   0x0800022a   0x00000000   Code   RO         4753    .ARM.Collect$$rtentry$$00000009  c_w.l(__rtentry2.o)
    0x0800022a   0x0800022a   0x00000004   Code   RO         4754    .ARM.Collect$$rtentry$$0000000A  c_w.l(__rtentry2.o)
    0x0800022e   0x0800022e   0x00000000   Code   RO         4756    .ARM.Collect$$rtentry$$0000000C  c_w.l(__rtentry2.o)
    0x0800022e   0x0800022e   0x00000008   Code   RO         4757    .ARM.Collect$$rtentry$$0000000D  c_w.l(__rtentry2.o)
    0x08000236   0x08000236   0x00000002   Code   RO         4884    .ARM.Collect$$rtexit$$00000000  c_w.l(rtexit.o)
    0x08000238   0x08000238   0x00000000   Code   RO         4921    .ARM.Collect$$rtexit$$00000002  c_w.l(rtexit2.o)
    0x08000238   0x08000238   0x00000004   Code   RO         4922    .ARM.Collect$$rtexit$$00000003  c_w.l(rtexit2.o)
    0x0800023c   0x0800023c   0x00000006   Code   RO         4923    .ARM.Collect$$rtexit$$00000004  c_w.l(rtexit2.o)
    0x08000242   0x08000242   0x00000002   PAD
    0x08000244   0x08000244   0x000000be   Code   RO         4503    .emb_text           port.o
    0x08000302   0x08000302   0x00000002   PAD
    0x08000304   0x08000304   0x00000040   Code   RO            4    .text               startup_stm32f407xx.o
    0x08000344   0x08000344   0x0000004e   Code   RO         4584    .text               c_w.l(h1_free.o)
    0x08000392   0x08000392   0x000000ee   Code   RO         4638    .text               c_w.l(lludivv7m.o)
    0x08000480   0x08000480   0x00000028   Code   RO         4642    .text               c_w.l(noretval__2sprintf.o)
    0x080004a8   0x080004a8   0x00000068   Code   RO         4644    .text               c_w.l(__printf.o)
    0x08000510   0x08000510   0x00000078   Code   RO         4646    .text               c_w.l(_printf_dec.o)
    0x08000588   0x08000588   0x00000070   Code   RO         4670    .text               c_w.l(strtol.o)
    0x080005f8   0x080005f8   0x0000000c   Code   RO         4672    .text               c_w.l(strtok.o)
    0x08000604   0x08000604   0x00000024   Code   RO         4675    .text               c_w.l(strstr.o)
    0x08000628   0x08000628   0x00000048   Code   RO         4677    .text               c_w.l(strcpy.o)
    0x08000670   0x08000670   0x0000003e   Code   RO         4679    .text               c_w.l(strlen.o)
    0x080006ae   0x080006ae   0x0000008a   Code   RO         4681    .text               c_w.l(rt_memcpy_v6.o)
    0x08000738   0x08000738   0x00000064   Code   RO         4683    .text               c_w.l(rt_memcpy_w.o)
    0x0800079c   0x0800079c   0x0000004e   Code   RO         4687    .text               c_w.l(rt_memclr_w.o)
    0x080007ea   0x080007ea   0x00000006   Code   RO         4689    .text               c_w.l(heapauxi.o)
    0x080007f0   0x080007f0   0x00000010   Code   RO         4696    .text               c_w.l(rt_ctype_table.o)
    0x08000800   0x08000800   0x00000008   Code   RO         4705    .text               c_w.l(rt_heap_descriptor_intlibspace.o)
    0x08000808   0x08000808   0x00000008   Code   RO         4710    .text               c_w.l(rt_errno_addr_intlibspace.o)
    0x08000810   0x08000810   0x000000b2   Code   RO         4734    .text               c_w.l(_printf_intcommon.o)
    0x080008c2   0x080008c2   0x00000002   PAD
    0x080008c4   0x080008c4   0x00000030   Code   RO         4736    .text               c_w.l(_printf_char_common.o)
    0x080008f4   0x080008f4   0x0000000a   Code   RO         4738    .text               c_w.l(_sputc.o)
    0x080008fe   0x080008fe   0x0000009e   Code   RO         4741    .text               c_w.l(_strtoul.o)
    0x0800099c   0x0800099c   0x00000044   Code   RO         4743    .text               c_w.l(strtok_int.o)
    0x080009e0   0x080009e0   0x00000008   Code   RO         4747    .text               c_w.l(libspace.o)
    0x080009e8   0x080009e8   0x00000008   Code   RO         4770    .text               c_w.l(rt_locale_intlibspace.o)
    0x080009f0   0x080009f0   0x0000001c   Code   RO         4784    .text               c_w.l(_chval.o)
    0x08000a0c   0x08000a0c   0x00000020   Code   RO         4793    .text               c_w.l(strcspn.o)
    0x08000a2c   0x08000a2c   0x0000001c   Code   RO         4795    .text               c_w.l(strspn.o)
    0x08000a48   0x08000a48   0x0000004a   Code   RO         4849    .text               c_w.l(sys_stackheap_outer.o)
    0x08000a92   0x08000a92   0x00000012   Code   RO         4857    .text               c_w.l(exit.o)
    0x08000aa4   0x08000aa4   0x00000080   Code   RO         4867    .text               c_w.l(strcmpv7m.o)
    0x08000b24   0x08000b24   0x0000000c   Code   RO         4879    .text               c_w.l(sys_exit.o)
    0x08000b30   0x08000b30   0x00000002   Code   RO         4881    .text               c_w.l(use_no_semi.o)
    0x08000b32   0x08000b32   0x00000000   Code   RO         4883    .text               c_w.l(indicate_semi.o)
    0x08000b32   0x08000b32   0x00000002   Code   RO          303    i.BusFault_Handler  stm32f4xx_it.o
    0x08000b34   0x08000b34   0x0000003e   Code   RO          583    i.CheckByteCount    taskprocessfirmware.o
    0x08000b72   0x08000b72   0x00000028   Code   RO          584    i.CheckHex          taskprocessfirmware.o
    0x08000b9a   0x08000b9a   0x0000000e   Code   RO          585    i.CheckLength       taskprocessfirmware.o
    0x08000ba8   0x08000ba8   0x0000004c   Code   RO          586    i.CheckLineError    taskprocessfirmware.o
    0x08000bf4   0x08000bf4   0x00000180   Code   RO          472    i.CheckSimConditionCommand  task_lte.o
    0x08000d74   0x08000d74   0x0000000e   Code   RO          587    i.CheckStartBit     taskprocessfirmware.o
    0x08000d82   0x08000d82   0x0000004e   Code   RO          588    i.CheckSum          taskprocessfirmware.o
    0x08000dd0   0x08000dd0   0x00000018   Code   RO          589    i.ClearBuffer       taskprocessfirmware.o
    0x08000de8   0x08000de8   0x0000001e   Code   RO          590    i.ConvertToDec      taskprocessfirmware.o
    0x08000e06   0x08000e06   0x00000002   Code   RO          304    i.DebugMon_Handler  stm32f4xx_it.o
    0x08000e08   0x08000e08   0x00000004   Code   RO           13    i.Error_Handler     main.o
    0x08000e0c   0x08000e0c   0x00000050   Code   RO         1060    i.FLASH_Erase_Sector  stm32f4xx_hal_flash_ex.o
    0x08000e5c   0x08000e5c   0x00000054   Code   RO         1061    i.FLASH_FlushCaches  stm32f4xx_hal_flash_ex.o
    0x08000eb0   0x08000eb0   0x00000028   Code   RO         1062    i.FLASH_MassErase   stm32f4xx_hal_flash_ex.o
    0x08000ed8   0x08000ed8   0x00000020   Code   RO          942    i.FLASH_Program_Byte  stm32f4xx_hal_flash.o
    0x08000ef8   0x08000ef8   0x0000002c   Code   RO          943    i.FLASH_Program_DoubleWord  stm32f4xx_hal_flash.o
    0x08000f24   0x08000f24   0x00000024   Code   RO          944    i.FLASH_Program_HalfWord  stm32f4xx_hal_flash.o
    0x08000f48   0x08000f48   0x00000024   Code   RO          945    i.FLASH_Program_Word  stm32f4xx_hal_flash.o
    0x08000f6c   0x08000f6c   0x00000068   Code   RO          946    i.FLASH_SetErrorCode  stm32f4xx_hal_flash.o
    0x08000fd4   0x08000fd4   0x00000050   Code   RO          947    i.FLASH_WaitForLastOperation  stm32f4xx_hal_flash.o
    0x08001024   0x08001024   0x00000092   Code   RO         1248    i.HAL_DMA_Abort     stm32f4xx_hal_dma.o
    0x080010b6   0x080010b6   0x00000024   Code   RO         1249    i.HAL_DMA_Abort_IT  stm32f4xx_hal_dma.o
    0x080010da   0x080010da   0x00000002   PAD
    0x080010dc   0x080010dc   0x00000098   Code   RO         1063    i.HAL_FLASHEx_Erase  stm32f4xx_hal_flash_ex.o
    0x08001174   0x08001174   0x00000014   Code   RO          951    i.HAL_FLASH_Lock    stm32f4xx_hal_flash.o
    0x08001188   0x08001188   0x0000007c   Code   RO          956    i.HAL_FLASH_Program  stm32f4xx_hal_flash.o
    0x08001204   0x08001204   0x0000002c   Code   RO          958    i.HAL_FLASH_Unlock  stm32f4xx_hal_flash.o
    0x08001230   0x08001230   0x000001f0   Code   RO         1141    i.HAL_GPIO_Init     stm32f4xx_hal_gpio.o
    0x08001420   0x08001420   0x0000000c   Code   RO         1673    i.HAL_GetTick       stm32f4xx_hal.o
    0x0800142c   0x0800142c   0x00000010   Code   RO         1679    i.HAL_IncTick       stm32f4xx_hal.o
    0x0800143c   0x0800143c   0x00000034   Code   RO         1680    i.HAL_Init          stm32f4xx_hal.o
    0x08001470   0x08001470   0x00000098   Code   RO          433    i.HAL_InitTick      stm32f4xx_hal_timebase_tim.o
    0x08001508   0x08001508   0x00000038   Code   RO          385    i.HAL_MspInit       stm32f4xx_hal_msp.o
    0x08001540   0x08001540   0x0000001a   Code   RO         1530    i.HAL_NVIC_EnableIRQ  stm32f4xx_hal_cortex.o
    0x0800155a   0x0800155a   0x00000002   PAD
    0x0800155c   0x0800155c   0x00000040   Code   RO         1536    i.HAL_NVIC_SetPriority  stm32f4xx_hal_cortex.o
    0x0800159c   0x0800159c   0x00000024   Code   RO         1537    i.HAL_NVIC_SetPriorityGrouping  stm32f4xx_hal_cortex.o
    0x080015c0   0x080015c0   0x00000134   Code   RO          787    i.HAL_RCC_ClockConfig  stm32f4xx_hal_rcc.o
    0x080016f4   0x080016f4   0x00000040   Code   RO          791    i.HAL_RCC_GetClockConfig  stm32f4xx_hal_rcc.o
    0x08001734   0x08001734   0x00000020   Code   RO          794    i.HAL_RCC_GetPCLK1Freq  stm32f4xx_hal_rcc.o
    0x08001754   0x08001754   0x00000020   Code   RO          795    i.HAL_RCC_GetPCLK2Freq  stm32f4xx_hal_rcc.o
    0x08001774   0x08001774   0x00000064   Code   RO          796    i.HAL_RCC_GetSysClockFreq  stm32f4xx_hal_rcc.o
    0x080017d8   0x080017d8   0x0000036c   Code   RO          799    i.HAL_RCC_OscConfig  stm32f4xx_hal_rcc.o
    0x08001b44   0x08001b44   0x00000002   Code   RO         2624    i.HAL_TIMEx_BreakCallback  stm32f4xx_hal_tim_ex.o
    0x08001b46   0x08001b46   0x00000002   Code   RO         2625    i.HAL_TIMEx_CommutCallback  stm32f4xx_hal_tim_ex.o
    0x08001b48   0x08001b48   0x00000090   Code   RO         2643    i.HAL_TIMEx_MasterConfigSynchronization  stm32f4xx_hal_tim_ex.o
    0x08001bd8   0x08001bd8   0x0000005a   Code   RO         1920    i.HAL_TIM_Base_Init  stm32f4xx_hal_tim.o
    0x08001c32   0x08001c32   0x00000002   PAD
    0x08001c34   0x08001c34   0x00000038   Code   RO          387    i.HAL_TIM_Base_MspInit  stm32f4xx_hal_msp.o
    0x08001c6c   0x08001c6c   0x00000080   Code   RO         1925    i.HAL_TIM_Base_Start_IT  stm32f4xx_hal_tim.o
    0x08001cec   0x08001cec   0x00000026   Code   RO         1926    i.HAL_TIM_Base_Stop  stm32f4xx_hal_tim.o
    0x08001d12   0x08001d12   0x000000dc   Code   RO         1929    i.HAL_TIM_ConfigClockSource  stm32f4xx_hal_tim.o
    0x08001dee   0x08001dee   0x00000002   Code   RO         1954    i.HAL_TIM_IC_CaptureCallback  stm32f4xx_hal_tim.o
    0x08001df0   0x08001df0   0x00000166   Code   RO         1968    i.HAL_TIM_IRQHandler  stm32f4xx_hal_tim.o
    0x08001f56   0x08001f56   0x00000002   Code   RO         1971    i.HAL_TIM_OC_DelayElapsedCallback  stm32f4xx_hal_tim.o
    0x08001f58   0x08001f58   0x00000002   Code   RO         1998    i.HAL_TIM_PWM_PulseFinishedCallback  stm32f4xx_hal_tim.o
    0x08001f5a   0x08001f5a   0x00000002   PAD
    0x08001f5c   0x08001f5c   0x00000044   Code   RO           14    i.HAL_TIM_PeriodElapsedCallback  main.o
    0x08001fa0   0x08001fa0   0x00000002   Code   RO         2011    i.HAL_TIM_TriggerCallback  stm32f4xx_hal_tim.o
    0x08001fa2   0x08001fa2   0x00000002   Code   RO         2902    i.HAL_UARTEx_RxEventCallback  stm32f4xx_hal_uart.o
    0x08001fa4   0x08001fa4   0x00000002   Code   RO         2916    i.HAL_UART_ErrorCallback  stm32f4xx_hal_uart.o
    0x08001fa6   0x08001fa6   0x00000002   PAD
    0x08001fa8   0x08001fa8   0x00000268   Code   RO         2919    i.HAL_UART_IRQHandler  stm32f4xx_hal_uart.o
    0x08002210   0x08002210   0x00000062   Code   RO         2920    i.HAL_UART_Init     stm32f4xx_hal_uart.o
    0x08002272   0x08002272   0x00000002   PAD
    0x08002274   0x08002274   0x000000c8   Code   RO          389    i.HAL_UART_MspInit  stm32f4xx_hal_msp.o
    0x0800233c   0x0800233c   0x0000002a   Code   RO         2925    i.HAL_UART_Receive_IT  stm32f4xx_hal_uart.o
    0x08002366   0x08002366   0x00000002   PAD
    0x08002368   0x08002368   0x0000012c   Code   RO           15    i.HAL_UART_RxCpltCallback  main.o
    0x08002494   0x08002494   0x000000b2   Code   RO         2928    i.HAL_UART_Transmit  stm32f4xx_hal_uart.o
    0x08002546   0x08002546   0x00000002   Code   RO           16    i.HAL_UART_TxCpltCallback  main.o
    0x08002548   0x08002548   0x00000002   Code   RO          305    i.HardFault_Handler  stm32f4xx_it.o
    0x0800254a   0x0800254a   0x00000002   PAD
    0x0800254c   0x0800254c   0x0000004c   Code   RO           17    i.MX_GPIO_Init      main.o
    0x08002598   0x08002598   0x00000068   Code   RO           18    i.MX_TIM2_Init      main.o
    0x08002600   0x08002600   0x00000038   Code   RO          547    i.MX_USART1_UART_Init  uart.o
    0x08002638   0x08002638   0x00000038   Code   RO          548    i.MX_USART6_UART_Init  uart.o
    0x08002670   0x08002670   0x00000002   Code   RO          306    i.MemManage_Handler  stm32f4xx_it.o
    0x08002672   0x08002672   0x00000002   Code   RO          307    i.NMI_Handler       stm32f4xx_it.o
    0x08002674   0x08002674   0x00000084   Code   RO          473    i.ProcessFirmwareReceived  task_lte.o
    0x080026f8   0x080026f8   0x00000068   Code   RO          474    i.SIM_RequestFirmwareCommand  task_lte.o
    0x08002760   0x08002760   0x00000030   Code   RO          477    i.SendCommandToSim  task_lte.o
    0x08002790   0x08002790   0x0000028c   Code   RO           19    i.StartDefaultTask  main.o
    0x08002a1c   0x08002a1c   0x00000020   Code   RO           20    i.StartTask02       main.o
    0x08002a3c   0x08002a3c   0x0000002c   Code   RO         4504    i.SysTick_Handler   port.o
    0x08002a68   0x08002a68   0x0000007c   Code   RO           21    i.SystemClock_Config  main.o
    0x08002ae4   0x08002ae4   0x00000010   Code   RO         3249    i.SystemInit        system_stm32f4xx.o
    0x08002af4   0x08002af4   0x0000000c   Code   RO          308    i.TIM2_IRQHandler   stm32f4xx_it.o
    0x08002b00   0x08002b00   0x0000000c   Code   RO          309    i.TIM4_IRQHandler   stm32f4xx_it.o
    0x08002b0c   0x08002b0c   0x000000c8   Code   RO         2013    i.TIM_Base_SetConfig  stm32f4xx_hal_tim.o
    0x08002bd4   0x08002bd4   0x00000014   Code   RO         2024    i.TIM_ETR_SetConfig  stm32f4xx_hal_tim.o
    0x08002be8   0x08002be8   0x00000010   Code   RO         2025    i.TIM_ITRx_SetConfig  stm32f4xx_hal_tim.o
    0x08002bf8   0x08002bf8   0x00000022   Code   RO         2031    i.TIM_TI1_ConfigInputStage  stm32f4xx_hal_tim.o
    0x08002c1a   0x08002c1a   0x00000024   Code   RO         2033    i.TIM_TI2_ConfigInputStage  stm32f4xx_hal_tim.o
    0x08002c3e   0x08002c3e   0x00000010   Code   RO         2933    i.UART_DMAAbortOnError  stm32f4xx_hal_uart.o
    0x08002c4e   0x08002c4e   0x0000004e   Code   RO         2943    i.UART_EndRxTransfer  stm32f4xx_hal_uart.o
    0x08002c9c   0x08002c9c   0x000000c0   Code   RO         2945    i.UART_Receive_IT   stm32f4xx_hal_uart.o
    0x08002d5c   0x08002d5c   0x0000010c   Code   RO         2946    i.UART_SetConfig    stm32f4xx_hal_uart.o
    0x08002e68   0x08002e68   0x0000003a   Code   RO         2948    i.UART_Start_Receive_IT  stm32f4xx_hal_uart.o
    0x08002ea2   0x08002ea2   0x00000078   Code   RO         2949    i.UART_WaitOnFlagUntilTimeout  stm32f4xx_hal_uart.o
    0x08002f1a   0x08002f1a   0x00000002   PAD
    0x08002f1c   0x08002f1c   0x0000000c   Code   RO          310    i.USART1_IRQHandler  stm32f4xx_it.o
    0x08002f28   0x08002f28   0x0000000c   Code   RO          311    i.USART6_IRQHandler  stm32f4xx_it.o
    0x08002f34   0x08002f34   0x00000002   Code   RO          312    i.UsageFault_Handler  stm32f4xx_it.o
    0x08002f36   0x08002f36   0x00000002   PAD
    0x08002f38   0x08002f38   0x0000008c   Code   RO          592    i.WriteLineToFlash  taskprocessfirmware.o
    0x08002fc4   0x08002fc4   0x00000068   Code   RO          593    i.WritePage         taskprocessfirmware.o
    0x0800302c   0x0800302c   0x00000020   Code   RO         1543    i.__NVIC_SetPriority  stm32f4xx_hal_cortex.o
    0x0800304c   0x0800304c   0x00000038   Code   RO          595    i.convertCharsToHex  taskprocessfirmware.o
    0x08003084   0x08003084   0x00000022   Code   RO          596    i.convertHexPairs   taskprocessfirmware.o
    0x080030a6   0x080030a6   0x00000018   Code   RO          597    i.deleteBuffer      taskprocessfirmware.o
    0x080030be   0x080030be   0x00000002   PAD
    0x080030c0   0x080030c0   0x00000020   Code   RO          479    i.display           task_lte.o
    0x080030e0   0x080030e0   0x00000028   Code   RO           22    i.erase_flash_sector  main.o
    0x08003108   0x08003108   0x000000c0   Code   RO           23    i.main              main.o
    0x080031c8   0x080031c8   0x0000000c   Code   RO         4069    i.makeFreeRtosPriority  cmsis_os.o
    0x080031d4   0x080031d4   0x0000000e   Code   RO         4071    i.osDelay           cmsis_os.o
    0x080031e2   0x080031e2   0x0000000a   Code   RO         4074    i.osKernelStart     cmsis_os.o
    0x080031ec   0x080031ec   0x00000010   Code   RO         4089    i.osMutexCreate     cmsis_os.o
    0x080031fc   0x080031fc   0x00000054   Code   RO         4108    i.osThreadCreate    cmsis_os.o
    0x08003250   0x08003250   0x0000001c   Code   RO           24    i.printDebug        main.o
    0x0800326c   0x0800326c   0x00000034   Code   RO          480    i.processRespond    task_lte.o
    0x080032a0   0x080032a0   0x0000008c   Code   RO          598    i.processTmpLine    taskprocessfirmware.o
    0x0800332c   0x0800332c   0x00000070   Code   RO         3751    i.prvAddCurrentTaskToDelayedList  tasks.o
    0x0800339c   0x0800339c   0x000000d0   Code   RO         3752    i.prvAddNewTaskToReadyList  tasks.o
    0x0800346c   0x0800346c   0x0000006c   Code   RO         3428    i.prvCopyDataToQueue  queue.o
    0x080034d8   0x080034d8   0x00000034   Code   RO         3753    i.prvDeleteTCB      tasks.o
    0x0800350c   0x0800350c   0x0000004c   Code   RO         4436    i.prvHeapInit       heap_4.o
    0x08003558   0x08003558   0x00000060   Code   RO         3754    i.prvIdleTask       tasks.o
    0x080035b8   0x080035b8   0x00000016   Code   RO         3429    i.prvInitialiseMutex  queue.o
    0x080035ce   0x080035ce   0x00000016   Code   RO         3430    i.prvInitialiseNewQueue  queue.o
    0x080035e4   0x080035e4   0x00000098   Code   RO         3755    i.prvInitialiseNewTask  tasks.o
    0x0800367c   0x0800367c   0x0000004c   Code   RO         4437    i.prvInsertBlockIntoFreeList  heap_4.o
    0x080036c8   0x080036c8   0x00000020   Code   RO         3756    i.prvResetNextTaskUnblockTime  tasks.o
    0x080036e8   0x080036e8   0x00000028   Code   RO         4505    i.prvTaskExitError  port.o
    0x08003710   0x08003710   0x0000006a   Code   RO         3432    i.prvUnlockQueue    queue.o
    0x0800377a   0x0800377a   0x00000002   PAD
    0x0800377c   0x0800377c   0x000000dc   Code   RO         4438    i.pvPortMalloc      heap_4.o
    0x08003858   0x08003858   0x0000002c   Code   RO         4506    i.pxPortInitialiseStack  port.o
    0x08003884   0x08003884   0x00000026   Code   RO         3387    i.uxListRemove      list.o
    0x080038aa   0x080038aa   0x00000002   PAD
    0x080038ac   0x080038ac   0x00000014   Code   RO          269    i.vApplicationGetIdleTaskMemory  freertos.o
    0x080038c0   0x080038c0   0x00000016   Code   RO         3388    i.vListInitialise   list.o
    0x080038d6   0x080038d6   0x00000006   Code   RO         3389    i.vListInitialiseItem  list.o
    0x080038dc   0x080038dc   0x00000030   Code   RO         3390    i.vListInsert       list.o
    0x0800390c   0x0800390c   0x00000018   Code   RO         3391    i.vListInsertEnd    list.o
    0x08003924   0x08003924   0x00000040   Code   RO         4508    i.vPortEnterCritical  port.o
    0x08003964   0x08003964   0x00000028   Code   RO         4509    i.vPortExitCritical  port.o
    0x0800398c   0x0800398c   0x00000064   Code   RO         4439    i.vPortFree         heap_4.o
    0x080039f0   0x080039f0   0x00000024   Code   RO         4510    i.vPortSetupTimerInterrupt  port.o
    0x08003a14   0x08003a14   0x0000004c   Code   RO         3765    i.vTaskDelay        tasks.o
    0x08003a60   0x08003a60   0x00000010   Code   RO         3768    i.vTaskInternalSetTimeOutState  tasks.o
    0x08003a70   0x08003a70   0x0000000c   Code   RO         3769    i.vTaskMissedYield  tasks.o
    0x08003a7c   0x08003a7c   0x00000030   Code   RO         3771    i.vTaskPlaceOnEventList  tasks.o
    0x08003aac   0x08003aac   0x0000006c   Code   RO         3778    i.vTaskStartScheduler  tasks.o
    0x08003b18   0x08003b18   0x00000010   Code   RO         3780    i.vTaskSuspendAll   tasks.o
    0x08003b28   0x08003b28   0x0000005c   Code   RO         3781    i.vTaskSwitchContext  tasks.o
    0x08003b84   0x08003b84   0x000000f4   Code   RO         4512    i.xPortStartScheduler  port.o
    0x08003c78   0x08003c78   0x00000016   Code   RO         3439    i.xQueueCreateMutex  queue.o
    0x08003c8e   0x08003c8e   0x0000001a   Code   RO         3440    i.xQueueCreateMutexStatic  queue.o
    0x08003ca8   0x08003ca8   0x00000042   Code   RO         3441    i.xQueueGenericCreate  queue.o
    0x08003cea   0x08003cea   0x00000066   Code   RO         3442    i.xQueueGenericCreateStatic  queue.o
    0x08003d50   0x08003d50   0x00000088   Code   RO         3443    i.xQueueGenericReset  queue.o
    0x08003dd8   0x08003dd8   0x00000160   Code   RO         3444    i.xQueueGenericSend  queue.o
    0x08003f38   0x08003f38   0x00000074   Code   RO         3783    i.xTaskCheckForTimeOut  tasks.o
    0x08003fac   0x08003fac   0x0000005a   Code   RO         3784    i.xTaskCreate       tasks.o
    0x08004006   0x08004006   0x00000056   Code   RO         3785    i.xTaskCreateStatic  tasks.o
    0x0800405c   0x0800405c   0x0000001c   Code   RO         3789    i.xTaskGetSchedulerState  tasks.o
    0x08004078   0x08004078   0x000000cc   Code   RO         3792    i.xTaskIncrementTick  tasks.o
    0x08004144   0x08004144   0x00000098   Code   RO         3795    i.xTaskPriorityDisinherit  tasks.o
    0x080041dc   0x080041dc   0x00000074   Code   RO         3797    i.xTaskRemoveFromEventList  tasks.o
    0x08004250   0x08004250   0x000000c4   Code   RO         3798    i.xTaskResumeAll    tasks.o
    0x08004314   0x08004314   0x0000002c   Code   RO         4787    locale$$code        c_w.l(lc_ctype_c.o)
    0x08004340   0x08004340   0x0000000a   Code   RO         4877    x$fpl$fpinit        fz_wm.l(fpinit.o)
    0x0800434a   0x0800434a   0x00000002   PAD
    0x0800434c   0x0800434c   0x00000038   Data   RO           26    .constdata          main.o
    0x08004384   0x08004384   0x00000068   Data   RO          600    .constdata          taskprocessfirmware.o
    0x080043ec   0x080043ec   0x00000010   Data   RO         3250    .constdata          system_stm32f4xx.o
    0x080043fc   0x080043fc   0x00000008   Data   RO         3251    .constdata          system_stm32f4xx.o
    0x08004404   0x08004404   0x00000018   Data   RO           27    .conststring        main.o
    0x0800441c   0x0800441c   0x00000020   Data   RO         4946    Region$$Table       anon$$obj.o
    0x0800443c   0x0800443c   0x00000110   Data   RO         4786    locale$$data        c_w.l(lc_ctype_c.o)


    Execution Region RW_IRAM1 (Exec base: 0x20000000, Load base: 0x0800454c, Size: 0x000063d0, Max: 0x0001c000, ABSOLUTE)

    Exec Addr    Load Addr    Size         Type   Attr      Idx    E Section Name        Object

    0x20000000   0x0800454c   0x00000034   Data   RW           28    .data               main.o
    0x20000034   0x08004580   0x00000010   Data   RW          601    .data               taskprocessfirmware.o
    0x20000044   0x08004590   0x0000000c   Data   RW         1687    .data               stm32f4xx_hal.o
    0x20000050   0x0800459c   0x00000004   Data   RW         3252    .data               system_stm32f4xx.o
    0x20000054   0x080045a0   0x0000003c   Data   RW         3801    .data               tasks.o
    0x20000090   0x080045dc   0x00000020   Data   RW         4445    .data               heap_4.o
    0x200000b0   0x080045fc   0x0000000c   Data   RW         4513    .data               port.o
    0x200000bc   0x08004608   0x00000004   Data   RW         4673    .data               c_w.l(strtok.o)
    0x200000c0        -       0x00000848   Zero   RW           25    .bss                main.o
    0x20000908        -       0x00000254   Zero   RW          270    .bss                freertos.o
    0x20000b5c        -       0x00000048   Zero   RW          436    .bss                stm32f4xx_hal_timebase_tim.o
    0x20000ba4        -       0x00000088   Zero   RW          549    .bss                uart.o
    0x20000c2c        -       0x0000142d   Zero   RW          599    .bss                taskprocessfirmware.o
    0x20002059   0x0800460c   0x00000003   PAD
    0x2000205c        -       0x00000020   Zero   RW          959    .bss                stm32f4xx_hal_flash.o
    0x2000207c        -       0x000000f0   Zero   RW         3800    .bss                tasks.o
    0x2000216c        -       0x00003c00   Zero   RW         4444    .bss                heap_4.o
    0x20005d6c        -       0x00000060   Zero   RW         4748    .bss                c_w.l(libspace.o)
    0x20005dcc   0x0800460c   0x00000004   PAD
    0x20005dd0        -       0x00000200   Zero   RW            2    HEAP                startup_stm32f407xx.o
    0x20005fd0        -       0x00000400   Zero   RW            1    STACK               startup_stm32f407xx.o


    Execution Region RW_IRAM2 (Exec base: 0x2001c000, Load base: 0x0800460c, Size: 0x00000000, Max: 0x00004000, ABSOLUTE)

    **** No section assigned to this execution region ****


==============================================================================

Image component sizes


      Code (inc. data)   RO Data    RW Data    ZI Data      Debug   Object Name

       136          0          0          0          0      23977   cmsis_os.o
         0          0          0          0          0      20028   event_groups.o
        20          4          0          0        596       1256   freertos.o
       472         24          0         32      15360       7459   heap_4.o
       138          0          0          0          0       3586   list.o
      1622        536         80         52       2120     739633   main.o
       702         72          0         12          0      11056   port.o
       962         10          0          0          0      14125   queue.o
        64         26        392          0       1536        848   startup_stm32f407xx.o
        80         14          0         12          0       8114   stm32f4xx_hal.o
       158         14          0          0          0      33190   stm32f4xx_hal_cortex.o
       182          0          0          0          0       2115   stm32f4xx_hal_dma.o
       520         66          0          0         32       6654   stm32f4xx_hal_flash.o
       356         24          0          0          0       4030   stm32f4xx_hal_flash_ex.o
       496         46          0          0          0       1548   stm32f4xx_hal_gpio.o
       312         30          0          0          0       2400   stm32f4xx_hal_msp.o
      1412         86          0          0          0       5941   stm32f4xx_hal_rcc.o
      1148         72          0          0          0      10865   stm32f4xx_hal_tim.o
       148         28          0          0          0       2481   stm32f4xx_hal_tim_ex.o
       152         20          0          0         72       1499   stm32f4xx_hal_timebase_tim.o
      1670         16          0          0          0      10918   stm32f4xx_hal_uart.o
        60         24          0          0          0       4709   stm32f4xx_it.o
         0          0          0          0          0        400   stream_buffer.o
        16          4         24          4          0       1147   system_stm32f4xx.o
       752        428          0          0          0       4608   task_lte.o
       836         42        104         16       5165      12642   taskprocessfirmware.o
      2008        150          0         60        240      25254   tasks.o
       112         16          0          0        136       1340   uart.o

    ----------------------------------------------------------------------
     14562       1752        632        188      25260     961823   Object Totals
         0          0         32          0          0          0   (incl. Generated)
        28          0          0          0          3          0   (incl. Padding)

    ----------------------------------------------------------------------

      Code (inc. data)   RO Data    RW Data    ZI Data      Debug   Library Member Name

         8          0          0          0          0         68   __main.o
       104          0          0          0          0         84   __printf.o
         0          0          0          0          0          0   __rtentry.o
        12          0          0          0          0          0   __rtentry2.o
         6          0          0          0          0          0   __rtentry4.o
        52          8          0          0          0          0   __scatter.o
        26          0          0          0          0          0   __scatter_copy.o
        28          0          0          0          0          0   __scatter_zi.o
        28          0          0          0          0         68   _chval.o
        48          6          0          0          0         96   _printf_char_common.o
         6          0          0          0          0          0   _printf_d.o
       120         16          0          0          0         92   _printf_dec.o
       178          0          0          0          0         88   _printf_intcommon.o
         0          0          0          0          0          0   _printf_percent.o
         4          0          0          0          0          0   _printf_percent_end.o
        10          0          0          0          0         68   _sputc.o
       158          0          0          0          0         92   _strtoul.o
        18          0          0          0          0         80   exit.o
        78          0          0          0          0         80   h1_free.o
         6          0          0          0          0        152   heapauxi.o
         0          0          0          0          0          0   indicate_semi.o
        44         10        272          0          0         76   lc_ctype_c.o
         2          0          0          0          0          0   libinit.o
        24          0          0          0          0          0   libinit2.o
         2          0          0          0          0          0   libshutdown.o
         2          0          0          0          0          0   libshutdown2.o
         8          4          0          0         96         68   libspace.o
       238          0          0          0          0        100   lludivv7m.o
        40          6          0          0          0         84   noretval__2sprintf.o
        16          4          0          0          0         76   rt_ctype_table.o
         8          4          0          0          0         68   rt_errno_addr_intlibspace.o
         8          4          0          0          0         68   rt_heap_descriptor_intlibspace.o
         8          4          0          0          0         68   rt_locale_intlibspace.o
        78          0          0          0          0         80   rt_memclr_w.o
       138          0          0          0          0         68   rt_memcpy_v6.o
       100          0          0          0          0         80   rt_memcpy_w.o
         2          0          0          0          0          0   rtexit.o
        10          0          0          0          0          0   rtexit2.o
       128          0          0          0          0         68   strcmpv7m.o
        72          0          0          0          0         80   strcpy.o
        32          0          0          0          0         80   strcspn.o
        62          0          0          0          0         76   strlen.o
        28          0          0          0          0         80   strspn.o
        36          0          0          0          0         80   strstr.o
        12          6          0          4          0         68   strtok.o
        68          4          0          0          0         84   strtok_int.o
       112          0          0          0          0         88   strtol.o
        12          4          0          0          0         68   sys_exit.o
        74          0          0          0          0         80   sys_stackheap_outer.o
         2          0          0          0          0         68   use_no_semi.o
        10          0          0          0          0        116   fpinit.o

    ----------------------------------------------------------------------
      2274         80        272          4        100       2840   Library Totals
         8          0          0          0          4          0   (incl. Padding)

    ----------------------------------------------------------------------

      Code (inc. data)   RO Data    RW Data    ZI Data      Debug   Library Name

      2256         80        272          4         96       2724   c_w.l
        10          0          0          0          0        116   fz_wm.l

    ----------------------------------------------------------------------
      2274         80        272          4        100       2840   Library Totals

    ----------------------------------------------------------------------

==============================================================================


      Code (inc. data)   RO Data    RW Data    ZI Data      Debug   

     16836       1832        904        192      25360     947703   Grand Totals
     16836       1832        904        192      25360     947703   ELF Image Totals
     16836       1832        904        192          0          0   ROM Totals

==============================================================================

    Total RO  Size (Code + RO Data)                17740 (  17.32kB)
    Total RW  Size (RW Data + ZI Data)             25552 (  24.95kB)
    Total ROM Size (Code + RO Data + RW Data)      17932 (  17.51kB)

==============================================================================

